Archive member included to satisfy reference by file (symbol)

D:/rj/arm-gnu-toolchain-14.2.rel1-mingw-w64-x86_64-arm-none-eabi/bin/../lib/gcc/arm-none-eabi/14.2.1/thumb/v7e-m+fp/hard\libm.a(libm_a-w_atan2.o)
                              CMakeFiles/F411CEU6_Project.elf.dir/Component/OLED/HAL_OLED.c.obj (atan2)
D:/rj/arm-gnu-toolchain-14.2.rel1-mingw-w64-x86_64-arm-none-eabi/bin/../lib/gcc/arm-none-eabi/14.2.1/thumb/v7e-m+fp/hard\libm.a(libm_a-s_round.o)
                              CMakeFiles/F411CEU6_Project.elf.dir/Component/OLED/HAL_OLED.c.obj (round)
D:/rj/arm-gnu-toolchain-14.2.rel1-mingw-w64-x86_64-arm-none-eabi/bin/../lib/gcc/arm-none-eabi/14.2.1/thumb/v7e-m+fp/hard\libm.a(libm_a-e_atan2.o)
                              D:/rj/arm-gnu-toolchain-14.2.rel1-mingw-w64-x86_64-arm-none-eabi/bin/../lib/gcc/arm-none-eabi/14.2.1/thumb/v7e-m+fp/hard\libm.a(libm_a-w_atan2.o) (__ieee754_atan2)
D:/rj/arm-gnu-toolchain-14.2.rel1-mingw-w64-x86_64-arm-none-eabi/bin/../lib/gcc/arm-none-eabi/14.2.1/thumb/v7e-m+fp/hard\libm.a(libm_a-s_atan.o)
                              D:/rj/arm-gnu-toolchain-14.2.rel1-mingw-w64-x86_64-arm-none-eabi/bin/../lib/gcc/arm-none-eabi/14.2.1/thumb/v7e-m+fp/hard\libm.a(libm_a-e_atan2.o) (atan)
D:/rj/arm-gnu-toolchain-14.2.rel1-mingw-w64-x86_64-arm-none-eabi/bin/../lib/gcc/arm-none-eabi/14.2.1/thumb/v7e-m+fp/hard\libm.a(libm_a-s_fabs.o)
                              D:/rj/arm-gnu-toolchain-14.2.rel1-mingw-w64-x86_64-arm-none-eabi/bin/../lib/gcc/arm-none-eabi/14.2.1/thumb/v7e-m+fp/hard\libm.a(libm_a-e_atan2.o) (fabs)
D:/rj/arm-gnu-toolchain-14.2.rel1-mingw-w64-x86_64-arm-none-eabi/bin/../lib/gcc/arm-none-eabi/14.2.1/thumb/v7e-m+fp/hard\libgcc.a(_arm_muldf3.o)
                              CMakeFiles/F411CEU6_Project.elf.dir/Component/OLED/HAL_OLED.c.obj (__aeabi_dmul)
D:/rj/arm-gnu-toolchain-14.2.rel1-mingw-w64-x86_64-arm-none-eabi/bin/../lib/gcc/arm-none-eabi/14.2.1/thumb/v7e-m+fp/hard\libgcc.a(_arm_addsubdf3.o)
                              CMakeFiles/F411CEU6_Project.elf.dir/Component/OLED/HAL_OLED.c.obj (__aeabi_dsub)
D:/rj/arm-gnu-toolchain-14.2.rel1-mingw-w64-x86_64-arm-none-eabi/bin/../lib/gcc/arm-none-eabi/14.2.1/thumb/v7e-m+fp/hard\libgcc.a(_arm_muldivdf3.o)
                              CMakeFiles/F411CEU6_Project.elf.dir/Component/OLED/HAL_OLED.c.obj (__aeabi_ddiv)
D:/rj/arm-gnu-toolchain-14.2.rel1-mingw-w64-x86_64-arm-none-eabi/bin/../lib/gcc/arm-none-eabi/14.2.1/thumb/v7e-m+fp/hard\libgcc.a(_arm_cmpdf2.o)
                              CMakeFiles/F411CEU6_Project.elf.dir/Component/OLED/HAL_OLED.c.obj (__aeabi_dcmplt)
D:/rj/arm-gnu-toolchain-14.2.rel1-mingw-w64-x86_64-arm-none-eabi/bin/../lib/gcc/arm-none-eabi/14.2.1/thumb/v7e-m+fp/hard\libgcc.a(_arm_fixdfsi.o)
                              CMakeFiles/F411CEU6_Project.elf.dir/Component/OLED/HAL_OLED.c.obj (__aeabi_d2iz)
D:/rj/arm-gnu-toolchain-14.2.rel1-mingw-w64-x86_64-arm-none-eabi/bin/../lib/gcc/arm-none-eabi/14.2.1/thumb/v7e-m+fp/hard\libgcc.a(_arm_fixunsdfsi.o)
                              CMakeFiles/F411CEU6_Project.elf.dir/Component/OLED/HAL_OLED.c.obj (__aeabi_d2uiz)
D:/rj/arm-gnu-toolchain-14.2.rel1-mingw-w64-x86_64-arm-none-eabi/bin/../lib/gcc/arm-none-eabi/14.2.1/thumb/v7e-m+fp/hard\libgcc.a(_arm_truncdfsf2.o)
                              CMakeFiles/F411CEU6_Project.elf.dir/Component/OLED/HAL_OLED.c.obj (__aeabi_d2f)
D:/rj/arm-gnu-toolchain-14.2.rel1-mingw-w64-x86_64-arm-none-eabi/bin/../lib/gcc/arm-none-eabi/14.2.1/thumb/v7e-m+fp/hard\libgcc.a(_aeabi_uldivmod.o)
                              CMakeFiles/F411CEU6_Project.elf.dir/Drivers/STM32F4xx_HAL_Driver/Src/stm32f4xx_hal_rcc.c.obj (__aeabi_uldivmod)
D:/rj/arm-gnu-toolchain-14.2.rel1-mingw-w64-x86_64-arm-none-eabi/bin/../lib/gcc/arm-none-eabi/14.2.1/thumb/v7e-m+fp/hard\libgcc.a(_udivmoddi4.o)
                              D:/rj/arm-gnu-toolchain-14.2.rel1-mingw-w64-x86_64-arm-none-eabi/bin/../lib/gcc/arm-none-eabi/14.2.1/thumb/v7e-m+fp/hard\libgcc.a(_aeabi_uldivmod.o) (__udivmoddi4)
D:/rj/arm-gnu-toolchain-14.2.rel1-mingw-w64-x86_64-arm-none-eabi/bin/../lib/gcc/arm-none-eabi/14.2.1/thumb/v7e-m+fp/hard\libgcc.a(unwind-arm.o)
                              CMakeFiles/F411CEU6_Project.elf.dir/Component/UserApp/main.cpp.obj (__aeabi_unwind_cpp_pr0)
D:/rj/arm-gnu-toolchain-14.2.rel1-mingw-w64-x86_64-arm-none-eabi/bin/../lib/gcc/arm-none-eabi/14.2.1/thumb/v7e-m+fp/hard\libgcc.a(libunwind.o)
                              D:/rj/arm-gnu-toolchain-14.2.rel1-mingw-w64-x86_64-arm-none-eabi/bin/../lib/gcc/arm-none-eabi/14.2.1/thumb/v7e-m+fp/hard\libgcc.a(unwind-arm.o) (restore_core_regs)
D:/rj/arm-gnu-toolchain-14.2.rel1-mingw-w64-x86_64-arm-none-eabi/bin/../lib/gcc/arm-none-eabi/14.2.1/thumb/v7e-m+fp/hard\libgcc.a(pr-support.o)
                              D:/rj/arm-gnu-toolchain-14.2.rel1-mingw-w64-x86_64-arm-none-eabi/bin/../lib/gcc/arm-none-eabi/14.2.1/thumb/v7e-m+fp/hard\libgcc.a(unwind-arm.o) (__gnu_unwind_execute)
[...]
Memory Configuration

Name             Origin             Length             Attributes
RAM              0x20000000         0x00020000         xrw
FLASH            0x08000000         0x00080000         xr
*default*        0x00000000         0xffffffff

Linker script and memory map

LOAD D:/rj/arm-gnu-toolchain-14.2.rel1-mingw-w64-x86_64-arm-none-eabi/bin/../lib/gcc/arm-none-eabi/14.2.1/thumb/v7e-m+fp/hard/crti.o
LOAD D:/rj/arm-gnu-toolchain-14.2.rel1-mingw-w64-x86_64-arm-none-eabi/bin/../lib/gcc/arm-none-eabi/14.2.1/thumb/v7e-m+fp/hard/crtbegin.o
LOAD D:/rj/arm-gnu-toolchain-14.2.rel1-mingw-w64-x86_64-arm-none-eabi/bin/../lib/gcc/arm-none-eabi/14.2.1/thumb/v7e-m+fp/hard/crt0.o
LOAD CMakeFiles/F411CEU6_Project.elf.dir/Component/OLED/HAL_OLED.c.obj
LOAD CMakeFiles/F411CEU6_Project.elf.dir/Component/OLED/OLED_Data.c.obj
LOAD CMakeFiles/F411CEU6_Project.elf.dir/Component/UserApp/main.cpp.obj
LOAD CMakeFiles/F411CEU6_Project.elf.dir/Core/Src/freertos.c.obj
LOAD CMakeFiles/F411CEU6_Project.elf.dir/Core/Src/gpio.c.obj
LOAD CMakeFiles/F411CEU6_Project.elf.dir/Core/Src/main.c.obj
LOAD CMakeFiles/F411CEU6_Project.elf.dir/Core/Src/stm32f4xx_hal_msp.c.obj
LOAD CMakeFiles/F411CEU6_Project.elf.dir/Core/Src/stm32f4xx_hal_timebase_tim.c.obj
LOAD CMakeFiles/F411CEU6_Project.elf.dir/Core/Src/stm32f4xx_it.c.obj
LOAD CMakeFiles/F411CEU6_Project.elf.dir/Core/Src/syscalls.c.obj
LOAD CMakeFiles/F411CEU6_Project.elf.dir/Core/Src/sysmem.c.obj
LOAD CMakeFiles/F411CEU6_Project.elf.dir/Core/Src/system_stm32f4xx.c.obj
LOAD CMakeFiles/F411CEU6_Project.elf.dir/Core/Src/usart.c.obj
LOAD CMakeFiles/F411CEU6_Project.elf.dir/Core/Startup/startup_stm32f411ceux.s.obj
LOAD CMakeFiles/F411CEU6_Project.elf.dir/Drivers/STM32F4xx_HAL_Driver/Src/stm32f4xx_hal.c.obj
LOAD CMakeFiles/F411CEU6_Project.elf.dir/Drivers/STM32F4xx_HAL_Driver/Src/stm32f4xx_hal_cortex.c.obj
LOAD CMakeFiles/F411CEU6_Project.elf.dir/Drivers/STM32F4xx_HAL_Driver/Src/stm32f4xx_hal_dma.c.obj
LOAD CMakeFiles/F411CEU6_Project.elf.dir/Drivers/STM32F4xx_HAL_Driver/Src/stm32f4xx_hal_dma_ex.c.obj
LOAD CMakeFiles/F411CEU6_Project.elf.dir/Drivers/STM32F4xx_HAL_Driver/Src/stm32f4xx_hal_exti.c.obj
LOAD CMakeFiles/F411CEU6_Project.elf.dir/Drivers/STM32F4xx_HAL_Driver/Src/stm32f4xx_hal_flash.c.obj
LOAD CMakeFiles/F411CEU6_Project.elf.dir/Drivers/STM32F4xx_HAL_Driver/Src/stm32f4xx_hal_flash_ex.c.obj
LOAD CMakeFiles/F411CEU6_Project.elf.dir/Drivers/STM32F4xx_HAL_Driver/Src/stm32f4xx_hal_flash_ramfunc.c.obj
LOAD CMakeFiles/F411CEU6_Project.elf.dir/Drivers/STM32F4xx_HAL_Driver/Src/stm32f4xx_hal_gpio.c.obj
LOAD CMakeFiles/F411CEU6_Project.elf.dir/Drivers/STM32F4xx_HAL_Driver/Src/stm32f4xx_hal_pwr.c.obj
LOAD CMakeFiles/F411CEU6_Project.elf.dir/Drivers/STM32F4xx_HAL_Driver/Src/stm32f4xx_hal_pwr_ex.c.obj
LOAD CMakeFiles/F411CEU6_Project.elf.dir/Drivers/STM32F4xx_HAL_Driver/Src/stm32f4xx_hal_rcc.c.obj
LOAD CMakeFiles/F411CEU6_Project.elf.dir/Drivers/STM32F4xx_HAL_Driver/Src/stm32f4xx_hal_rcc_ex.c.obj
LOAD CMakeFiles/F411CEU6_Project.elf.dir/Drivers/STM32F4xx_HAL_Driver/Src/stm32f4xx_hal_tim.c.obj
LOAD CMakeFiles/F411CEU6_Project.elf.dir/Drivers/STM32F4xx_HAL_Driver/Src/stm32f4xx_hal_tim_ex.c.obj
LOAD CMakeFiles/F411CEU6_Project.elf.dir/Drivers/STM32F4xx_HAL_Driver/Src/stm32f4xx_hal_uart.c.obj
LOAD CMakeFiles/F411CEU6_Project.elf.dir/Middlewares/Third_Party/FreeRTOS/Source/CMSIS_RTOS_V2/cmsis_os2.c.obj
LOAD CMakeFiles/F411CEU6_Project.elf.dir/Middlewares/Third_Party/FreeRTOS/Source/croutine.c.obj
LOAD CMakeFiles/F411CEU6_Project.elf.dir/Middlewares/Third_Party/FreeRTOS/Source/event_groups.c.obj
LOAD CMakeFiles/F411CEU6_Project.elf.dir/Middlewares/Third_Party/FreeRTOS/Source/list.c.obj
LOAD CMakeFiles/F411CEU6_Project.elf.dir/Middlewares/Third_Party/FreeRTOS/Source/portable/GCC/ARM_CM4F/port.c.obj
LOAD CMakeFiles/F411CEU6_Project.elf.dir/Middlewares/Third_Party/FreeRTOS/Source/portable/MemMang/heap_4.c.obj
LOAD CMakeFiles/F411CEU6_Project.elf.dir/Middlewares/Third_Party/FreeRTOS/Source/queue.c.obj
LOAD CMakeFiles/F411CEU6_Project.elf.dir/Middlewares/Third_Party/FreeRTOS/Source/stream_buffer.c.obj
LOAD CMakeFiles/F411CEU6_Project.elf.dir/Middlewares/Third_Party/FreeRTOS/Source/tasks.c.obj
LOAD CMakeFiles/F411CEU6_Project.elf.dir/Middlewares/Third_Party/FreeRTOS/Source/timers.c.obj
LOAD D:/rj/arm-gnu-toolchain-14.2.rel1-mingw-w64-x86_64-arm-none-eabi/bin/../lib/gcc/arm-none-eabi/14.2.1/thumb/v7e-m+fp/hard\libstdc++.a
LOAD D:/rj/arm-gnu-toolchain-14.2.rel1-mingw-w64-x86_64-arm-none-eabi/bin/../lib/gcc/arm-none-eabi/14.2.1/thumb/v7e-m+fp/hard\libm.a
START GROUP
LOAD D:/rj/arm-gnu-toolchain-14.2.rel1-mingw-w64-x86_64-arm-none-eabi/bin/../lib/gcc/arm-none-eabi/14.2.1/thumb/v7e-m+fp/hard\libgcc.a
LOAD D:/rj/arm-gnu-toolchain-14.2.rel1-mingw-w64-x86_64-arm-none-eabi/bin/../lib/gcc/arm-none-eabi/14.2.1/thumb/v7e-m+fp/hard\libg.a
LOAD D:/rj/arm-gnu-toolchain-14.2.rel1-mingw-w64-x86_64-arm-none-eabi/bin/../lib/gcc/arm-none-eabi/14.2.1/thumb/v7e-m+fp/hard\libc.a
END GROUP
LOAD D:/rj/arm-gnu-toolchain-14.2.rel1-mingw-w64-x86_64-arm-none-eabi/bin/../lib/gcc/arm-none-eabi/14.2.1/thumb/v7e-m+fp/hard/crtend.o
LOAD D:/rj/arm-gnu-toolchain-14.2.rel1-mingw-w64-x86_64-arm-none-eabi/bin/../lib/gcc/arm-none-eabi/14.2.1/thumb/v7e-m+fp/hard/crtn.o
                0x20020000                        _estack = (ORIGIN (RAM) + LENGTH (RAM))
                0x00000200                        _Min_Heap_Size = 0x200
                0x00000400                        _Min_Stack_Size = 0x400

.isr_vector     0x08000000      0x198
                0x08000000                        . = ALIGN (0x4)
 *(.isr_vector)
 .isr_vector    0x08000000      0x198 CMakeFiles/F411CEU6_Project.elf.dir/Core/Startup/startup_stm32f411ceux.s.obj
                0x08000000                g_pfnVectors
                0x08000198                        . = ALIGN (0x4)

.text           0x080001c0     0xbe6c
                0x080001c0                        . = ALIGN (0x4)
 *(.text)
 .text          0x080001c0      0x378 D:/rj/arm-gnu-toolchain-14.2.rel1-mingw-w64-x86_64-arm-none-eabi/bin/../lib/gcc/arm-none-eabi/14.2.1/thumb/v7e-m+fp/hard\libgcc.a(_arm_addsubdf3.o)
                0x080001c0                __aeabi_drsub
                0x080001c8                __aeabi_dsub
                0x080001c8                __subdf3
                0x080001cc                __aeabi_dadd
                0x080001cc                __adddf3
                0x08000444                __floatunsidf
                0x08000444                __aeabi_ui2d
                0x08000464                __floatsidf
                0x08000464                __aeabi_i2d
                0x08000488                __aeabi_f2d
                0x08000488                __extendsfdf2
                0x080004cc                __floatundidf
                0x080004cc                __aeabi_ul2d
                0x080004dc                __floatdidf
                0x080004dc                __aeabi_l2d
 .text          0x08000538      0x424 D:/rj/arm-gnu-toolchain-14.2.rel1-mingw-w64-x86_64-arm-none-eabi/bin/../lib/gcc/arm-none-eabi/14.2.1/thumb/v7e-m+fp/hard\libgcc.a(_arm_muldivdf3.o)
                0x08000538                __aeabi_dmul
                0x08000538                __muldf3
                0x0800078c                __divdf3
                0x0800078c                __aeabi_ddiv
 .text          0x0800095c      0x110 D:/rj/arm-gnu-toolchain-14.2.rel1-mingw-w64-x86_64-arm-none-eabi/bin/../lib/gcc/arm-none-eabi/14.2.1/thumb/v7e-m+fp/hard\libgcc.a(_arm_cmpdf2.o)
                0x0800095c                __gtdf2
                0x0800095c                __gedf2
                0x08000964                __ltdf2
                0x08000964                __ledf2
                0x0800096c                __nedf2
                0x0800096c                __eqdf2
                0x0800096c                __cmpdf2
                0x080009e8                __aeabi_cdrcmple
                0x080009f8                __aeabi_cdcmpeq
                0x080009f8                __aeabi_cdcmple
                0x08000a08                __aeabi_dcmpeq
                0x08000a1c                __aeabi_dcmplt
                0x08000a30                __aeabi_dcmple
                0x08000a44                __aeabi_dcmpge
                0x08000a58                __aeabi_dcmpgt
 .text          0x08000a6c       0x50 D:/rj/arm-gnu-toolchain-14.2.rel1-mingw-w64-x86_64-arm-none-eabi/bin/../lib/gcc/arm-none-eabi/14.2.1/thumb/v7e-m+fp/hard\libgcc.a(_arm_fixdfsi.o)
                0x08000a6c                __aeabi_d2iz
                0x08000a6c                __fixdfsi
 .text          0x08000abc       0x30 D:/rj/arm-gnu-toolchain-14.2.rel1-mingw-w64-x86_64-arm-none-eabi/bin/../lib/gcc/arm-none-eabi/14.2.1/thumb/v7e-m+fp/hard\libgcc.a(_aeabi_uldivmod.o)
                0x08000abc                __aeabi_uldivmod
 .text          0x08000aec      0x1ac D:/rj/arm-gnu-toolchain-14.2.rel1-mingw-w64-x86_64-arm-none-eabi/bin/../lib/gcc/arm-none-eabi/14.2.1/thumb/v7e-m+fp/hard\libgcc.a(libunwind.o)
                0x08000aec                __restore_core_regs
                0x08000aec                restore_core_regs
                0x08000b04                __gnu_Unwind_Restore_VFP
                0x08000b0c                __gnu_Unwind_Save_VFP
                0x08000b14                __gnu_Unwind_Restore_VFP_D
                0x08000b1c                __gnu_Unwind_Save_VFP_D
                0x08000b24                __gnu_Unwind_Restore_VFP_D_16_to_31
                0x08000b2c                __gnu_Unwind_Save_VFP_D_16_to_31
                0x08000b34                __gnu_Unwind_Restore_WMMXD
                0x08000b78                __gnu_Unwind_Save_WMMXD
                0x08000bbc                __gnu_Unwind_Restore_WMMXC
                0x08000bd0                __gnu_Unwind_Save_WMMXC
                0x08000be4                ___Unwind_RaiseException
                0x08000be4                _Unwind_RaiseException
                0x08000c08                _Unwind_Resume
                0x08000c08                ___Unwind_Resume
                0x08000c2c                _Unwind_Resume_or_Rethrow
                0x08000c2c                ___Unwind_Resume_or_Rethrow
                0x08000c50                _Unwind_ForcedUnwind
                0x08000c50                ___Unwind_ForcedUnwind
                0x08000c74                ___Unwind_Backtrace
                0x08000c74                _Unwind_Backtrace
 .text          0x08000c98        0x4 D:/rj/arm-gnu-toolchain-14.2.rel1-mingw-w64-x86_64-arm-none-eabi/bin/../lib/gcc/arm-none-eabi/14.2.1/thumb/v7e-m+fp/hard\libgcc.a(_dvmd_tls.o)
                0x08000c98                __aeabi_idiv0
                0x08000c98                __aeabi_ldiv0
 .text          0x08000c9c      0x134 D:/rj/arm-gnu-toolchain-14.2.rel1-mingw-w64-x86_64-arm-none-eabi/bin/../lib/gcc/arm-none-eabi/14.2.1/thumb/v7e-m+fp/hard\libg.a(libc_a-memcpy.o)
                0x08000c9c                memcpy
 *fill*         0x08000dd0       0x30 
 .text          0x08000e00       0xd8 D:/rj/arm-gnu-toolchain-14.2.rel1-mingw-w64-x86_64-arm-none-eabi/bin/../lib/gcc/arm-none-eabi/14.2.1/thumb/v7e-m+fp/hard\libg.a(libc_a-strlen.o)
                0x08000e00                strlen
 *fill*         0x08000ed8        0x8 
 .text          0x08000ee0       0xa0 D:/rj/arm-gnu-toolchain-14.2.rel1-mingw-w64-x86_64-arm-none-eabi/bin/../lib/gcc/arm-none-eabi/14.2.1/thumb/v7e-m+fp/hard\libg.a(libc_a-memchr.o)
                0x08000ee0                memchr
 .text          0x08000f80       0x2c D:/rj/arm-gnu-toolchain-14.2.rel1-mingw-w64-x86_64-arm-none-eabi/bin/../lib/gcc/arm-none-eabi/14.2.1/thumb/v7e-m+fp/hard\libgcc.a(_arm_unorddf2.o)
                0x08000f80                __unorddf2
                0x08000f80                __aeabi_dcmpun
 *(.text*)
 .text.deregister_tm_clones
                0x08000fac       0x1c D:/rj/arm-gnu-toolchain-14.2.rel1-mingw-w64-x86_64-arm-none-eabi/bin/../lib/gcc/arm-none-eabi/14.2.1/thumb/v7e-m+fp/hard/crtbegin.o
 .text.register_tm_clones
                0x08000fc8       0x24 D:/rj/arm-gnu-toolchain-14.2.rel1-mingw-w64-x86_64-arm-none-eabi/bin/../lib/gcc/arm-none-eabi/14.2.1/thumb/v7e-m+fp/hard/crtbegin.o
 .text.__do_global_dtors_aux
                0x08000fec       0x28 D:/rj/arm-gnu-toolchain-14.2.rel1-mingw-w64-x86_64-arm-none-eabi/bin/../lib/gcc/arm-none-eabi/14.2.1/thumb/v7e-m+fp/hard/crtbegin.o
 .text.frame_dummy
                0x08001014       0x24 D:/rj/arm-gnu-toolchain-14.2.rel1-mingw-w64-x86_64-arm-none-eabi/bin/../lib/gcc/arm-none-eabi/14.2.1/thumb/v7e-m+fp/hard/crtbegin.o
 .text._Z12LEDBlinkFuncv
                0x08001038       0x18 CMakeFiles/F411CEU6_Project.elf.dir/Component/UserApp/main.cpp.obj
                0x08001038                LEDBlinkFunc()
 .text.CPP_Main
                0x08001050       0x44 CMakeFiles/F411CEU6_Project.elf.dir/Component/UserApp/main.cpp.obj
                0x08001050                CPP_Main
 .text.StartDefaultTask
                0x08001094       0x10 CMakeFiles/F411CEU6_Project.elf.dir/Core/Src/freertos.c.obj
                0x08001094                StartDefaultTask
 .text.vApplicationIdleHook
                0x080010a4        0x2 CMakeFiles/F411CEU6_Project.elf.dir/Core/Src/freertos.c.obj
                0x080010a4                vApplicationIdleHook
 *fill*         0x080010a6        0x2 
 .text.MX_FREERTOS_Init
                0x080010a8       0x20 CMakeFiles/F411CEU6_Project.elf.dir/Core/Src/freertos.c.obj
                0x080010a8                MX_FREERTOS_Init
 .text.MX_GPIO_Init
                0x080010c8       0xc0 CMakeFiles/F411CEU6_Project.elf.dir/Core/Src/gpio.c.obj
                0x080010c8                MX_GPIO_Init
 .text.HAL_TIM_PeriodElapsedCallback
                0x08001188       0x18 CMakeFiles/F411CEU6_Project.elf.dir/Core/Src/main.c.obj
                0x08001188                HAL_TIM_PeriodElapsedCallback
 .text.Error_Handler
                0x080011a0        0x4 CMakeFiles/F411CEU6_Project.elf.dir/Core/Src/main.c.obj
                0x080011a0                Error_Handler
 .text.SystemClock_Config
                0x080011a4       0xa0 CMakeFiles/F411CEU6_Project.elf.dir/Core/Src/main.c.obj
                0x080011a4                SystemClock_Config
 .text.main     0x08001244       0x20 CMakeFiles/F411CEU6_Project.elf.dir/Core/Src/main.c.obj
                0x08001244                main
 .text.HAL_MspInit
                0x08001264       0x44 CMakeFiles/F411CEU6_Project.elf.dir/Core/Src/stm32f4xx_hal_msp.c.obj
                0x08001264                HAL_MspInit
 .text.HAL_InitTick
                0x080012a8       0xa4 CMakeFiles/F411CEU6_Project.elf.dir/Core/Src/stm32f4xx_hal_timebase_tim.c.obj
                0x080012a8                HAL_InitTick
 .text.NMI_Handler
                0x0800134c        0x2 CMakeFiles/F411CEU6_Project.elf.dir/Core/Src/stm32f4xx_it.c.obj
                0x0800134c                NMI_Handler
 .text.HardFault_Handler
                0x0800134e        0x2 CMakeFiles/F411CEU6_Project.elf.dir/Core/Src/stm32f4xx_it.c.obj
                0x0800134e                HardFault_Handler
 .text.MemManage_Handler
                0x08001350        0x2 CMakeFiles/F411CEU6_Project.elf.dir/Core/Src/stm32f4xx_it.c.obj
                0x08001350                MemManage_Handler
 .text.BusFault_Handler
                0x08001352        0x2 CMakeFiles/F411CEU6_Project.elf.dir/Core/Src/stm32f4xx_it.c.obj
                0x08001352                BusFault_Handler
 .text.UsageFault_Handler
                0x08001354        0x2 CMakeFiles/F411CEU6_Project.elf.dir/Core/Src/stm32f4xx_it.c.obj
                0x08001354                UsageFault_Handler
 .text.DebugMon_Handler
                0x08001356        0x2 CMakeFiles/F411CEU6_Project.elf.dir/Core/Src/stm32f4xx_it.c.obj
                0x08001356                DebugMon_Handler
 .text.TIM4_IRQHandler
                0x08001358       0x10 CMakeFiles/F411CEU6_Project.elf.dir/Core/Src/stm32f4xx_it.c.obj
                0x08001358                TIM4_IRQHandler
 .text._getpid  0x08001368        0x4 CMakeFiles/F411CEU6_Project.elf.dir/Core/Src/syscalls.c.obj
                0x08001368                _getpid
 .text._kill    0x0800136c       0x10 CMakeFiles/F411CEU6_Project.elf.dir/Core/Src/syscalls.c.obj
                0x0800136c                _kill
 .text._exit    0x0800137c        0xc CMakeFiles/F411CEU6_Project.elf.dir/Core/Src/syscalls.c.obj
                0x0800137c                _exit
 .text._read    0x08001388       0x20 CMakeFiles/F411CEU6_Project.elf.dir/Core/Src/syscalls.c.obj
                0x08001388                _read
 .text._write   0x080013a8       0x1c CMakeFiles/F411CEU6_Project.elf.dir/Core/Src/syscalls.c.obj
                0x080013a8                _write
 .text._close   0x080013c4        0x6 CMakeFiles/F411CEU6_Project.elf.dir/Core/Src/syscalls.c.obj
                0x080013c4                _close
 .text._fstat   0x080013ca        0xa CMakeFiles/F411CEU6_Project.elf.dir/Core/Src/syscalls.c.obj
                0x080013ca                _fstat
 .text._isatty  0x080013d4        0x4 CMakeFiles/F411CEU6_Project.elf.dir/Core/Src/syscalls.c.obj
                0x080013d4                _isatty
 .text._lseek   0x080013d8        0x4 CMakeFiles/F411CEU6_Project.elf.dir/Core/Src/syscalls.c.obj
                0x080013d8                _lseek
 .text._sbrk    0x080013dc       0x48 CMakeFiles/F411CEU6_Project.elf.dir/Core/Src/sysmem.c.obj
                0x080013dc                _sbrk
 .text.SystemInit
                0x08001424       0x14 CMakeFiles/F411CEU6_Project.elf.dir/Core/Src/system_stm32f4xx.c.obj
                0x08001424                SystemInit
 .text.MX_USART1_UART_Init
                0x08001438       0x34 CMakeFiles/F411CEU6_Project.elf.dir/Core/Src/usart.c.obj
                0x08001438                MX_USART1_UART_Init
 .text.HAL_UART_MspInit
                0x0800146c       0x74 CMakeFiles/F411CEU6_Project.elf.dir/Core/Src/usart.c.obj
                0x0800146c                HAL_UART_MspInit
 .text.SendDataToUART1
                0x080014e0       0x44 CMakeFiles/F411CEU6_Project.elf.dir/Core/Src/usart.c.obj
                0x080014e0                SendDataToUART1
 .text.Reset_Handler
                0x08001524       0x50 CMakeFiles/F411CEU6_Project.elf.dir/Core/Startup/startup_stm32f411ceux.s.obj
                0x08001524                Reset_Handler
 .text.Default_Handler
                0x08001574        0x2 CMakeFiles/F411CEU6_Project.elf.dir/Core/Startup/startup_stm32f411ceux.s.obj
                0x08001574                RTC_Alarm_IRQHandler
                0x08001574                EXTI2_IRQHandler
                0x08001574                SPI4_IRQHandler
                0x08001574                TIM1_CC_IRQHandler
                0x08001574                DMA2_Stream5_IRQHandler
                0x08001574                DMA1_Stream5_IRQHandler
                0x08001574                PVD_IRQHandler
                0x08001574                SDIO_IRQHandler
                0x08001574                TAMP_STAMP_IRQHandler
                0x08001574                EXTI3_IRQHandler
                0x08001574                TIM1_UP_TIM10_IRQHandler
                0x08001574                I2C3_ER_IRQHandler
                0x08001574                EXTI0_IRQHandler
                0x08001574                I2C2_EV_IRQHandler
                0x08001574                DMA1_Stream2_IRQHandler
                0x08001574                FPU_IRQHandler
                0x08001574                DMA2_Stream2_IRQHandler
                0x08001574                SPI1_IRQHandler
                0x08001574                TIM1_BRK_TIM9_IRQHandler
                0x08001574                DMA2_Stream3_IRQHandler
                0x08001574                USART6_IRQHandler
                0x08001574                DMA2_Stream0_IRQHandler
                0x08001574                I2C1_EV_IRQHandler
                0x08001574                DMA1_Stream6_IRQHandler
                0x08001574                DMA1_Stream1_IRQHandler
                0x08001574                TIM3_IRQHandler
                0x08001574                RCC_IRQHandler
                0x08001574                Default_Handler
                0x08001574                EXTI15_10_IRQHandler
                0x08001574                ADC_IRQHandler
                0x08001574                DMA1_Stream7_IRQHandler
                0x08001574                SPI5_IRQHandler
                0x08001574                TIM5_IRQHandler
                0x08001574                DMA2_Stream7_IRQHandler
                0x08001574                I2C3_EV_IRQHandler
                0x08001574                EXTI9_5_IRQHandler
                0x08001574                RTC_WKUP_IRQHandler
                0x08001574                SPI2_IRQHandler
                0x08001574                DMA1_Stream0_IRQHandler
                0x08001574                EXTI4_IRQHandler
                0x08001574                WWDG_IRQHandler
                0x08001574                TIM2_IRQHandler
                0x08001574                OTG_FS_WKUP_IRQHandler
                0x08001574                TIM1_TRG_COM_TIM11_IRQHandler
                0x08001574                EXTI1_IRQHandler
                0x08001574                USART2_IRQHandler
                0x08001574                I2C2_ER_IRQHandler
                0x08001574                DMA2_Stream1_IRQHandler
                0x08001574                FLASH_IRQHandler
                0x08001574                DMA2_Stream4_IRQHandler
                0x08001574                USART1_IRQHandler
                0x08001574                OTG_FS_IRQHandler
                0x08001574                SPI3_IRQHandler
                0x08001574                DMA1_Stream4_IRQHandler
                0x08001574                I2C1_ER_IRQHandler
                0x08001574                DMA2_Stream6_IRQHandler
                0x08001574                DMA1_Stream3_IRQHandler
 *fill*         0x08001576        0x2 
 .text.HAL_Init
                0x08001578       0x34 CMakeFiles/F411CEU6_Project.elf.dir/Drivers/STM32F4xx_HAL_Driver/Src/stm32f4xx_hal.c.obj
                0x08001578                HAL_Init
 .text.HAL_IncTick
                0x080015ac       0x18 CMakeFiles/F411CEU6_Project.elf.dir/Drivers/STM32F4xx_HAL_Driver/Src/stm32f4xx_hal.c.obj
                0x080015ac                HAL_IncTick
 .text.HAL_GetTick
                0x080015c4        0xc CMakeFiles/F411CEU6_Project.elf.dir/Drivers/STM32F4xx_HAL_Driver/Src/stm32f4xx_hal.c.obj
                0x080015c4                HAL_GetTick
 .text.__NVIC_EnableIRQ
                0x080015d0       0x1c CMakeFiles/F411CEU6_Project.elf.dir/Drivers/STM32F4xx_HAL_Driver/Src/stm32f4xx_hal_cortex.c.obj
 .text.__NVIC_SetPriority
                0x080015ec       0x28 CMakeFiles/F411CEU6_Project.elf.dir/Drivers/STM32F4xx_HAL_Driver/Src/stm32f4xx_hal_cortex.c.obj
 .text.NVIC_EncodePriority
                0x08001614       0x3e CMakeFiles/F411CEU6_Project.elf.dir/Drivers/STM32F4xx_HAL_Driver/Src/stm32f4xx_hal_cortex.c.obj
 *fill*         0x08001652        0x2 
 .text.HAL_NVIC_SetPriorityGrouping
                0x08001654       0x24 CMakeFiles/F411CEU6_Project.elf.dir/Drivers/STM32F4xx_HAL_Driver/Src/stm32f4xx_hal_cortex.c.obj
                0x08001654                HAL_NVIC_SetPriorityGrouping
 .text.HAL_NVIC_SetPriority
                0x08001678       0x20 CMakeFiles/F411CEU6_Project.elf.dir/Drivers/STM32F4xx_HAL_Driver/Src/stm32f4xx_hal_cortex.c.obj
                0x08001678                HAL_NVIC_SetPriority
 .text.HAL_NVIC_EnableIRQ
                0x08001698        0x8 CMakeFiles/F411CEU6_Project.elf.dir/Drivers/STM32F4xx_HAL_Driver/Src/stm32f4xx_hal_cortex.c.obj
                0x08001698                HAL_NVIC_EnableIRQ
 .text.HAL_GPIO_Init
                0x080016a0      0x1c8 CMakeFiles/F411CEU6_Project.elf.dir/Drivers/STM32F4xx_HAL_Driver/Src/stm32f4xx_hal_gpio.c.obj
                0x080016a0                HAL_GPIO_Init
 .text.HAL_GPIO_WritePin
                0x08001868        0xc CMakeFiles/F411CEU6_Project.elf.dir/Drivers/STM32F4xx_HAL_Driver/Src/stm32f4xx_hal_gpio.c.obj
                0x08001868                HAL_GPIO_WritePin
 .text.HAL_GPIO_TogglePin
                0x08001874       0x12 CMakeFiles/F411CEU6_Project.elf.dir/Drivers/STM32F4xx_HAL_Driver/Src/stm32f4xx_hal_gpio.c.obj
                0x08001874                HAL_GPIO_TogglePin
 *fill*         0x08001886        0x2 
 .text.HAL_RCC_OscConfig
                0x08001888      0x3f8 CMakeFiles/F411CEU6_Project.elf.dir/Drivers/STM32F4xx_HAL_Driver/Src/stm32f4xx_hal_rcc.c.obj
                0x08001888                HAL_RCC_OscConfig
 .text.HAL_RCC_GetSysClockFreq
                0x08001c80       0xa8 CMakeFiles/F411CEU6_Project.elf.dir/Drivers/STM32F4xx_HAL_Driver/Src/stm32f4xx_hal_rcc.c.obj
                0x08001c80                HAL_RCC_GetSysClockFreq
 .text.HAL_RCC_ClockConfig
                0x08001d28      0x160 CMakeFiles/F411CEU6_Project.elf.dir/Drivers/STM32F4xx_HAL_Driver/Src/stm32f4xx_hal_rcc.c.obj
                0x08001d28                HAL_RCC_ClockConfig
 .text.HAL_RCC_GetHCLKFreq
                0x08001e88        0xc CMakeFiles/F411CEU6_Project.elf.dir/Drivers/STM32F4xx_HAL_Driver/Src/stm32f4xx_hal_rcc.c.obj
                0x08001e88                HAL_RCC_GetHCLKFreq
 .text.HAL_RCC_GetPCLK1Freq
                0x08001e94       0x20 CMakeFiles/F411CEU6_Project.elf.dir/Drivers/STM32F4xx_HAL_Driver/Src/stm32f4xx_hal_rcc.c.obj
                0x08001e94                HAL_RCC_GetPCLK1Freq
 .text.HAL_RCC_GetPCLK2Freq
                0x08001eb4       0x20 CMakeFiles/F411CEU6_Project.elf.dir/Drivers/STM32F4xx_HAL_Driver/Src/stm32f4xx_hal_rcc.c.obj
                0x08001eb4                HAL_RCC_GetPCLK2Freq
 .text.HAL_RCC_GetClockConfig
                0x08001ed4       0x3c CMakeFiles/F411CEU6_Project.elf.dir/Drivers/STM32F4xx_HAL_Driver/Src/stm32f4xx_hal_rcc.c.obj
                0x08001ed4                HAL_RCC_GetClockConfig
 .text.HAL_TIM_Base_MspInit
                0x08001f10        0x2 CMakeFiles/F411CEU6_Project.elf.dir/Drivers/STM32F4xx_HAL_Driver/Src/stm32f4xx_hal_tim.c.obj
                0x08001f10                HAL_TIM_Base_MspInit
 *fill*         0x08001f12        0x2 
 .text.HAL_TIM_Base_Start_IT
                0x08001f14       0x74 CMakeFiles/F411CEU6_Project.elf.dir/Drivers/STM32F4xx_HAL_Driver/Src/stm32f4xx_hal_tim.c.obj
                0x08001f14                HAL_TIM_Base_Start_IT
 .text.HAL_TIM_OC_DelayElapsedCallback
                0x08001f88        0x2 CMakeFiles/F411CEU6_Project.elf.dir/Drivers/STM32F4xx_HAL_Driver/Src/stm32f4xx_hal_tim.c.obj
                0x08001f88                HAL_TIM_OC_DelayElapsedCallback
 .text.HAL_TIM_IC_CaptureCallback
                0x08001f8a        0x2 CMakeFiles/F411CEU6_Project.elf.dir/Drivers/STM32F4xx_HAL_Driver/Src/stm32f4xx_hal_tim.c.obj
                0x08001f8a                HAL_TIM_IC_CaptureCallback
 .text.HAL_TIM_PWM_PulseFinishedCallback
                0x08001f8c        0x2 CMakeFiles/F411CEU6_Project.elf.dir/Drivers/STM32F4xx_HAL_Driver/Src/stm32f4xx_hal_tim.c.obj
                0x08001f8c                HAL_TIM_PWM_PulseFinishedCallback
 .text.HAL_TIM_TriggerCallback
                0x08001f8e        0x2 CMakeFiles/F411CEU6_Project.elf.dir/Drivers/STM32F4xx_HAL_Driver/Src/stm32f4xx_hal_tim.c.obj
                0x08001f8e                HAL_TIM_TriggerCallback
 .text.HAL_TIM_IRQHandler
                0x08001f90      0x15e CMakeFiles/F411CEU6_Project.elf.dir/Drivers/STM32F4xx_HAL_Driver/Src/stm32f4xx_hal_tim.c.obj
                0x08001f90                HAL_TIM_IRQHandler
 *fill*         0x080020ee        0x2 
 .text.TIM_Base_SetConfig
                0x080020f0       0xa4 CMakeFiles/F411CEU6_Project.elf.dir/Drivers/STM32F4xx_HAL_Driver/Src/stm32f4xx_hal_tim.c.obj
                0x080020f0                TIM_Base_SetConfig
 .text.HAL_TIM_Base_Init
                0x08002194       0x58 CMakeFiles/F411CEU6_Project.elf.dir/Drivers/STM32F4xx_HAL_Driver/Src/stm32f4xx_hal_tim.c.obj
                0x08002194                HAL_TIM_Base_Init
 .text.HAL_TIMEx_CommutCallback
                0x080021ec        0x2 CMakeFiles/F411CEU6_Project.elf.dir/Drivers/STM32F4xx_HAL_Driver/Src/stm32f4xx_hal_tim_ex.c.obj
                0x080021ec                HAL_TIMEx_CommutCallback
 .text.HAL_TIMEx_BreakCallback
                0x080021ee        0x2 CMakeFiles/F411CEU6_Project.elf.dir/Drivers/STM32F4xx_HAL_Driver/Src/stm32f4xx_hal_tim_ex.c.obj
                0x080021ee                HAL_TIMEx_BreakCallback
 .text.UART_EndRxTransfer
                0x080021f0       0x5c CMakeFiles/F411CEU6_Project.elf.dir/Drivers/STM32F4xx_HAL_Driver/Src/stm32f4xx_hal_uart.c.obj
 .text.UART_SetConfig
                0x0800224c      0x110 CMakeFiles/F411CEU6_Project.elf.dir/Drivers/STM32F4xx_HAL_Driver/Src/stm32f4xx_hal_uart.c.obj
 .text.UART_WaitOnFlagUntilTimeout
                0x0800235c       0x86 CMakeFiles/F411CEU6_Project.elf.dir/Drivers/STM32F4xx_HAL_Driver/Src/stm32f4xx_hal_uart.c.obj
 .text.HAL_UART_Init
                0x080023e2       0x60 CMakeFiles/F411CEU6_Project.elf.dir/Drivers/STM32F4xx_HAL_Driver/Src/stm32f4xx_hal_uart.c.obj
                0x080023e2                HAL_UART_Init
 .text.HAL_UART_Transmit
                0x08002442       0xca CMakeFiles/F411CEU6_Project.elf.dir/Drivers/STM32F4xx_HAL_Driver/Src/stm32f4xx_hal_uart.c.obj
                0x08002442                HAL_UART_Transmit
 .text.SysTick_Handler
                0x0800250c       0x18 CMakeFiles/F411CEU6_Project.elf.dir/Middlewares/Third_Party/FreeRTOS/Source/CMSIS_RTOS_V2/cmsis_os2.c.obj
                0x0800250c                SysTick_Handler
 .text.osKernelInitialize
                0x08002524       0x24 CMakeFiles/F411CEU6_Project.elf.dir/Middlewares/Third_Party/FreeRTOS/Source/CMSIS_RTOS_V2/cmsis_os2.c.obj
                0x08002524                osKernelInitialize
 .text.osKernelStart
                0x08002548       0x38 CMakeFiles/F411CEU6_Project.elf.dir/Middlewares/Third_Party/FreeRTOS/Source/CMSIS_RTOS_V2/cmsis_os2.c.obj
                0x08002548                osKernelStart
 .text.osThreadNew
                0x08002580       0xb6 CMakeFiles/F411CEU6_Project.elf.dir/Middlewares/Third_Party/FreeRTOS/Source/CMSIS_RTOS_V2/cmsis_os2.c.obj
                0x08002580                osThreadNew
 *fill*         0x08002636        0x2 
 .text.vApplicationGetIdleTaskMemory
                0x08002638       0x18 CMakeFiles/F411CEU6_Project.elf.dir/Middlewares/Third_Party/FreeRTOS/Source/CMSIS_RTOS_V2/cmsis_os2.c.obj
                0x08002638                vApplicationGetIdleTaskMemory
 .text.vApplicationGetTimerTaskMemory
                0x08002650       0x18 CMakeFiles/F411CEU6_Project.elf.dir/Middlewares/Third_Party/FreeRTOS/Source/CMSIS_RTOS_V2/cmsis_os2.c.obj
                0x08002650                vApplicationGetTimerTaskMemory
 .text.vListInitialise
                0x08002668       0x16 CMakeFiles/F411CEU6_Project.elf.dir/Middlewares/Third_Party/FreeRTOS/Source/list.c.obj
                0x08002668                vListInitialise
 .text.vListInitialiseItem
                0x0800267e        0x6 CMakeFiles/F411CEU6_Project.elf.dir/Middlewares/Third_Party/FreeRTOS/Source/list.c.obj
                0x0800267e                vListInitialiseItem
 .text.vListInsertEnd
                0x08002684       0x16 CMakeFiles/F411CEU6_Project.elf.dir/Middlewares/Third_Party/FreeRTOS/Source/list.c.obj
                0x08002684                vListInsertEnd
 .text.vListInsert
                0x0800269a       0x32 CMakeFiles/F411CEU6_Project.elf.dir/Middlewares/Third_Party/FreeRTOS/Source/list.c.obj
                0x0800269a                vListInsert
 .text.uxListRemove
                0x080026cc       0x26 CMakeFiles/F411CEU6_Project.elf.dir/Middlewares/Third_Party/FreeRTOS/Source/list.c.obj
                0x080026cc                uxListRemove
 *fill*         0x080026f2        0x2 
 .text.prvTaskExitError
                0x080026f4       0x40 CMakeFiles/F411CEU6_Project.elf.dir/Middlewares/Third_Party/FreeRTOS/Source/portable/GCC/ARM_CM4F/port.c.obj
 .text.prvPortStartFirstTask
                0x08002734       0x28 CMakeFiles/F411CEU6_Project.elf.dir/Middlewares/Third_Party/FreeRTOS/Source/portable/GCC/ARM_CM4F/port.c.obj
 .text.vPortEnableVFP
                0x0800275c       0x14 CMakeFiles/F411CEU6_Project.elf.dir/Middlewares/Third_Party/FreeRTOS/Source/portable/GCC/ARM_CM4F/port.c.obj
 .text.pxPortInitialiseStack
                0x08002770       0x2c CMakeFiles/F411CEU6_Project.elf.dir/Middlewares/Third_Party/FreeRTOS/Source/portable/GCC/ARM_CM4F/port.c.obj
                0x08002770                pxPortInitialiseStack
 *fill*         0x0800279c        0x4 
 .text.SVC_Handler
                0x080027a0       0x24 CMakeFiles/F411CEU6_Project.elf.dir/Middlewares/Third_Party/FreeRTOS/Source/portable/GCC/ARM_CM4F/port.c.obj
                0x080027a0                SVC_Handler
 .text.vPortEnterCritical
                0x080027c4       0x44 CMakeFiles/F411CEU6_Project.elf.dir/Middlewares/Third_Party/FreeRTOS/Source/portable/GCC/ARM_CM4F/port.c.obj
                0x080027c4                vPortEnterCritical
 .text.vPortExitCritical
                0x08002808       0x2c CMakeFiles/F411CEU6_Project.elf.dir/Middlewares/Third_Party/FreeRTOS/Source/portable/GCC/ARM_CM4F/port.c.obj
                0x08002808                vPortExitCritical
 *fill*         0x08002834        0xc 
 .text.PendSV_Handler
                0x08002840       0x64 CMakeFiles/F411CEU6_Project.elf.dir/Middlewares/Third_Party/FreeRTOS/Source/portable/GCC/ARM_CM4F/port.c.obj
                0x08002840                PendSV_Handler
 .text.xPortSysTickHandler
                0x080028a4       0x2c CMakeFiles/F411CEU6_Project.elf.dir/Middlewares/Third_Party/FreeRTOS/Source/portable/GCC/ARM_CM4F/port.c.obj
                0x080028a4                xPortSysTickHandler
 .text.vPortSetupTimerInterrupt
                0x080028d0       0x28 CMakeFiles/F411CEU6_Project.elf.dir/Middlewares/Third_Party/FreeRTOS/Source/portable/GCC/ARM_CM4F/port.c.obj
                0x080028d0                vPortSetupTimerInterrupt
 .text.xPortStartScheduler
                0x080028f8      0x118 CMakeFiles/F411CEU6_Project.elf.dir/Middlewares/Third_Party/FreeRTOS/Source/portable/GCC/ARM_CM4F/port.c.obj
                0x080028f8                xPortStartScheduler
 .text.vPortValidateInterruptPriority
                0x08002a10       0x5c CMakeFiles/F411CEU6_Project.elf.dir/Middlewares/Third_Party/FreeRTOS/Source/portable/GCC/ARM_CM4F/port.c.obj
                0x08002a10                vPortValidateInterruptPriority
 .text.prvHeapInit
                0x08002a6c       0x64 CMakeFiles/F411CEU6_Project.elf.dir/Middlewares/Third_Party/FreeRTOS/Source/portable/MemMang/heap_4.c.obj
 .text.prvInsertBlockIntoFreeList
                0x08002ad0       0x64 CMakeFiles/F411CEU6_Project.elf.dir/Middlewares/Third_Party/FreeRTOS/Source/portable/MemMang/heap_4.c.obj
 .text.pvPortMalloc
                0x08002b34      0x104 CMakeFiles/F411CEU6_Project.elf.dir/Middlewares/Third_Party/FreeRTOS/Source/portable/MemMang/heap_4.c.obj
                0x08002b34                pvPortMalloc
 .text.vPortFree
                0x08002c38       0x7c CMakeFiles/F411CEU6_Project.elf.dir/Middlewares/Third_Party/FreeRTOS/Source/portable/MemMang/heap_4.c.obj
                0x08002c38                vPortFree
 .text.prvIsQueueFull
                0x08002cb4       0x1e CMakeFiles/F411CEU6_Project.elf.dir/Middlewares/Third_Party/FreeRTOS/Source/queue.c.obj
 .text.prvIsQueueEmpty
                0x08002cd2       0x1a CMakeFiles/F411CEU6_Project.elf.dir/Middlewares/Third_Party/FreeRTOS/Source/queue.c.obj
 .text.prvCopyDataToQueue
                0x08002cec       0x76 CMakeFiles/F411CEU6_Project.elf.dir/Middlewares/Third_Party/FreeRTOS/Source/queue.c.obj
 .text.prvCopyDataFromQueue
                0x08002d62       0x24 CMakeFiles/F411CEU6_Project.elf.dir/Middlewares/Third_Party/FreeRTOS/Source/queue.c.obj
 .text.prvUnlockQueue
                0x08002d86       0x6e CMakeFiles/F411CEU6_Project.elf.dir/Middlewares/Third_Party/FreeRTOS/Source/queue.c.obj
 .text.xQueueGenericReset
                0x08002df4       0x84 CMakeFiles/F411CEU6_Project.elf.dir/Middlewares/Third_Party/FreeRTOS/Source/queue.c.obj
                0x08002df4                xQueueGenericReset
 .text.prvInitialiseNewQueue
                0x08002e78       0x22 CMakeFiles/F411CEU6_Project.elf.dir/Middlewares/Third_Party/FreeRTOS/Source/queue.c.obj
 .text.xQueueGenericCreateStatic
                0x08002e9a       0x94 CMakeFiles/F411CEU6_Project.elf.dir/Middlewares/Third_Party/FreeRTOS/Source/queue.c.obj
                0x08002e9a                xQueueGenericCreateStatic
 .text.xQueueGenericSend
                0x08002f2e      0x188 CMakeFiles/F411CEU6_Project.elf.dir/Middlewares/Third_Party/FreeRTOS/Source/queue.c.obj
                0x08002f2e                xQueueGenericSend
 .text.xQueueGenericSendFromISR
                0x080030b6       0xce CMakeFiles/F411CEU6_Project.elf.dir/Middlewares/Third_Party/FreeRTOS/Source/queue.c.obj
                0x080030b6                xQueueGenericSendFromISR
 .text.xQueueReceive
                0x08003184      0x15e CMakeFiles/F411CEU6_Project.elf.dir/Middlewares/Third_Party/FreeRTOS/Source/queue.c.obj
                0x08003184                xQueueReceive
 *fill*         0x080032e2        0x2 
 .text.vQueueAddToRegistry
                0x080032e4       0x28 CMakeFiles/F411CEU6_Project.elf.dir/Middlewares/Third_Party/FreeRTOS/Source/queue.c.obj
                0x080032e4                vQueueAddToRegistry
 .text.vQueueWaitForMessageRestricted
                0x0800330c       0x52 CMakeFiles/F411CEU6_Project.elf.dir/Middlewares/Third_Party/FreeRTOS/Source/queue.c.obj
                0x0800330c                vQueueWaitForMessageRestricted
 *fill*         0x0800335e        0x2 
 .text.prvResetNextTaskUnblockTime
                0x08003360       0x2c CMakeFiles/F411CEU6_Project.elf.dir/Middlewares/Third_Party/FreeRTOS/Source/tasks.c.obj
 .text.prvInitialiseNewTask
                0x0800338c      0x104 CMakeFiles/F411CEU6_Project.elf.dir/Middlewares/Third_Party/FreeRTOS/Source/tasks.c.obj
 .text.prvInitialiseTaskLists
                0x08003490       0x68 CMakeFiles/F411CEU6_Project.elf.dir/Middlewares/Third_Party/FreeRTOS/Source/tasks.c.obj
 .text.prvAddNewTaskToReadyList
                0x080034f8       0xac CMakeFiles/F411CEU6_Project.elf.dir/Middlewares/Third_Party/FreeRTOS/Source/tasks.c.obj
 .text.prvDeleteTCB
                0x080035a4       0x40 CMakeFiles/F411CEU6_Project.elf.dir/Middlewares/Third_Party/FreeRTOS/Source/tasks.c.obj
 .text.prvCheckTasksWaitingTermination
                0x080035e4       0x4c CMakeFiles/F411CEU6_Project.elf.dir/Middlewares/Third_Party/FreeRTOS/Source/tasks.c.obj
 .text.prvAddCurrentTaskToDelayedList
                0x08003630       0x7c CMakeFiles/F411CEU6_Project.elf.dir/Middlewares/Third_Party/FreeRTOS/Source/tasks.c.obj
 .text.prvIdleTask
                0x080036ac       0x30 CMakeFiles/F411CEU6_Project.elf.dir/Middlewares/Third_Party/FreeRTOS/Source/tasks.c.obj
 .text.xTaskCreateStatic
                0x080036dc       0x7a CMakeFiles/F411CEU6_Project.elf.dir/Middlewares/Third_Party/FreeRTOS/Source/tasks.c.obj
                0x080036dc                xTaskCreateStatic
 .text.xTaskCreate
                0x08003756       0x66 CMakeFiles/F411CEU6_Project.elf.dir/Middlewares/Third_Party/FreeRTOS/Source/tasks.c.obj
                0x08003756                xTaskCreate
 .text.vTaskStartScheduler
                0x080037bc       0xac CMakeFiles/F411CEU6_Project.elf.dir/Middlewares/Third_Party/FreeRTOS/Source/tasks.c.obj
                0x080037bc                vTaskStartScheduler
 .text.vTaskSuspendAll
                0x08003868       0x10 CMakeFiles/F411CEU6_Project.elf.dir/Middlewares/Third_Party/FreeRTOS/Source/tasks.c.obj
                0x08003868                vTaskSuspendAll
 .text.xTaskGetTickCount
                0x08003878        0xc CMakeFiles/F411CEU6_Project.elf.dir/Middlewares/Third_Party/FreeRTOS/Source/tasks.c.obj
                0x08003878                xTaskGetTickCount
 .text.xTaskIncrementTick
                0x08003884      0x118 CMakeFiles/F411CEU6_Project.elf.dir/Middlewares/Third_Party/FreeRTOS/Source/tasks.c.obj
                0x08003884                xTaskIncrementTick
 .text.xTaskResumeAll
                0x0800399c       0xf8 CMakeFiles/F411CEU6_Project.elf.dir/Middlewares/Third_Party/FreeRTOS/Source/tasks.c.obj
                0x0800399c                xTaskResumeAll
 .text.vTaskDelay
                0x08003a94       0x4c CMakeFiles/F411CEU6_Project.elf.dir/Middlewares/Third_Party/FreeRTOS/Source/tasks.c.obj
                0x08003a94                vTaskDelay
 .text.vTaskSwitchContext
                0x08003ae0       0xa4 CMakeFiles/F411CEU6_Project.elf.dir/Middlewares/Third_Party/FreeRTOS/Source/tasks.c.obj
                0x08003ae0                vTaskSwitchContext
 .text.vTaskPlaceOnEventList
                0x08003b84       0x30 CMakeFiles/F411CEU6_Project.elf.dir/Middlewares/Third_Party/FreeRTOS/Source/tasks.c.obj
                0x08003b84                vTaskPlaceOnEventList
 .text.vTaskPlaceOnEventListRestricted
                0x08003bb4       0x38 CMakeFiles/F411CEU6_Project.elf.dir/Middlewares/Third_Party/FreeRTOS/Source/tasks.c.obj
                0x08003bb4                vTaskPlaceOnEventListRestricted
 .text.xTaskRemoveFromEventList
                0x08003bec       0x8c CMakeFiles/F411CEU6_Project.elf.dir/Middlewares/Third_Party/FreeRTOS/Source/tasks.c.obj
                0x08003bec                xTaskRemoveFromEventList
 .text.vTaskInternalSetTimeOutState
                0x08003c78       0x18 CMakeFiles/F411CEU6_Project.elf.dir/Middlewares/Third_Party/FreeRTOS/Source/tasks.c.obj
                0x08003c78                vTaskInternalSetTimeOutState
 .text.xTaskCheckForTimeOut
                0x08003c90       0x88 CMakeFiles/F411CEU6_Project.elf.dir/Middlewares/Third_Party/FreeRTOS/Source/tasks.c.obj
                0x08003c90                xTaskCheckForTimeOut
 .text.vTaskMissedYield
                0x08003d18        0xc CMakeFiles/F411CEU6_Project.elf.dir/Middlewares/Third_Party/FreeRTOS/Source/tasks.c.obj
                0x08003d18                vTaskMissedYield
 .text.xTaskGetSchedulerState
                0x08003d24       0x20 CMakeFiles/F411CEU6_Project.elf.dir/Middlewares/Third_Party/FreeRTOS/Source/tasks.c.obj
                0x08003d24                xTaskGetSchedulerState
 .text.xTaskPriorityDisinherit
                0x08003d44       0x90 CMakeFiles/F411CEU6_Project.elf.dir/Middlewares/Third_Party/FreeRTOS/Source/tasks.c.obj
                0x08003d44                xTaskPriorityDisinherit
 .text.prvGetNextExpireTime
                0x08003dd4       0x20 CMakeFiles/F411CEU6_Project.elf.dir/Middlewares/Third_Party/FreeRTOS/Source/timers.c.obj
 .text.prvInsertTimerInActiveList
                0x08003df4       0x48 CMakeFiles/F411CEU6_Project.elf.dir/Middlewares/Third_Party/FreeRTOS/Source/timers.c.obj
 .text.prvCheckForValidListAndQueue
                0x08003e3c       0x70 CMakeFiles/F411CEU6_Project.elf.dir/Middlewares/Third_Party/FreeRTOS/Source/timers.c.obj
 .text.xTimerCreateTimerTask
                0x08003eac       0x64 CMakeFiles/F411CEU6_Project.elf.dir/Middlewares/Third_Party/FreeRTOS/Source/timers.c.obj
                0x08003eac                xTimerCreateTimerTask
 .text.xTimerGenericCommand
                0x08003f10       0x6c CMakeFiles/F411CEU6_Project.elf.dir/Middlewares/Third_Party/FreeRTOS/Source/timers.c.obj
                0x08003f10                xTimerGenericCommand
 .text.prvSwitchTimerLists
                0x08003f7c       0x7c CMakeFiles/F411CEU6_Project.elf.dir/Middlewares/Third_Party/FreeRTOS/Source/timers.c.obj
 .text.prvSampleTimeNow
                0x08003ff8       0x2c CMakeFiles/F411CEU6_Project.elf.dir/Middlewares/Third_Party/FreeRTOS/Source/timers.c.obj
 .text.prvProcessExpiredTimer
                0x08004024       0x6c CMakeFiles/F411CEU6_Project.elf.dir/Middlewares/Third_Party/FreeRTOS/Source/timers.c.obj
 .text.prvProcessTimerOrBlockTask
                0x08004090       0x74 CMakeFiles/F411CEU6_Project.elf.dir/Middlewares/Third_Party/FreeRTOS/Source/timers.c.obj
 .text.prvProcessReceivedCommands
                0x08004104      0x10c CMakeFiles/F411CEU6_Project.elf.dir/Middlewares/Third_Party/FreeRTOS/Source/timers.c.obj
 .text.prvTimerTask
                0x08004210       0x16 CMakeFiles/F411CEU6_Project.elf.dir/Middlewares/Third_Party/FreeRTOS/Source/timers.c.obj
 *fill*         0x08004226        0x2 
 .text.__udivmoddi4
                0x08004228      0x2f8 D:/rj/arm-gnu-toolchain-14.2.rel1-mingw-w64-x86_64-arm-none-eabi/bin/../lib/gcc/arm-none-eabi/14.2.1/thumb/v7e-m+fp/hard\libgcc.a(_udivmoddi4.o)
                0x08004228                __udivmoddi4
 .text.selfrel_offset31
                0x08004520       0x14 D:/rj/arm-gnu-toolchain-14.2.rel1-mingw-w64-x86_64-arm-none-eabi/bin/../lib/gcc/arm-none-eabi/14.2.1/thumb/v7e-m+fp/hard\libgcc.a(unwind-arm.o)
 .text.search_EIT_table
                0x08004534       0x68 D:/rj/arm-gnu-toolchain-14.2.rel1-mingw-w64-x86_64-arm-none-eabi/bin/../lib/gcc/arm-none-eabi/14.2.1/thumb/v7e-m+fp/hard\libgcc.a(unwind-arm.o)
 .text.__gnu_unwind_get_pr_addr
                0x0800459c       0x28 D:/rj/arm-gnu-toolchain-14.2.rel1-mingw-w64-x86_64-arm-none-eabi/bin/../lib/gcc/arm-none-eabi/14.2.1/thumb/v7e-m+fp/hard\libgcc.a(unwind-arm.o)
 .text.get_eit_entry
                0x080045c4       0x98 D:/rj/arm-gnu-toolchain-14.2.rel1-mingw-w64-x86_64-arm-none-eabi/bin/../lib/gcc/arm-none-eabi/14.2.1/thumb/v7e-m+fp/hard\libgcc.a(unwind-arm.o)
 .text.restore_non_core_regs
                0x0800465c       0x58 D:/rj/arm-gnu-toolchain-14.2.rel1-mingw-w64-x86_64-arm-none-eabi/bin/../lib/gcc/arm-none-eabi/14.2.1/thumb/v7e-m+fp/hard\libgcc.a(unwind-arm.o)
 .text._Unwind_decode_typeinfo_ptr.constprop.0
                0x080046b4        0xc D:/rj/arm-gnu-toolchain-14.2.rel1-mingw-w64-x86_64-arm-none-eabi/bin/../lib/gcc/arm-none-eabi/14.2.1/thumb/v7e-m+fp/hard\libgcc.a(unwind-arm.o)
 .text._Unwind_DebugHook
                0x080046c0        0x4 D:/rj/arm-gnu-toolchain-14.2.rel1-mingw-w64-x86_64-arm-none-eabi/bin/../lib/gcc/arm-none-eabi/14.2.1/thumb/v7e-m+fp/hard\libgcc.a(unwind-arm.o)
 .text.unwind_phase2
                0x080046c4       0x3c D:/rj/arm-gnu-toolchain-14.2.rel1-mingw-w64-x86_64-arm-none-eabi/bin/../lib/gcc/arm-none-eabi/14.2.1/thumb/v7e-m+fp/hard\libgcc.a(unwind-arm.o)
 .text.unwind_phase2_forced
                0x08004700       0xdc D:/rj/arm-gnu-toolchain-14.2.rel1-mingw-w64-x86_64-arm-none-eabi/bin/../lib/gcc/arm-none-eabi/14.2.1/thumb/v7e-m+fp/hard\libgcc.a(unwind-arm.o)
 .text.__gnu_Unwind_RaiseException
                0x080047dc       0x6c D:/rj/arm-gnu-toolchain-14.2.rel1-mingw-w64-x86_64-arm-none-eabi/bin/../lib/gcc/arm-none-eabi/14.2.1/thumb/v7e-m+fp/hard\libgcc.a(unwind-arm.o)
                0x080047dc                __gnu_Unwind_RaiseException
 .text.__gnu_Unwind_ForcedUnwind
                0x08004848       0x10 D:/rj/arm-gnu-toolchain-14.2.rel1-mingw-w64-x86_64-arm-none-eabi/bin/../lib/gcc/arm-none-eabi/14.2.1/thumb/v7e-m+fp/hard\libgcc.a(unwind-arm.o)
                0x08004848                __gnu_Unwind_ForcedUnwind
 .text.__gnu_Unwind_Resume
                0x08004858       0x44 D:/rj/arm-gnu-toolchain-14.2.rel1-mingw-w64-x86_64-arm-none-eabi/bin/../lib/gcc/arm-none-eabi/14.2.1/thumb/v7e-m+fp/hard\libgcc.a(unwind-arm.o)
                0x08004858                __gnu_Unwind_Resume
 .text.__gnu_Unwind_Resume_or_Rethrow
                0x0800489c       0x1c D:/rj/arm-gnu-toolchain-14.2.rel1-mingw-w64-x86_64-arm-none-eabi/bin/../lib/gcc/arm-none-eabi/14.2.1/thumb/v7e-m+fp/hard\libgcc.a(unwind-arm.o)
                0x0800489c                __gnu_Unwind_Resume_or_Rethrow
 .text._Unwind_VRS_Get
                0x080048b8       0x34 D:/rj/arm-gnu-toolchain-14.2.rel1-mingw-w64-x86_64-arm-none-eabi/bin/../lib/gcc/arm-none-eabi/14.2.1/thumb/v7e-m+fp/hard\libgcc.a(unwind-arm.o)
                0x080048b8                _Unwind_VRS_Get
 .text._Unwind_GetGR
                0x080048ec       0x1c D:/rj/arm-gnu-toolchain-14.2.rel1-mingw-w64-x86_64-arm-none-eabi/bin/../lib/gcc/arm-none-eabi/14.2.1/thumb/v7e-m+fp/hard\libgcc.a(unwind-arm.o)
 .text._Unwind_VRS_Set
                0x08004908       0x34 D:/rj/arm-gnu-toolchain-14.2.rel1-mingw-w64-x86_64-arm-none-eabi/bin/../lib/gcc/arm-none-eabi/14.2.1/thumb/v7e-m+fp/hard\libgcc.a(unwind-arm.o)
                0x08004908                _Unwind_VRS_Set
 .text._Unwind_SetGR
                0x0800493c       0x18 D:/rj/arm-gnu-toolchain-14.2.rel1-mingw-w64-x86_64-arm-none-eabi/bin/../lib/gcc/arm-none-eabi/14.2.1/thumb/v7e-m+fp/hard\libgcc.a(unwind-arm.o)
 .text.__gnu_Unwind_Backtrace
                0x08004954       0x90 D:/rj/arm-gnu-toolchain-14.2.rel1-mingw-w64-x86_64-arm-none-eabi/bin/../lib/gcc/arm-none-eabi/14.2.1/thumb/v7e-m+fp/hard\libgcc.a(unwind-arm.o)
                0x08004954                __gnu_Unwind_Backtrace
 .text.__gnu_unwind_pr_common
                0x080049e4      0x2a8 D:/rj/arm-gnu-toolchain-14.2.rel1-mingw-w64-x86_64-arm-none-eabi/bin/../lib/gcc/arm-none-eabi/14.2.1/thumb/v7e-m+fp/hard\libgcc.a(unwind-arm.o)
 .text.__aeabi_unwind_cpp_pr0
                0x08004c8c        0x8 D:/rj/arm-gnu-toolchain-14.2.rel1-mingw-w64-x86_64-arm-none-eabi/bin/../lib/gcc/arm-none-eabi/14.2.1/thumb/v7e-m+fp/hard\libgcc.a(unwind-arm.o)
                0x08004c8c                __aeabi_unwind_cpp_pr0
 .text.__aeabi_unwind_cpp_pr1
                0x08004c94        0x8 D:/rj/arm-gnu-toolchain-14.2.rel1-mingw-w64-x86_64-arm-none-eabi/bin/../lib/gcc/arm-none-eabi/14.2.1/thumb/v7e-m+fp/hard\libgcc.a(unwind-arm.o)
                0x08004c94                __aeabi_unwind_cpp_pr1
 .text.__aeabi_unwind_cpp_pr2
                0x08004c9c        0x8 D:/rj/arm-gnu-toolchain-14.2.rel1-mingw-w64-x86_64-arm-none-eabi/bin/../lib/gcc/arm-none-eabi/14.2.1/thumb/v7e-m+fp/hard\libgcc.a(unwind-arm.o)
                0x08004c9c                __aeabi_unwind_cpp_pr2
 .text._Unwind_VRS_Pop
                0x08004ca4      0x2ec D:/rj/arm-gnu-toolchain-14.2.rel1-mingw-w64-x86_64-arm-none-eabi/bin/../lib/gcc/arm-none-eabi/14.2.1/thumb/v7e-m+fp/hard\libgcc.a(unwind-arm.o)
                0x08004ca4                _Unwind_VRS_Pop
 .text.next_unwind_byte
                0x08004f90       0x38 D:/rj/arm-gnu-toolchain-14.2.rel1-mingw-w64-x86_64-arm-none-eabi/bin/../lib/gcc/arm-none-eabi/14.2.1/thumb/v7e-m+fp/hard\libgcc.a(pr-support.o)
 .text.__gnu_unwind_execute
                0x08004fc8      0x300 D:/rj/arm-gnu-toolchain-14.2.rel1-mingw-w64-x86_64-arm-none-eabi/bin/../lib/gcc/arm-none-eabi/14.2.1/thumb/v7e-m+fp/hard\libgcc.a(pr-support.o)
                0x08004fc8                __gnu_unwind_execute
 .text.abort    0x080052c8       0x10 D:/rj/arm-gnu-toolchain-14.2.rel1-mingw-w64-x86_64-arm-none-eabi/bin/../lib/gcc/arm-none-eabi/14.2.1/thumb/v7e-m+fp/hard\libg.a(libc_a-abort.o)
                0x080052c8                abort
 .text.stdio_exit_handler
                0x080052d8       0x18 D:/rj/arm-gnu-toolchain-14.2.rel1-mingw-w64-x86_64-arm-none-eabi/bin/../lib/gcc/arm-none-eabi/14.2.1/thumb/v7e-m+fp/hard\libg.a(libc_a-findfp.o)
 .text.cleanup_stdio
                0x080052f0       0x40 D:/rj/arm-gnu-toolchain-14.2.rel1-mingw-w64-x86_64-arm-none-eabi/bin/../lib/gcc/arm-none-eabi/14.2.1/thumb/v7e-m+fp/hard\libg.a(libc_a-findfp.o)
 .text.global_stdio_init.part.0
                0x08005330       0xf0 D:/rj/arm-gnu-toolchain-14.2.rel1-mingw-w64-x86_64-arm-none-eabi/bin/../lib/gcc/arm-none-eabi/14.2.1/thumb/v7e-m+fp/hard\libg.a(libc_a-findfp.o)
 .text.__sinit  0x08005420       0x3c D:/rj/arm-gnu-toolchain-14.2.rel1-mingw-w64-x86_64-arm-none-eabi/bin/../lib/gcc/arm-none-eabi/14.2.1/thumb/v7e-m+fp/hard\libg.a(libc_a-findfp.o)
                0x08005420                __sinit
 .text.__sfp_lock_acquire
                0x0800545c        0xc D:/rj/arm-gnu-toolchain-14.2.rel1-mingw-w64-x86_64-arm-none-eabi/bin/../lib/gcc/arm-none-eabi/14.2.1/thumb/v7e-m+fp/hard\libg.a(libc_a-findfp.o)
                0x0800545c                __sfp_lock_acquire
 .text.__sfp_lock_release
                0x08005468        0xc D:/rj/arm-gnu-toolchain-14.2.rel1-mingw-w64-x86_64-arm-none-eabi/bin/../lib/gcc/arm-none-eabi/14.2.1/thumb/v7e-m+fp/hard\libg.a(libc_a-findfp.o)
                0x08005468                __sfp_lock_release
 .text._fwalk_sglue
                0x08005474       0x44 D:/rj/arm-gnu-toolchain-14.2.rel1-mingw-w64-x86_64-arm-none-eabi/bin/../lib/gcc/arm-none-eabi/14.2.1/thumb/v7e-m+fp/hard\libg.a(libc_a-fwalk.o)
                0x08005474                _fwalk_sglue
 .text.__sread  0x080054b8       0x24 D:/rj/arm-gnu-toolchain-14.2.rel1-mingw-w64-x86_64-arm-none-eabi/bin/../lib/gcc/arm-none-eabi/14.2.1/thumb/v7e-m+fp/hard\libg.a(libc_a-stdio.o)
                0x080054b8                __sread
 .text.__swrite
                0x080054dc       0x40 D:/rj/arm-gnu-toolchain-14.2.rel1-mingw-w64-x86_64-arm-none-eabi/bin/../lib/gcc/arm-none-eabi/14.2.1/thumb/v7e-m+fp/hard\libg.a(libc_a-stdio.o)
                0x080054dc                __swrite
 .text.__sseek  0x0800551c       0x24 D:/rj/arm-gnu-toolchain-14.2.rel1-mingw-w64-x86_64-arm-none-eabi/bin/../lib/gcc/arm-none-eabi/14.2.1/thumb/v7e-m+fp/hard\libg.a(libc_a-stdio.o)
                0x0800551c                __sseek
 .text.__sclose
                0x08005540        0x8 D:/rj/arm-gnu-toolchain-14.2.rel1-mingw-w64-x86_64-arm-none-eabi/bin/../lib/gcc/arm-none-eabi/14.2.1/thumb/v7e-m+fp/hard\libg.a(libc_a-stdio.o)
                0x08005540                __sclose
 .text.vsnprintf
                0x08005548       0x78 D:/rj/arm-gnu-toolchain-14.2.rel1-mingw-w64-x86_64-arm-none-eabi/bin/../lib/gcc/arm-none-eabi/14.2.1/thumb/v7e-m+fp/hard\libg.a(libc_a-vsnprintf.o)
                0x08005548                vsnprintf
 .text.memset   0x080055c0       0x9c D:/rj/arm-gnu-toolchain-14.2.rel1-mingw-w64-x86_64-arm-none-eabi/bin/../lib/gcc/arm-none-eabi/14.2.1/thumb/v7e-m+fp/hard\libg.a(libc_a-memset.o)
                0x080055c0                memset
 .text.raise    0x0800565c       0x58 D:/rj/arm-gnu-toolchain-14.2.rel1-mingw-w64-x86_64-arm-none-eabi/bin/../lib/gcc/arm-none-eabi/14.2.1/thumb/v7e-m+fp/hard\libg.a(libc_a-signal.o)
                0x0800565c                raise
 .text._close_r
                0x080056b4       0x24 D:/rj/arm-gnu-toolchain-14.2.rel1-mingw-w64-x86_64-arm-none-eabi/bin/../lib/gcc/arm-none-eabi/14.2.1/thumb/v7e-m+fp/hard\libg.a(libc_a-closer.o)
                0x080056b4                _close_r
 .text._reclaim_reent
                0x080056d8       0x6c D:/rj/arm-gnu-toolchain-14.2.rel1-mingw-w64-x86_64-arm-none-eabi/bin/../lib/gcc/arm-none-eabi/14.2.1/thumb/v7e-m+fp/hard\libg.a(libc_a-reent.o)
                0x080056d8                _reclaim_reent
 .text._lseek_r
                0x08005744       0x2c D:/rj/arm-gnu-toolchain-14.2.rel1-mingw-w64-x86_64-arm-none-eabi/bin/../lib/gcc/arm-none-eabi/14.2.1/thumb/v7e-m+fp/hard\libg.a(libc_a-lseekr.o)
                0x08005744                _lseek_r
 .text._read_r  0x08005770       0x2c D:/rj/arm-gnu-toolchain-14.2.rel1-mingw-w64-x86_64-arm-none-eabi/bin/../lib/gcc/arm-none-eabi/14.2.1/thumb/v7e-m+fp/hard\libg.a(libc_a-readr.o)
                0x08005770                _read_r
 .text._kill_r  0x0800579c       0x2c D:/rj/arm-gnu-toolchain-14.2.rel1-mingw-w64-x86_64-arm-none-eabi/bin/../lib/gcc/arm-none-eabi/14.2.1/thumb/v7e-m+fp/hard\libg.a(libc_a-signalr.o)
                0x0800579c                _kill_r
 .text._getpid_r
                0x080057c8        0x4 D:/rj/arm-gnu-toolchain-14.2.rel1-mingw-w64-x86_64-arm-none-eabi/bin/../lib/gcc/arm-none-eabi/14.2.1/thumb/v7e-m+fp/hard\libg.a(libc_a-signalr.o)
                0x080057c8                _getpid_r
 .text._write_r
                0x080057cc       0x2c D:/rj/arm-gnu-toolchain-14.2.rel1-mingw-w64-x86_64-arm-none-eabi/bin/../lib/gcc/arm-none-eabi/14.2.1/thumb/v7e-m+fp/hard\libg.a(libc_a-writer.o)
                0x080057cc                _write_r
 .text.__errno  0x080057f8        0xc D:/rj/arm-gnu-toolchain-14.2.rel1-mingw-w64-x86_64-arm-none-eabi/bin/../lib/gcc/arm-none-eabi/14.2.1/thumb/v7e-m+fp/hard\libg.a(libc_a-errno.o)
                0x080057f8                __errno
 .text.__libc_init_array
                0x08005804       0x50 D:/rj/arm-gnu-toolchain-14.2.rel1-mingw-w64-x86_64-arm-none-eabi/bin/../lib/gcc/arm-none-eabi/14.2.1/thumb/v7e-m+fp/hard\libg.a(libc_a-init.o)
                0x08005804                __libc_init_array
 .text.__retarget_lock_init_recursive
                0x08005854        0x4 D:/rj/arm-gnu-toolchain-14.2.rel1-mingw-w64-x86_64-arm-none-eabi/bin/../lib/gcc/arm-none-eabi/14.2.1/thumb/v7e-m+fp/hard\libg.a(libc_a-lock.o)
                0x08005854                __retarget_lock_init_recursive
 .text.__retarget_lock_close_recursive
                0x08005858        0x4 D:/rj/arm-gnu-toolchain-14.2.rel1-mingw-w64-x86_64-arm-none-eabi/bin/../lib/gcc/arm-none-eabi/14.2.1/thumb/v7e-m+fp/hard\libg.a(libc_a-lock.o)
                0x08005858                __retarget_lock_close_recursive
 .text.__retarget_lock_acquire_recursive
                0x0800585c        0x4 D:/rj/arm-gnu-toolchain-14.2.rel1-mingw-w64-x86_64-arm-none-eabi/bin/../lib/gcc/arm-none-eabi/14.2.1/thumb/v7e-m+fp/hard\libg.a(libc_a-lock.o)
                0x0800585c                __retarget_lock_acquire_recursive
 .text.__retarget_lock_release_recursive
                0x08005860        0x4 D:/rj/arm-gnu-toolchain-14.2.rel1-mingw-w64-x86_64-arm-none-eabi/bin/../lib/gcc/arm-none-eabi/14.2.1/thumb/v7e-m+fp/hard\libg.a(libc_a-lock.o)
                0x08005860                __retarget_lock_release_recursive
 .text.startup.register_fini
                0x08005864       0x14 D:/rj/arm-gnu-toolchain-14.2.rel1-mingw-w64-x86_64-arm-none-eabi/bin/../lib/gcc/arm-none-eabi/14.2.1/thumb/v7e-m+fp/hard\libg.a(libc_a-__call_atexit.o)
 .text.atexit   0x08005878        0xc D:/rj/arm-gnu-toolchain-14.2.rel1-mingw-w64-x86_64-arm-none-eabi/bin/../lib/gcc/arm-none-eabi/14.2.1/thumb/v7e-m+fp/hard\libg.a(libc_a-atexit.o)
                0x08005878                atexit
 .text._malloc_trim_r
                0x08005884       0xb8 D:/rj/arm-gnu-toolchain-14.2.rel1-mingw-w64-x86_64-arm-none-eabi/bin/../lib/gcc/arm-none-eabi/14.2.1/thumb/v7e-m+fp/hard\libg.a(libc_a-freer.o)
                0x08005884                _malloc_trim_r
 .text._free_r  0x0800593c      0x1f0 D:/rj/arm-gnu-toolchain-14.2.rel1-mingw-w64-x86_64-arm-none-eabi/bin/../lib/gcc/arm-none-eabi/14.2.1/thumb/v7e-m+fp/hard\libg.a(libc_a-freer.o)
                0x0800593c                _free_r
 .text._malloc_r
                0x08005b2c      0x598 D:/rj/arm-gnu-toolchain-14.2.rel1-mingw-w64-x86_64-arm-none-eabi/bin/../lib/gcc/arm-none-eabi/14.2.1/thumb/v7e-m+fp/hard\libg.a(libc_a-mallocr.o)
                0x08005b2c                _malloc_r
 .text.__malloc_lock
                0x080060c4        0xc D:/rj/arm-gnu-toolchain-14.2.rel1-mingw-w64-x86_64-arm-none-eabi/bin/../lib/gcc/arm-none-eabi/14.2.1/thumb/v7e-m+fp/hard\libg.a(libc_a-mlock.o)
                0x080060c4                __malloc_lock
 .text.__malloc_unlock
                0x080060d0        0xc D:/rj/arm-gnu-toolchain-14.2.rel1-mingw-w64-x86_64-arm-none-eabi/bin/../lib/gcc/arm-none-eabi/14.2.1/thumb/v7e-m+fp/hard\libg.a(libc_a-mlock.o)
                0x080060d0                __malloc_unlock
 *fill*         0x080060dc        0x4 
 .text._svfprintf_r
                0x080060e0     0x21f0 D:/rj/arm-gnu-toolchain-14.2.rel1-mingw-w64-x86_64-arm-none-eabi/bin/../lib/gcc/arm-none-eabi/14.2.1/thumb/v7e-m+fp/hard\libg.a(libc_a-svfprintf.o)
                0x080060e0                _svfprintf_r
 .text.__ssprint_r
                0x080082d0       0x58 D:/rj/arm-gnu-toolchain-14.2.rel1-mingw-w64-x86_64-arm-none-eabi/bin/../lib/gcc/arm-none-eabi/14.2.1/thumb/v7e-m+fp/hard\libg.a(libc_a-ssprint_r.o)
                0x080082d0                __ssprint_r
 .text._fclose_r
                0x08008328       0xc0 D:/rj/arm-gnu-toolchain-14.2.rel1-mingw-w64-x86_64-arm-none-eabi/bin/../lib/gcc/arm-none-eabi/14.2.1/thumb/v7e-m+fp/hard\libg.a(libc_a-fclose.o)
                0x08008328                _fclose_r
 .text.__sflush_r
                0x080083e8      0x134 D:/rj/arm-gnu-toolchain-14.2.rel1-mingw-w64-x86_64-arm-none-eabi/bin/../lib/gcc/arm-none-eabi/14.2.1/thumb/v7e-m+fp/hard\libg.a(libc_a-fflush.o)
                0x080083e8                __sflush_r
 .text._fflush_r
                0x0800851c       0x54 D:/rj/arm-gnu-toolchain-14.2.rel1-mingw-w64-x86_64-arm-none-eabi/bin/../lib/gcc/arm-none-eabi/14.2.1/thumb/v7e-m+fp/hard\libg.a(libc_a-fflush.o)
                0x0800851c                _fflush_r
 .text.strncpy  0x08008570       0x68 D:/rj/arm-gnu-toolchain-14.2.rel1-mingw-w64-x86_64-arm-none-eabi/bin/../lib/gcc/arm-none-eabi/14.2.1/thumb/v7e-m+fp/hard\libg.a(libc_a-strncpy.o)
                0x08008570                strncpy
 .text.__locale_mb_cur_max
                0x080085d8        0xc D:/rj/arm-gnu-toolchain-14.2.rel1-mingw-w64-x86_64-arm-none-eabi/bin/../lib/gcc/arm-none-eabi/14.2.1/thumb/v7e-m+fp/hard\libg.a(libc_a-locale.o)
                0x080085d8                __locale_mb_cur_max
 .text._localeconv_r
                0x080085e4        0x8 D:/rj/arm-gnu-toolchain-14.2.rel1-mingw-w64-x86_64-arm-none-eabi/bin/../lib/gcc/arm-none-eabi/14.2.1/thumb/v7e-m+fp/hard\libg.a(libc_a-localeconv.o)
                0x080085e4                _localeconv_r
 .text._sbrk_r  0x080085ec       0x24 D:/rj/arm-gnu-toolchain-14.2.rel1-mingw-w64-x86_64-arm-none-eabi/bin/../lib/gcc/arm-none-eabi/14.2.1/thumb/v7e-m+fp/hard\libg.a(libc_a-sbrkr.o)
                0x080085ec                _sbrk_r
 .text.__libc_fini_array
                0x08008610       0x28 D:/rj/arm-gnu-toolchain-14.2.rel1-mingw-w64-x86_64-arm-none-eabi/bin/../lib/gcc/arm-none-eabi/14.2.1/thumb/v7e-m+fp/hard\libg.a(libc_a-fini.o)
                0x08008610                __libc_fini_array
 .text.sysconf  0x08008638       0x1c D:/rj/arm-gnu-toolchain-14.2.rel1-mingw-w64-x86_64-arm-none-eabi/bin/../lib/gcc/arm-none-eabi/14.2.1/thumb/v7e-m+fp/hard\libg.a(libc_a-sysconf.o)
                0x08008638                sysconf
 .text.frexp    0x08008654       0x64 D:/rj/arm-gnu-toolchain-14.2.rel1-mingw-w64-x86_64-arm-none-eabi/bin/../lib/gcc/arm-none-eabi/14.2.1/thumb/v7e-m+fp/hard\libg.a(libm_a-s_frexp.o)
                0x08008654                frexp
 .text.__register_exitproc
                0x080086b8       0x80 D:/rj/arm-gnu-toolchain-14.2.rel1-mingw-w64-x86_64-arm-none-eabi/bin/../lib/gcc/arm-none-eabi/14.2.1/thumb/v7e-m+fp/hard\libg.a(libc_a-__atexit.o)
                0x080086b8                __register_exitproc
 .text.quorem   0x08008738      0x12c D:/rj/arm-gnu-toolchain-14.2.rel1-mingw-w64-x86_64-arm-none-eabi/bin/../lib/gcc/arm-none-eabi/14.2.1/thumb/v7e-m+fp/hard\libg.a(libc_a-dtoa.o)
 *fill*         0x08008864        0x4 
 .text._dtoa_r  0x08008868     0x1034 D:/rj/arm-gnu-toolchain-14.2.rel1-mingw-w64-x86_64-arm-none-eabi/bin/../lib/gcc/arm-none-eabi/14.2.1/thumb/v7e-m+fp/hard\libg.a(libc_a-dtoa.o)
                0x08008868                _dtoa_r
 .text.__ascii_mbtowc
                0x0800989c       0x2c D:/rj/arm-gnu-toolchain-14.2.rel1-mingw-w64-x86_64-arm-none-eabi/bin/../lib/gcc/arm-none-eabi/14.2.1/thumb/v7e-m+fp/hard\libg.a(libc_a-mbtowc_r.o)
                0x0800989c                __ascii_mbtowc
 .text._Balloc  0x080098c8       0x4c D:/rj/arm-gnu-toolchain-14.2.rel1-mingw-w64-x86_64-arm-none-eabi/bin/../lib/gcc/arm-none-eabi/14.2.1/thumb/v7e-m+fp/hard\libg.a(libc_a-mprec.o)
                0x080098c8                _Balloc
 .text._Bfree   0x08009914       0x14 D:/rj/arm-gnu-toolchain-14.2.rel1-mingw-w64-x86_64-arm-none-eabi/bin/../lib/gcc/arm-none-eabi/14.2.1/thumb/v7e-m+fp/hard\libg.a(libc_a-mprec.o)
                0x08009914                _Bfree
 .text.__multadd
                0x08009928       0xa0 D:/rj/arm-gnu-toolchain-14.2.rel1-mingw-w64-x86_64-arm-none-eabi/bin/../lib/gcc/arm-none-eabi/14.2.1/thumb/v7e-m+fp/hard\libg.a(libc_a-mprec.o)
                0x08009928                __multadd
 .text.__hi0bits
                0x080099c8       0x54 D:/rj/arm-gnu-toolchain-14.2.rel1-mingw-w64-x86_64-arm-none-eabi/bin/../lib/gcc/arm-none-eabi/14.2.1/thumb/v7e-m+fp/hard\libg.a(libc_a-mprec.o)
                0x080099c8                __hi0bits
 .text.__lo0bits
                0x08009a1c       0x80 D:/rj/arm-gnu-toolchain-14.2.rel1-mingw-w64-x86_64-arm-none-eabi/bin/../lib/gcc/arm-none-eabi/14.2.1/thumb/v7e-m+fp/hard\libg.a(libc_a-mprec.o)
                0x08009a1c                __lo0bits
 .text.__i2b    0x08009a9c       0x5c D:/rj/arm-gnu-toolchain-14.2.rel1-mingw-w64-x86_64-arm-none-eabi/bin/../lib/gcc/arm-none-eabi/14.2.1/thumb/v7e-m+fp/hard\libg.a(libc_a-mprec.o)
                0x08009a9c                __i2b
 .text.__multiply
                0x08009af8      0x16c D:/rj/arm-gnu-toolchain-14.2.rel1-mingw-w64-x86_64-arm-none-eabi/bin/../lib/gcc/arm-none-eabi/14.2.1/thumb/v7e-m+fp/hard\libg.a(libc_a-mprec.o)
                0x08009af8                __multiply
 .text.__pow5mult
                0x08009c64       0xc0 D:/rj/arm-gnu-toolchain-14.2.rel1-mingw-w64-x86_64-arm-none-eabi/bin/../lib/gcc/arm-none-eabi/14.2.1/thumb/v7e-m+fp/hard\libg.a(libc_a-mprec.o)
                0x08009c64                __pow5mult
 .text.__lshift
                0x08009d24       0xe8 D:/rj/arm-gnu-toolchain-14.2.rel1-mingw-w64-x86_64-arm-none-eabi/bin/../lib/gcc/arm-none-eabi/14.2.1/thumb/v7e-m+fp/hard\libg.a(libc_a-mprec.o)
                0x08009d24                __lshift
 .text.__mcmp   0x08009e0c       0x44 D:/rj/arm-gnu-toolchain-14.2.rel1-mingw-w64-x86_64-arm-none-eabi/bin/../lib/gcc/arm-none-eabi/14.2.1/thumb/v7e-m+fp/hard\libg.a(libc_a-mprec.o)
                0x08009e0c                __mcmp
 .text.__mdiff  0x08009e50      0x174 D:/rj/arm-gnu-toolchain-14.2.rel1-mingw-w64-x86_64-arm-none-eabi/bin/../lib/gcc/arm-none-eabi/14.2.1/thumb/v7e-m+fp/hard\libg.a(libc_a-mprec.o)
                0x08009e50                __mdiff
 .text.__d2b    0x08009fc4       0xbc D:/rj/arm-gnu-toolchain-14.2.rel1-mingw-w64-x86_64-arm-none-eabi/bin/../lib/gcc/arm-none-eabi/14.2.1/thumb/v7e-m+fp/hard\libg.a(libc_a-mprec.o)
                0x08009fc4                __d2b
 .text.__ascii_wctomb
                0x0800a080       0x1c D:/rj/arm-gnu-toolchain-14.2.rel1-mingw-w64-x86_64-arm-none-eabi/bin/../lib/gcc/arm-none-eabi/14.2.1/thumb/v7e-m+fp/hard\libg.a(libc_a-wctomb_r.o)
                0x0800a080                __ascii_wctomb
 .text._wcrtomb_r
                0x0800a09c       0x4c D:/rj/arm-gnu-toolchain-14.2.rel1-mingw-w64-x86_64-arm-none-eabi/bin/../lib/gcc/arm-none-eabi/14.2.1/thumb/v7e-m+fp/hard\libg.a(libc_a-wcrtomb.o)
                0x0800a09c                _wcrtomb_r
 .text._wcsrtombs_r
                0x0800a0e8       0x18 D:/rj/arm-gnu-toolchain-14.2.rel1-mingw-w64-x86_64-arm-none-eabi/bin/../lib/gcc/arm-none-eabi/14.2.1/thumb/v7e-m+fp/hard\libg.a(libc_a-wcsrtombs.o)
                0x0800a0e8                _wcsrtombs_r
 .text.__ssputs_r
                0x0800a100       0xc0 D:/rj/arm-gnu-toolchain-14.2.rel1-mingw-w64-x86_64-arm-none-eabi/bin/../lib/gcc/arm-none-eabi/14.2.1/thumb/v7e-m+fp/hard\libg.a(libc_a-ssputs_r.o)
                0x0800a100                __ssputs_r
 .text.memmove  0x0800a1c0       0xf8 D:/rj/arm-gnu-toolchain-14.2.rel1-mingw-w64-x86_64-arm-none-eabi/bin/../lib/gcc/arm-none-eabi/14.2.1/thumb/v7e-m+fp/hard\libg.a(libc_a-memmove.o)
                0x0800a1c0                memmove
 .text.__assert_func
                0x0800a2b8       0x40 D:/rj/arm-gnu-toolchain-14.2.rel1-mingw-w64-x86_64-arm-none-eabi/bin/../lib/gcc/arm-none-eabi/14.2.1/thumb/v7e-m+fp/hard\libg.a(libc_a-assert.o)
                0x0800a2b8                __assert_func
 .text._calloc_r
                0x0800a2f8       0x6c D:/rj/arm-gnu-toolchain-14.2.rel1-mingw-w64-x86_64-arm-none-eabi/bin/../lib/gcc/arm-none-eabi/14.2.1/thumb/v7e-m+fp/hard\libg.a(libc_a-callocr.o)
                0x0800a2f8                _calloc_r
 .text._realloc_r
                0x0800a364      0x348 D:/rj/arm-gnu-toolchain-14.2.rel1-mingw-w64-x86_64-arm-none-eabi/bin/../lib/gcc/arm-none-eabi/14.2.1/thumb/v7e-m+fp/hard\libg.a(libc_a-reallocr.o)
                0x0800a364                _realloc_r
 .text._wcsnrtombs_l
                0x0800a6ac       0xf0 D:/rj/arm-gnu-toolchain-14.2.rel1-mingw-w64-x86_64-arm-none-eabi/bin/../lib/gcc/arm-none-eabi/14.2.1/thumb/v7e-m+fp/hard\libg.a(libc_a-wcsnrtombs.o)
                0x0800a6ac                _wcsnrtombs_l
 .text._wcsnrtombs_r
                0x0800a79c       0x24 D:/rj/arm-gnu-toolchain-14.2.rel1-mingw-w64-x86_64-arm-none-eabi/bin/../lib/gcc/arm-none-eabi/14.2.1/thumb/v7e-m+fp/hard\libg.a(libc_a-wcsnrtombs.o)
                0x0800a79c                _wcsnrtombs_r
 .text.fiprintf
                0x0800a7c0       0x28 D:/rj/arm-gnu-toolchain-14.2.rel1-mingw-w64-x86_64-arm-none-eabi/bin/../lib/gcc/arm-none-eabi/14.2.1/thumb/v7e-m+fp/hard\libg.a(libc_a-fiprintf.o)
                0x0800a7c0                fiprintf
 .text._vfiprintf_r
                0x0800a7e8     0x1288 D:/rj/arm-gnu-toolchain-14.2.rel1-mingw-w64-x86_64-arm-none-eabi/bin/../lib/gcc/arm-none-eabi/14.2.1/thumb/v7e-m+fp/hard\libg.a(libc_a-vfiprintf.o)
                0x0800a7e8                _vfiprintf_r
 .text.__sbprintf
                0x0800ba70       0x84 D:/rj/arm-gnu-toolchain-14.2.rel1-mingw-w64-x86_64-arm-none-eabi/bin/../lib/gcc/arm-none-eabi/14.2.1/thumb/v7e-m+fp/hard\libg.a(libc_a-vfiprintf.o)
 .text.__sprint_r
                0x0800baf4       0x20 D:/rj/arm-gnu-toolchain-14.2.rel1-mingw-w64-x86_64-arm-none-eabi/bin/../lib/gcc/arm-none-eabi/14.2.1/thumb/v7e-m+fp/hard\libg.a(libc_a-sprint_r.o)
                0x0800baf4                __sprint_r
 .text.__sfvwrite_r
                0x0800bb14      0x2e4 D:/rj/arm-gnu-toolchain-14.2.rel1-mingw-w64-x86_64-arm-none-eabi/bin/../lib/gcc/arm-none-eabi/14.2.1/thumb/v7e-m+fp/hard\libg.a(libc_a-fvwrite.o)
                0x0800bb14                __sfvwrite_r
 .text.__swsetup_r
                0x0800bdf8       0xfc D:/rj/arm-gnu-toolchain-14.2.rel1-mingw-w64-x86_64-arm-none-eabi/bin/../lib/gcc/arm-none-eabi/14.2.1/thumb/v7e-m+fp/hard\libg.a(libc_a-wsetup.o)
                0x0800bdf8                __swsetup_r
 .text.__smakebuf_r
                0x0800bef4       0xd0 D:/rj/arm-gnu-toolchain-14.2.rel1-mingw-w64-x86_64-arm-none-eabi/bin/../lib/gcc/arm-none-eabi/14.2.1/thumb/v7e-m+fp/hard\libg.a(libc_a-makebuf.o)
                0x0800bef4                __smakebuf_r
 .text._fstat_r
                0x0800bfc4       0x2c D:/rj/arm-gnu-toolchain-14.2.rel1-mingw-w64-x86_64-arm-none-eabi/bin/../lib/gcc/arm-none-eabi/14.2.1/thumb/v7e-m+fp/hard\libg.a(libc_a-fstatr.o)
                0x0800bfc4                _fstat_r
 .text._isatty_r
                0x0800bff0       0x24 D:/rj/arm-gnu-toolchain-14.2.rel1-mingw-w64-x86_64-arm-none-eabi/bin/../lib/gcc/arm-none-eabi/14.2.1/thumb/v7e-m+fp/hard\libg.a(libc_a-isattyr.o)
                0x0800bff0                _isatty_r
 *(.glue_7)
 .glue_7        0x0800c014        0x0 linker stubs
 *(.glue_7t)
 .glue_7t       0x0800c014        0x0 linker stubs
 *(.eh_frame)
 .eh_frame      0x0800c014        0x0 D:/rj/arm-gnu-toolchain-14.2.rel1-mingw-w64-x86_64-arm-none-eabi/bin/../lib/gcc/arm-none-eabi/14.2.1/thumb/v7e-m+fp/hard/crtbegin.o
 *(.init)
 .init          0x0800c014        0x4 D:/rj/arm-gnu-toolchain-14.2.rel1-mingw-w64-x86_64-arm-none-eabi/bin/../lib/gcc/arm-none-eabi/14.2.1/thumb/v7e-m+fp/hard/crti.o
                0x0800c014                _init
 .init          0x0800c018        0x8 D:/rj/arm-gnu-toolchain-14.2.rel1-mingw-w64-x86_64-arm-none-eabi/bin/../lib/gcc/arm-none-eabi/14.2.1/thumb/v7e-m+fp/hard/crtn.o
 *(.fini)
 .fini          0x0800c020        0x4 D:/rj/arm-gnu-toolchain-14.2.rel1-mingw-w64-x86_64-arm-none-eabi/bin/../lib/gcc/arm-none-eabi/14.2.1/thumb/v7e-m+fp/hard/crti.o
                0x0800c020                _fini
 .fini          0x0800c024        0x8 D:/rj/arm-gnu-toolchain-14.2.rel1-mingw-w64-x86_64-arm-none-eabi/bin/../lib/gcc/arm-none-eabi/14.2.1/thumb/v7e-m+fp/hard/crtn.o
                0x0800c02c                        . = ALIGN (0x4)
                0x0800c02c                        _etext = .

.vfp11_veneer   0x0800c02c        0x0
 .vfp11_veneer  0x0800c02c        0x0 linker stubs

.v4_bx          0x0800c02c        0x0
 .v4_bx         0x0800c02c        0x0 linker stubs

.iplt           0x0800c02c        0x0
 .iplt          0x0800c02c        0x0 D:/rj/arm-gnu-toolchain-14.2.rel1-mingw-w64-x86_64-arm-none-eabi/bin/../lib/gcc/arm-none-eabi/14.2.1/thumb/v7e-m+fp/hard/crtbegin.o

.rodata         0x0800c030      0x464
                0x0800c030                        . = ALIGN (0x4)
 *(.rodata)
 *(.rodata*)
 .rodata.CPP_Main.str1.4
                0x0800c030      0x1e3 CMakeFiles/F411CEU6_Project.elf.dir/Component/UserApp/main.cpp.obj
                                 0x15 (size before relaxing)
 .rodata.str1.4
                0x0800c213        0xc CMakeFiles/F411CEU6_Project.elf.dir/Core/Src/freertos.c.obj
 *fill*         0x0800c213        0x1 
 .rodata.defaultTask_attributes
                0x0800c214       0x24 CMakeFiles/F411CEU6_Project.elf.dir/Core/Src/freertos.c.obj
                0x0800c214                defaultTask_attributes
 .rodata.APBPrescTable
                0x0800c238        0x8 CMakeFiles/F411CEU6_Project.elf.dir/Core/Src/system_stm32f4xx.c.obj
                0x0800c238                APBPrescTable
 .rodata.AHBPrescTable
                0x0800c240       0x10 CMakeFiles/F411CEU6_Project.elf.dir/Core/Src/system_stm32f4xx.c.obj
                0x0800c240                AHBPrescTable
 .rodata.vTaskStartScheduler.str1.4
                0x0800c250        0x5 CMakeFiles/F411CEU6_Project.elf.dir/Middlewares/Third_Party/FreeRTOS/Source/tasks.c.obj
 .rodata.prvCheckForValidListAndQueue.str1.4
                0x0800c250        0x5 CMakeFiles/F411CEU6_Project.elf.dir/Middlewares/Third_Party/FreeRTOS/Source/timers.c.obj
 .rodata.xTimerCreateTimerTask.str1.4
                0x0800c250        0x8 CMakeFiles/F411CEU6_Project.elf.dir/Middlewares/Third_Party/FreeRTOS/Source/timers.c.obj
 .rodata._svfprintf_r.str1.4
                0x0800c250       0x42 D:/rj/arm-gnu-toolchain-14.2.rel1-mingw-w64-x86_64-arm-none-eabi/bin/../lib/gcc/arm-none-eabi/14.2.1/thumb/v7e-m+fp/hard\libg.a(libc_a-svfprintf.o)
 .rodata.zeroes.0
                0x0800c250       0x10 D:/rj/arm-gnu-toolchain-14.2.rel1-mingw-w64-x86_64-arm-none-eabi/bin/../lib/gcc/arm-none-eabi/14.2.1/thumb/v7e-m+fp/hard\libg.a(libc_a-svfprintf.o)
 .rodata.blanks.1
                0x0800c260       0x10 D:/rj/arm-gnu-toolchain-14.2.rel1-mingw-w64-x86_64-arm-none-eabi/bin/../lib/gcc/arm-none-eabi/14.2.1/thumb/v7e-m+fp/hard\libg.a(libc_a-svfprintf.o)
 .rodata.str1.4
                0x0800c270       0x4c D:/rj/arm-gnu-toolchain-14.2.rel1-mingw-w64-x86_64-arm-none-eabi/bin/../lib/gcc/arm-none-eabi/14.2.1/thumb/v7e-m+fp/hard\libg.a(libc_a-locale.o)
 .rodata._dtoa_r.str1.4
                0x0800c270       0x83 D:/rj/arm-gnu-toolchain-14.2.rel1-mingw-w64-x86_64-arm-none-eabi/bin/../lib/gcc/arm-none-eabi/14.2.1/thumb/v7e-m+fp/hard\libg.a(libc_a-dtoa.o)
 .rodata.__multadd.str1.4
                0x0800c270       0x70 D:/rj/arm-gnu-toolchain-14.2.rel1-mingw-w64-x86_64-arm-none-eabi/bin/../lib/gcc/arm-none-eabi/14.2.1/thumb/v7e-m+fp/hard\libg.a(libc_a-mprec.o)
 .rodata.p05.0  0x0800c270        0xc D:/rj/arm-gnu-toolchain-14.2.rel1-mingw-w64-x86_64-arm-none-eabi/bin/../lib/gcc/arm-none-eabi/14.2.1/thumb/v7e-m+fp/hard\libg.a(libc_a-mprec.o)
 *fill*         0x0800c27c        0x4 
 .rodata.__mprec_bigtens
                0x0800c280       0x28 D:/rj/arm-gnu-toolchain-14.2.rel1-mingw-w64-x86_64-arm-none-eabi/bin/../lib/gcc/arm-none-eabi/14.2.1/thumb/v7e-m+fp/hard\libg.a(libc_a-mprec.o)
                0x0800c280                __mprec_bigtens
 .rodata.__mprec_tens
                0x0800c2a8       0xc8 D:/rj/arm-gnu-toolchain-14.2.rel1-mingw-w64-x86_64-arm-none-eabi/bin/../lib/gcc/arm-none-eabi/14.2.1/thumb/v7e-m+fp/hard\libg.a(libc_a-mprec.o)
                0x0800c2a8                __mprec_tens
 .rodata._ctype_
                0x0800c370      0x101 D:/rj/arm-gnu-toolchain-14.2.rel1-mingw-w64-x86_64-arm-none-eabi/bin/../lib/gcc/arm-none-eabi/14.2.1/thumb/v7e-m+fp/hard\libg.a(libc_a-ctype_.o)
                0x0800c370                _ctype_
 .rodata.__assert_func.str1.4
                0x0800c471       0x43 D:/rj/arm-gnu-toolchain-14.2.rel1-mingw-w64-x86_64-arm-none-eabi/bin/../lib/gcc/arm-none-eabi/14.2.1/thumb/v7e-m+fp/hard\libg.a(libc_a-assert.o)
 .rodata._vfiprintf_r.str1.4
                0x0800c471       0x2f D:/rj/arm-gnu-toolchain-14.2.rel1-mingw-w64-x86_64-arm-none-eabi/bin/../lib/gcc/arm-none-eabi/14.2.1/thumb/v7e-m+fp/hard\libg.a(libc_a-vfiprintf.o)
 *fill*         0x0800c471        0x3 
 .rodata.zeroes.0
                0x0800c474       0x10 D:/rj/arm-gnu-toolchain-14.2.rel1-mingw-w64-x86_64-arm-none-eabi/bin/../lib/gcc/arm-none-eabi/14.2.1/thumb/v7e-m+fp/hard\libg.a(libc_a-vfiprintf.o)
 .rodata.blanks.1
                0x0800c484       0x10 D:/rj/arm-gnu-toolchain-14.2.rel1-mingw-w64-x86_64-arm-none-eabi/bin/../lib/gcc/arm-none-eabi/14.2.1/thumb/v7e-m+fp/hard\libg.a(libc_a-vfiprintf.o)
                0x0800c494                        . = ALIGN (0x4)

.ARM.extab      0x0800c494       0x18
                0x0800c494                        . = ALIGN (0x4)
 *(.ARM.extab* .gnu.linkonce.armextab.*)
 .ARM.extab.text._Z12LEDBlinkFuncv
                0x0800c494        0xc CMakeFiles/F411CEU6_Project.elf.dir/Component/UserApp/main.cpp.obj
 .ARM.extab.text.__gnu_Unwind_Resume_or_Rethrow
                0x0800c4a0        0xc D:/rj/arm-gnu-toolchain-14.2.rel1-mingw-w64-x86_64-arm-none-eabi/bin/../lib/gcc/arm-none-eabi/14.2.1/thumb/v7e-m+fp/hard\libgcc.a(unwind-arm.o)
                0x0800c4ac                        . = ALIGN (0x4)

.ARM            0x0800c4ac       0xa8
                0x0800c4ac                        . = ALIGN (0x4)
                0x0800c4ac                        __exidx_start = .
 *(.ARM.exidx*)
 .ARM.exidx     0x0800c4ac        0x8 D:/rj/arm-gnu-toolchain-14.2.rel1-mingw-w64-x86_64-arm-none-eabi/bin/../lib/gcc/arm-none-eabi/14.2.1/thumb/v7e-m+fp/hard\libg.a(libc_a-memcpy.o)
 .ARM.exidx     0x0800c4b4        0x0 D:/rj/arm-gnu-toolchain-14.2.rel1-mingw-w64-x86_64-arm-none-eabi/bin/../lib/gcc/arm-none-eabi/14.2.1/thumb/v7e-m+fp/hard\libg.a(libc_a-strlen.o)
                                  0x8 (size before relaxing)
 .ARM.exidx     0x0800c4b4        0x0 D:/rj/arm-gnu-toolchain-14.2.rel1-mingw-w64-x86_64-arm-none-eabi/bin/../lib/gcc/arm-none-eabi/14.2.1/thumb/v7e-m+fp/hard\libg.a(libc_a-memchr.o)
                                  0x8 (size before relaxing)
 .ARM.exidx.text._Z12LEDBlinkFuncv
                0x0800c4b4        0x8 CMakeFiles/F411CEU6_Project.elf.dir/Component/UserApp/main.cpp.obj
 .ARM.exidx.text.CPP_Main
                0x0800c4bc       0x10 CMakeFiles/F411CEU6_Project.elf.dir/Component/UserApp/main.cpp.obj
                                  0x8 (size before relaxing)
 .ARM.exidx.text.__udivmoddi4
                0x0800c4cc        0x0 D:/rj/arm-gnu-toolchain-14.2.rel1-mingw-w64-x86_64-arm-none-eabi/bin/../lib/gcc/arm-none-eabi/14.2.1/thumb/v7e-m+fp/hard\libgcc.a(_udivmoddi4.o)
                                  0x8 (size before relaxing)
 .ARM.exidx.text.selfrel_offset31
                0x0800c4cc        0x0 D:/rj/arm-gnu-toolchain-14.2.rel1-mingw-w64-x86_64-arm-none-eabi/bin/../lib/gcc/arm-none-eabi/14.2.1/thumb/v7e-m+fp/hard\libgcc.a(unwind-arm.o)
                                  0x8 (size before relaxing)
 .ARM.exidx.text.search_EIT_table
                0x0800c4cc        0x0 D:/rj/arm-gnu-toolchain-14.2.rel1-mingw-w64-x86_64-arm-none-eabi/bin/../lib/gcc/arm-none-eabi/14.2.1/thumb/v7e-m+fp/hard\libgcc.a(unwind-arm.o)
                                  0x8 (size before relaxing)
 .ARM.exidx.text.__gnu_unwind_get_pr_addr
                0x0800c4cc        0x0 D:/rj/arm-gnu-toolchain-14.2.rel1-mingw-w64-x86_64-arm-none-eabi/bin/../lib/gcc/arm-none-eabi/14.2.1/thumb/v7e-m+fp/hard\libgcc.a(unwind-arm.o)
                                  0x8 (size before relaxing)
 .ARM.exidx.text.get_eit_entry
                0x0800c4cc        0x8 D:/rj/arm-gnu-toolchain-14.2.rel1-mingw-w64-x86_64-arm-none-eabi/bin/../lib/gcc/arm-none-eabi/14.2.1/thumb/v7e-m+fp/hard\libgcc.a(unwind-arm.o)
 .ARM.exidx.text.restore_non_core_regs
                0x0800c4d4        0x8 D:/rj/arm-gnu-toolchain-14.2.rel1-mingw-w64-x86_64-arm-none-eabi/bin/../lib/gcc/arm-none-eabi/14.2.1/thumb/v7e-m+fp/hard\libgcc.a(unwind-arm.o)
 .ARM.exidx.text._Unwind_decode_typeinfo_ptr.constprop.0
                0x0800c4dc        0x8 D:/rj/arm-gnu-toolchain-14.2.rel1-mingw-w64-x86_64-arm-none-eabi/bin/../lib/gcc/arm-none-eabi/14.2.1/thumb/v7e-m+fp/hard\libgcc.a(unwind-arm.o)
 .ARM.exidx.text._Unwind_DebugHook
                0x0800c4e4        0x0 D:/rj/arm-gnu-toolchain-14.2.rel1-mingw-w64-x86_64-arm-none-eabi/bin/../lib/gcc/arm-none-eabi/14.2.1/thumb/v7e-m+fp/hard\libgcc.a(unwind-arm.o)
                                  0x8 (size before relaxing)
 .ARM.exidx.text.unwind_phase2
                0x0800c4e4        0x8 D:/rj/arm-gnu-toolchain-14.2.rel1-mingw-w64-x86_64-arm-none-eabi/bin/../lib/gcc/arm-none-eabi/14.2.1/thumb/v7e-m+fp/hard\libgcc.a(unwind-arm.o)
 .ARM.exidx.text.unwind_phase2_forced
                0x0800c4ec        0x8 D:/rj/arm-gnu-toolchain-14.2.rel1-mingw-w64-x86_64-arm-none-eabi/bin/../lib/gcc/arm-none-eabi/14.2.1/thumb/v7e-m+fp/hard\libgcc.a(unwind-arm.o)
 .ARM.exidx.text.__gnu_Unwind_RaiseException
                0x0800c4f4        0x8 D:/rj/arm-gnu-toolchain-14.2.rel1-mingw-w64-x86_64-arm-none-eabi/bin/../lib/gcc/arm-none-eabi/14.2.1/thumb/v7e-m+fp/hard\libgcc.a(unwind-arm.o)
 .ARM.exidx.text.__gnu_Unwind_ForcedUnwind
                0x0800c4fc        0x8 D:/rj/arm-gnu-toolchain-14.2.rel1-mingw-w64-x86_64-arm-none-eabi/bin/../lib/gcc/arm-none-eabi/14.2.1/thumb/v7e-m+fp/hard\libgcc.a(unwind-arm.o)
 .ARM.exidx.text.__gnu_Unwind_Resume
                0x0800c504        0x8 D:/rj/arm-gnu-toolchain-14.2.rel1-mingw-w64-x86_64-arm-none-eabi/bin/../lib/gcc/arm-none-eabi/14.2.1/thumb/v7e-m+fp/hard\libgcc.a(unwind-arm.o)
 .ARM.exidx.text.__gnu_Unwind_Resume_or_Rethrow
                0x0800c50c        0x8 D:/rj/arm-gnu-toolchain-14.2.rel1-mingw-w64-x86_64-arm-none-eabi/bin/../lib/gcc/arm-none-eabi/14.2.1/thumb/v7e-m+fp/hard\libgcc.a(unwind-arm.o)
 .ARM.exidx.text._Unwind_VRS_Get
                0x0800c514        0x8 D:/rj/arm-gnu-toolchain-14.2.rel1-mingw-w64-x86_64-arm-none-eabi/bin/../lib/gcc/arm-none-eabi/14.2.1/thumb/v7e-m+fp/hard\libgcc.a(unwind-arm.o)
 .ARM.exidx.text._Unwind_GetGR
                0x0800c51c        0x0 D:/rj/arm-gnu-toolchain-14.2.rel1-mingw-w64-x86_64-arm-none-eabi/bin/../lib/gcc/arm-none-eabi/14.2.1/thumb/v7e-m+fp/hard\libgcc.a(unwind-arm.o)
                                  0x8 (size before relaxing)
 .ARM.exidx.text._Unwind_VRS_Set
                0x0800c51c        0x0 D:/rj/arm-gnu-toolchain-14.2.rel1-mingw-w64-x86_64-arm-none-eabi/bin/../lib/gcc/arm-none-eabi/14.2.1/thumb/v7e-m+fp/hard\libgcc.a(unwind-arm.o)
                                  0x8 (size before relaxing)
 .ARM.exidx.text._Unwind_SetGR
                0x0800c51c        0x0 D:/rj/arm-gnu-toolchain-14.2.rel1-mingw-w64-x86_64-arm-none-eabi/bin/../lib/gcc/arm-none-eabi/14.2.1/thumb/v7e-m+fp/hard\libgcc.a(unwind-arm.o)
                                  0x8 (size before relaxing)
 .ARM.exidx.text.__gnu_Unwind_Backtrace
                0x0800c51c        0x8 D:/rj/arm-gnu-toolchain-14.2.rel1-mingw-w64-x86_64-arm-none-eabi/bin/../lib/gcc/arm-none-eabi/14.2.1/thumb/v7e-m+fp/hard\libgcc.a(unwind-arm.o)
 .ARM.exidx.text.__gnu_unwind_pr_common
                0x0800c524        0x8 D:/rj/arm-gnu-toolchain-14.2.rel1-mingw-w64-x86_64-arm-none-eabi/bin/../lib/gcc/arm-none-eabi/14.2.1/thumb/v7e-m+fp/hard\libgcc.a(unwind-arm.o)
 .ARM.exidx.text.__aeabi_unwind_cpp_pr0
                0x0800c52c        0x8 D:/rj/arm-gnu-toolchain-14.2.rel1-mingw-w64-x86_64-arm-none-eabi/bin/../lib/gcc/arm-none-eabi/14.2.1/thumb/v7e-m+fp/hard\libgcc.a(unwind-arm.o)
 .ARM.exidx.text.__aeabi_unwind_cpp_pr1
                0x0800c534        0x0 D:/rj/arm-gnu-toolchain-14.2.rel1-mingw-w64-x86_64-arm-none-eabi/bin/../lib/gcc/arm-none-eabi/14.2.1/thumb/v7e-m+fp/hard\libgcc.a(unwind-arm.o)
                                  0x8 (size before relaxing)
 .ARM.exidx.text.__aeabi_unwind_cpp_pr2
                0x0800c534        0x0 D:/rj/arm-gnu-toolchain-14.2.rel1-mingw-w64-x86_64-arm-none-eabi/bin/../lib/gcc/arm-none-eabi/14.2.1/thumb/v7e-m+fp/hard\libgcc.a(unwind-arm.o)
                                  0x8 (size before relaxing)
 .ARM.exidx.text._Unwind_VRS_Pop
                0x0800c534        0x8 D:/rj/arm-gnu-toolchain-14.2.rel1-mingw-w64-x86_64-arm-none-eabi/bin/../lib/gcc/arm-none-eabi/14.2.1/thumb/v7e-m+fp/hard\libgcc.a(unwind-arm.o)
 .ARM.exidx.text.next_unwind_byte
                0x0800c53c        0x8 D:/rj/arm-gnu-toolchain-14.2.rel1-mingw-w64-x86_64-arm-none-eabi/bin/../lib/gcc/arm-none-eabi/14.2.1/thumb/v7e-m+fp/hard\libgcc.a(pr-support.o)
 .ARM.exidx.text.__gnu_unwind_execute
                0x0800c544       0x10 D:/rj/arm-gnu-toolchain-14.2.rel1-mingw-w64-x86_64-arm-none-eabi/bin/../lib/gcc/arm-none-eabi/14.2.1/thumb/v7e-m+fp/hard\libgcc.a(pr-support.o)
                                  0x8 (size before relaxing)
                0x0800c554                        __exidx_end = .
                0x0800c554                        . = ALIGN (0x4)

.preinit_array  0x0800c554        0x0
                0x0800c554                        . = ALIGN (0x4)
                0x0800c554                        PROVIDE (__preinit_array_start = .)
 *(.preinit_array*)
                0x0800c554                        PROVIDE (__preinit_array_end = .)
                0x0800c554                        . = ALIGN (0x4)

.init_array     0x0800c554        0x8
                0x0800c554                        . = ALIGN (0x4)
                0x0800c554                        PROVIDE (__init_array_start = .)
 *(SORT_BY_NAME(.init_array.*))
 .init_array.00000
                0x0800c554        0x4 D:/rj/arm-gnu-toolchain-14.2.rel1-mingw-w64-x86_64-arm-none-eabi/bin/../lib/gcc/arm-none-eabi/14.2.1/thumb/v7e-m+fp/hard\libg.a(libc_a-__call_atexit.o)
 *(.init_array*)
 .init_array    0x0800c558        0x4 D:/rj/arm-gnu-toolchain-14.2.rel1-mingw-w64-x86_64-arm-none-eabi/bin/../lib/gcc/arm-none-eabi/14.2.1/thumb/v7e-m+fp/hard/crtbegin.o
                0x0800c55c                        PROVIDE (__init_array_end = .)
                0x0800c55c                        . = ALIGN (0x4)

.fini_array     0x0800c55c        0x4
                0x0800c55c                        . = ALIGN (0x4)
                0x0800c55c                        PROVIDE (__fini_array_start = .)
 *(SORT_BY_NAME(.fini_array.*))
 *(.fini_array*)
 .fini_array    0x0800c55c        0x4 D:/rj/arm-gnu-toolchain-14.2.rel1-mingw-w64-x86_64-arm-none-eabi/bin/../lib/gcc/arm-none-eabi/14.2.1/thumb/v7e-m+fp/hard/crtbegin.o
                0x0800c560                        PROVIDE (__fini_array_end = .)
                0x0800c560                        . = ALIGN (0x4)
                0x0800c560                        _sidata = LOADADDR (.data)

.rel.dyn        0x0800c560        0x0
 .rel.iplt      0x0800c560        0x0 D:/rj/arm-gnu-toolchain-14.2.rel1-mingw-w64-x86_64-arm-none-eabi/bin/../lib/gcc/arm-none-eabi/14.2.1/thumb/v7e-m+fp/hard/crtbegin.o

.data           0x20000000      0x6e4 load address 0x0800c560
                0x20000000                        . = ALIGN (0x4)
                0x20000000                        _sdata = .
 *(.data)
 *(.data*)
 .data.SystemCoreClock
                0x20000000        0x4 CMakeFiles/F411CEU6_Project.elf.dir/Core/Src/system_stm32f4xx.c.obj
                0x20000000                SystemCoreClock
 .data.uwTickFreq
                0x20000004        0x1 CMakeFiles/F411CEU6_Project.elf.dir/Drivers/STM32F4xx_HAL_Driver/Src/stm32f4xx_hal.c.obj
                0x20000004                uwTickFreq
 *fill*         0x20000005        0x3 
 .data.uwTickPrio
                0x20000008        0x4 CMakeFiles/F411CEU6_Project.elf.dir/Drivers/STM32F4xx_HAL_Driver/Src/stm32f4xx_hal.c.obj
                0x20000008                uwTickPrio
 .data.uxCriticalNesting
                0x2000000c        0x4 CMakeFiles/F411CEU6_Project.elf.dir/Middlewares/Third_Party/FreeRTOS/Source/portable/GCC/ARM_CM4F/port.c.obj
 .data.__sglue  0x20000010        0xc D:/rj/arm-gnu-toolchain-14.2.rel1-mingw-w64-x86_64-arm-none-eabi/bin/../lib/gcc/arm-none-eabi/14.2.1/thumb/v7e-m+fp/hard\libg.a(libc_a-findfp.o)
                0x20000010                __sglue
 .data._impure_ptr
                0x2000001c        0x4 D:/rj/arm-gnu-toolchain-14.2.rel1-mingw-w64-x86_64-arm-none-eabi/bin/../lib/gcc/arm-none-eabi/14.2.1/thumb/v7e-m+fp/hard\libg.a(libc_a-impure.o)
                0x2000001c                _impure_ptr
 .data._impure_data
                0x20000020      0x140 D:/rj/arm-gnu-toolchain-14.2.rel1-mingw-w64-x86_64-arm-none-eabi/bin/../lib/gcc/arm-none-eabi/14.2.1/thumb/v7e-m+fp/hard\libg.a(libc_a-impure.o)
                0x20000020                _impure_data
 .data.__atexit_recursive_mutex
                0x20000160        0x4 D:/rj/arm-gnu-toolchain-14.2.rel1-mingw-w64-x86_64-arm-none-eabi/bin/../lib/gcc/arm-none-eabi/14.2.1/thumb/v7e-m+fp/hard\libg.a(libc_a-__call_atexit.o)
                0x20000160                __atexit_recursive_mutex
 .data.__malloc_sbrk_base
                0x20000164        0x4 D:/rj/arm-gnu-toolchain-14.2.rel1-mingw-w64-x86_64-arm-none-eabi/bin/../lib/gcc/arm-none-eabi/14.2.1/thumb/v7e-m+fp/hard\libg.a(libc_a-mallocr.o)
                0x20000164                __malloc_sbrk_base
 .data.__malloc_trim_threshold
                0x20000168        0x4 D:/rj/arm-gnu-toolchain-14.2.rel1-mingw-w64-x86_64-arm-none-eabi/bin/../lib/gcc/arm-none-eabi/14.2.1/thumb/v7e-m+fp/hard\libg.a(libc_a-mallocr.o)
                0x20000168                __malloc_trim_threshold
 *fill*         0x2000016c        0x4 
 .data.__malloc_av_
                0x20000170      0x408 D:/rj/arm-gnu-toolchain-14.2.rel1-mingw-w64-x86_64-arm-none-eabi/bin/../lib/gcc/arm-none-eabi/14.2.1/thumb/v7e-m+fp/hard\libg.a(libc_a-mallocr.o)
                0x20000170                __malloc_av_
 .data.__global_locale
                0x20000578      0x16c D:/rj/arm-gnu-toolchain-14.2.rel1-mingw-w64-x86_64-arm-none-eabi/bin/../lib/gcc/arm-none-eabi/14.2.1/thumb/v7e-m+fp/hard\libg.a(libc_a-locale.o)
                0x20000578                __global_locale
 *(.RamFunc)
 *(.RamFunc*)
                0x200006e4                        . = ALIGN (0x4)
                0x200006e4                        _edata = .

.tm_clone_table
                0x200006e4        0x0 load address 0x0800cc44
 .tm_clone_table
                0x200006e4        0x0 D:/rj/arm-gnu-toolchain-14.2.rel1-mingw-w64-x86_64-arm-none-eabi/bin/../lib/gcc/arm-none-eabi/14.2.1/thumb/v7e-m+fp/hard/crtbegin.o
 .tm_clone_table
                0x200006e4        0x0 D:/rj/arm-gnu-toolchain-14.2.rel1-mingw-w64-x86_64-arm-none-eabi/bin/../lib/gcc/arm-none-eabi/14.2.1/thumb/v7e-m+fp/hard/crtend.o

.igot.plt       0x200006e4        0x0 load address 0x0800cc44
 .igot.plt      0x200006e4        0x0 D:/rj/arm-gnu-toolchain-14.2.rel1-mingw-w64-x86_64-arm-none-eabi/bin/../lib/gcc/arm-none-eabi/14.2.1/thumb/v7e-m+fp/hard/crtbegin.o
                0x200006e4                        . = ALIGN (0x4)

.bss            0x200006e8     0x4fa4 load address 0x0800cc44
                0x200006e8                        _sbss = .
                0x200006e8                        __bss_start__ = _sbss
 *(.bss)
 *(.bss*)
 .bss.completed.1
                0x200006e8        0x1 D:/rj/arm-gnu-toolchain-14.2.rel1-mingw-w64-x86_64-arm-none-eabi/bin/../lib/gcc/arm-none-eabi/14.2.1/thumb/v7e-m+fp/hard/crtbegin.o
 *fill*         0x200006e9        0x3 
 .bss.object.0  0x200006ec       0x18 D:/rj/arm-gnu-toolchain-14.2.rel1-mingw-w64-x86_64-arm-none-eabi/bin/../lib/gcc/arm-none-eabi/14.2.1/thumb/v7e-m+fp/hard/crtbegin.o
 .bss.defaultTaskHandle
                0x20000704        0x4 CMakeFiles/F411CEU6_Project.elf.dir/Core/Src/freertos.c.obj
                0x20000704                defaultTaskHandle
 .bss.htim4     0x20000708       0x48 CMakeFiles/F411CEU6_Project.elf.dir/Core/Src/stm32f4xx_hal_timebase_tim.c.obj
                0x20000708                htim4
 .bss.__sbrk_heap_end
                0x20000750        0x4 CMakeFiles/F411CEU6_Project.elf.dir/Core/Src/sysmem.c.obj
 .bss.huart1    0x20000754       0x48 CMakeFiles/F411CEU6_Project.elf.dir/Core/Src/usart.c.obj
                0x20000754                huart1
 .bss.uwTick    0x2000079c        0x4 CMakeFiles/F411CEU6_Project.elf.dir/Drivers/STM32F4xx_HAL_Driver/Src/stm32f4xx_hal.c.obj
                0x2000079c                uwTick
 .bss.Timer_Stack.0
                0x200007a0      0x400 CMakeFiles/F411CEU6_Project.elf.dir/Middlewares/Third_Party/FreeRTOS/Source/CMSIS_RTOS_V2/cmsis_os2.c.obj
 .bss.Timer_TCB.1
                0x20000ba0      0x1a0 CMakeFiles/F411CEU6_Project.elf.dir/Middlewares/Third_Party/FreeRTOS/Source/CMSIS_RTOS_V2/cmsis_os2.c.obj
 .bss.Idle_Stack.2
                0x20000d40      0x200 CMakeFiles/F411CEU6_Project.elf.dir/Middlewares/Third_Party/FreeRTOS/Source/CMSIS_RTOS_V2/cmsis_os2.c.obj
 .bss.Idle_TCB.3
                0x20000f40      0x1a0 CMakeFiles/F411CEU6_Project.elf.dir/Middlewares/Third_Party/FreeRTOS/Source/CMSIS_RTOS_V2/cmsis_os2.c.obj
 .bss.KernelState
                0x200010e0        0x4 CMakeFiles/F411CEU6_Project.elf.dir/Middlewares/Third_Party/FreeRTOS/Source/CMSIS_RTOS_V2/cmsis_os2.c.obj
 .bss.ulMaxPRIGROUPValue
                0x200010e4        0x4 CMakeFiles/F411CEU6_Project.elf.dir/Middlewares/Third_Party/FreeRTOS/Source/portable/GCC/ARM_CM4F/port.c.obj
 .bss.ucMaxSysCallPriority
                0x200010e8        0x1 CMakeFiles/F411CEU6_Project.elf.dir/Middlewares/Third_Party/FreeRTOS/Source/portable/GCC/ARM_CM4F/port.c.obj
 *fill*         0x200010e9        0x3 