Archive member included to satisfy reference by file (symbol)

D:/rj/arm-gnu-toolchain-14.2.rel1-mingw-w64-x86_64-arm-none-eabi/bin/../lib/gcc/arm-none-eabi/14.2.1/thumb/v7e-m+fp/hard\libstdc++.a(del_ops.o)
                              CMakeFiles/WL1_F411CEU6_V1.0.elf.dir/Component/UserApp/main.cpp.obj (operator delete(void*, unsigned int))
D:/rj/arm-gnu-toolchain-14.2.rel1-mingw-w64-x86_64-arm-none-eabi/bin/../lib/gcc/arm-none-eabi/14.2.1/thumb/v7e-m+fp/hard\libstdc++.a(eh_arm.o)
                              CMakeFiles/WL1_F411CEU6_V1.0.elf.dir/Component/UserApp/main.cpp.obj (__cxa_end_cleanup)
D:/rj/arm-gnu-toolchain-14.2.rel1-mingw-w64-x86_64-arm-none-eabi/bin/../lib/gcc/arm-none-eabi/14.2.1/thumb/v7e-m+fp/hard\libstdc++.a(eh_exception.o)
                              D:/rj/arm-gnu-toolchain-14.2.rel1-mingw-w64-x86_64-arm-none-eabi/bin/../lib/gcc/arm-none-eabi/14.2.1/thumb/v7e-m+fp/hard\libstdc++.a(eh_arm.o) (typeinfo for __cxxabiv1::__forced_unwind)
D:/rj/arm-gnu-toolchain-14.2.rel1-mingw-w64-x86_64-arm-none-eabi/bin/../lib/gcc/arm-none-eabi/14.2.1/thumb/v7e-m+fp/hard\libstdc++.a(eh_globals.o)
                              D:/rj/arm-gnu-toolchain-14.2.rel1-mingw-w64-x86_64-arm-none-eabi/bin/../lib/gcc/arm-none-eabi/14.2.1/thumb/v7e-m+fp/hard\libstdc++.a(eh_arm.o) (__cxa_get_globals)
D:/rj/arm-gnu-toolchain-14.2.rel1-mingw-w64-x86_64-arm-none-eabi/bin/../lib/gcc/arm-none-eabi/14.2.1/thumb/v7e-m+fp/hard\libstdc++.a(eh_personality.o)
                              CMakeFiles/WL1_F411CEU6_V1.0.elf.dir/Component/HardWare/Motor/TB6612.cpp.obj (__gxx_personality_v0)
D:/rj/arm-gnu-toolchain-14.2.rel1-mingw-w64-x86_64-arm-none-eabi/bin/../lib/gcc/arm-none-eabi/14.2.1/thumb/v7e-m+fp/hard\libstdc++.a(eh_terminate.o)
                              D:/rj/arm-gnu-toolchain-14.2.rel1-mingw-w64-x86_64-arm-none-eabi/bin/../lib/gcc/arm-none-eabi/14.2.1/thumb/v7e-m+fp/hard\libstdc++.a(eh_arm.o) (std::terminate())
D:/rj/arm-gnu-toolchain-14.2.rel1-mingw-w64-x86_64-arm-none-eabi/bin/../lib/gcc/arm-none-eabi/14.2.1/thumb/v7e-m+fp/hard\libstdc++.a(eh_unex_handler.o)
                              D:/rj/arm-gnu-toolchain-14.2.rel1-mingw-w64-x86_64-arm-none-eabi/bin/../lib/gcc/arm-none-eabi/14.2.1/thumb/v7e-m+fp/hard\libstdc++.a(eh_terminate.o) (__cxxabiv1::__unexpected_handler)
D:/rj/arm-gnu-toolchain-14.2.rel1-mingw-w64-x86_64-arm-none-eabi/bin/../lib/gcc/arm-none-eabi/14.2.1/thumb/v7e-m+fp/hard\libstdc++.a(new_op.o)
                              CMakeFiles/WL1_F411CEU6_V1.0.elf.dir/Component/UserApp/main.cpp.obj (operator new(unsigned int))
D:/rj/arm-gnu-toolchain-14.2.rel1-mingw-w64-x86_64-arm-none-eabi/bin/../lib/gcc/arm-none-eabi/14.2.1/thumb/v7e-m+fp/hard\libstdc++.a(si_class_type_info.o)
                              D:/rj/arm-gnu-toolchain-14.2.rel1-mingw-w64-x86_64-arm-none-eabi/bin/../lib/gcc/arm-none-eabi/14.2.1/thumb/v7e-m+fp/hard\libstdc++.a(eh_exception.o) (vtable for __cxxabiv1::__si_class_type_info)
D:/rj/arm-gnu-toolchain-14.2.rel1-mingw-w64-x86_64-arm-none-eabi/bin/../lib/gcc/arm-none-eabi/14.2.1/thumb/v7e-m+fp/hard\libstdc++.a(tinfo.o)
                              D:/rj/arm-gnu-toolchain-14.2.rel1-mingw-w64-x86_64-arm-none-eabi/bin/../lib/gcc/arm-none-eabi/14.2.1/thumb/v7e-m+fp/hard\libstdc++.a(si_class_type_info.o) (std::type_info::__is_pointer_p() const)
D:/rj/arm-gnu-toolchain-14.2.rel1-mingw-w64-x86_64-arm-none-eabi/bin/../lib/gcc/arm-none-eabi/14.2.1/thumb/v7e-m+fp/hard\libstdc++.a(vterminate.o)
                              D:/rj/arm-gnu-toolchain-14.2.rel1-mingw-w64-x86_64-arm-none-eabi/bin/../lib/gcc/arm-none-eabi/14.2.1/thumb/v7e-m+fp/hard\libstdc++.a(eh_terminate.o) (__gnu_cxx::__verbose_terminate_handler())
D:/rj/arm-gnu-toolchain-14.2.rel1-mingw-w64-x86_64-arm-none-eabi/bin/../lib/gcc/arm-none-eabi/14.2.1/thumb/v7e-m+fp/hard\libstdc++.a(bad_alloc.o)
                              D:/rj/arm-gnu-toolchain-14.2.rel1-mingw-w64-x86_64-arm-none-eabi/bin/../lib/gcc/arm-none-eabi/14.2.1/thumb/v7e-m+fp/hard\libstdc++.a(new_op.o) (vtable for std::bad_alloc)
D:/rj/arm-gnu-toolchain-14.2.rel1-mingw-w64-x86_64-arm-none-eabi/bin/../lib/gcc/arm-none-eabi/14.2.1/thumb/v7e-m+fp/hard\libstdc++.a(class_type_info.o)
                              D:/rj/arm-gnu-toolchain-14.2.rel1-mingw-w64-x86_64-arm-none-eabi/bin/../lib/gcc/arm-none-eabi/14.2.1/thumb/v7e-m+fp/hard\libstdc++.a(si_class_type_info.o) (__cxxabiv1::__class_type_info::__do_upcast(__cxxabiv1::__class_type_info const*, void**) const)
D:/rj/arm-gnu-toolchain-14.2.rel1-mingw-w64-x86_64-arm-none-eabi/bin/../lib/gcc/arm-none-eabi/14.2.1/thumb/v7e-m+fp/hard\libstdc++.a(cp-demangle.o)
                              D:/rj/arm-gnu-toolchain-14.2.rel1-mingw-w64-x86_64-arm-none-eabi/bin/../lib/gcc/arm-none-eabi/14.2.1/thumb/v7e-m+fp/hard\libstdc++.a(vterminate.o) (__cxa_demangle)
D:/rj/arm-gnu-toolchain-14.2.rel1-mingw-w64-x86_64-arm-none-eabi/bin/../lib/gcc/arm-none-eabi/14.2.1/thumb/v7e-m+fp/hard\libstdc++.a(del_op.o)
[...]
Memory Configuration

Name             Origin             Length             Attributes
RAM              0x20000000         0x00020000         xrw
FLASH            0x08000000         0x00080000         xr
*default*        0x00000000         0xffffffff

Linker script and memory map

LOAD D:/rj/arm-gnu-toolchain-14.2.rel1-mingw-w64-x86_64-arm-none-eabi/bin/../lib/gcc/arm-none-eabi/14.2.1/thumb/v7e-m+fp/hard/crti.o
LOAD D:/rj/arm-gnu-toolchain-14.2.rel1-mingw-w64-x86_64-arm-none-eabi/bin/../lib/gcc/arm-none-eabi/14.2.1/thumb/v7e-m+fp/hard/crtbegin.o
LOAD D:/rj/arm-gnu-toolchain-14.2.rel1-mingw-w64-x86_64-arm-none-eabi/bin/../lib/gcc/arm-none-eabi/14.2.1/thumb/v7e-m+fp/hard/crt0.o
LOAD CMakeFiles/WL1_F411CEU6_V1.0.elf.dir/Component/HardWare/IMU/MPU6050.cpp.obj
LOAD CMakeFiles/WL1_F411CEU6_V1.0.elf.dir/Component/HardWare/IMU/basicvqf.cpp.obj
LOAD CMakeFiles/WL1_F411CEU6_V1.0.elf.dir/Component/HardWare/IMU/vqf.cpp.obj
LOAD CMakeFiles/WL1_F411CEU6_V1.0.elf.dir/Component/HardWare/Motor/HallEncoder.cpp.obj
LOAD CMakeFiles/WL1_F411CEU6_V1.0.elf.dir/Component/HardWare/Motor/TB6612.cpp.obj
LOAD CMakeFiles/WL1_F411CEU6_V1.0.elf.dir/Component/HardWare/OLED/HAL_OLED.c.obj
LOAD CMakeFiles/WL1_F411CEU6_V1.0.elf.dir/Component/HardWare/OLED/OLED_Data.c.obj
LOAD CMakeFiles/WL1_F411CEU6_V1.0.elf.dir/Component/UserApp/main.cpp.obj
LOAD CMakeFiles/WL1_F411CEU6_V1.0.elf.dir/Core/Src/freertos.c.obj
LOAD CMakeFiles/WL1_F411CEU6_V1.0.elf.dir/Core/Src/gpio.c.obj
LOAD CMakeFiles/WL1_F411CEU6_V1.0.elf.dir/Core/Src/i2c.c.obj
LOAD CMakeFiles/WL1_F411CEU6_V1.0.elf.dir/Core/Src/main.c.obj
LOAD CMakeFiles/WL1_F411CEU6_V1.0.elf.dir/Core/Src/rtc.c.obj
LOAD CMakeFiles/WL1_F411CEU6_V1.0.elf.dir/Core/Src/spi.c.obj
LOAD CMakeFiles/WL1_F411CEU6_V1.0.elf.dir/Core/Src/stm32f4xx_hal_msp.c.obj
LOAD CMakeFiles/WL1_F411CEU6_V1.0.elf.dir/Core/Src/stm32f4xx_hal_timebase_tim.c.obj
LOAD CMakeFiles/WL1_F411CEU6_V1.0.elf.dir/Core/Src/stm32f4xx_it.c.obj
LOAD CMakeFiles/WL1_F411CEU6_V1.0.elf.dir/Core/Src/syscalls.c.obj
LOAD CMakeFiles/WL1_F411CEU6_V1.0.elf.dir/Core/Src/sysmem.c.obj
LOAD CMakeFiles/WL1_F411CEU6_V1.0.elf.dir/Core/Src/system_stm32f4xx.c.obj
LOAD CMakeFiles/WL1_F411CEU6_V1.0.elf.dir/Core/Src/tim.c.obj
LOAD CMakeFiles/WL1_F411CEU6_V1.0.elf.dir/Core/Src/usart.c.obj
LOAD CMakeFiles/WL1_F411CEU6_V1.0.elf.dir/Core/Startup/startup_stm32f411ceux.s.obj
LOAD CMakeFiles/WL1_F411CEU6_V1.0.elf.dir/Drivers/STM32F4xx_HAL_Driver/Src/stm32f4xx_hal.c.obj
LOAD CMakeFiles/WL1_F411CEU6_V1.0.elf.dir/Drivers/STM32F4xx_HAL_Driver/Src/stm32f4xx_hal_cortex.c.obj
LOAD CMakeFiles/WL1_F411CEU6_V1.0.elf.dir/Drivers/STM32F4xx_HAL_Driver/Src/stm32f4xx_hal_dma.c.obj
LOAD CMakeFiles/WL1_F411CEU6_V1.0.elf.dir/Drivers/STM32F4xx_HAL_Driver/Src/stm32f4xx_hal_dma_ex.c.obj
LOAD CMakeFiles/WL1_F411CEU6_V1.0.elf.dir/Drivers/STM32F4xx_HAL_Driver/Src/stm32f4xx_hal_exti.c.obj
LOAD CMakeFiles/WL1_F411CEU6_V1.0.elf.dir/Drivers/STM32F4xx_HAL_Driver/Src/stm32f4xx_hal_flash.c.obj
LOAD CMakeFiles/WL1_F411CEU6_V1.0.elf.dir/Drivers/STM32F4xx_HAL_Driver/Src/stm32f4xx_hal_flash_ex.c.obj
LOAD CMakeFiles/WL1_F411CEU6_V1.0.elf.dir/Drivers/STM32F4xx_HAL_Driver/Src/stm32f4xx_hal_flash_ramfunc.c.obj
LOAD CMakeFiles/WL1_F411CEU6_V1.0.elf.dir/Drivers/STM32F4xx_HAL_Driver/Src/stm32f4xx_hal_gpio.c.obj
LOAD CMakeFiles/WL1_F411CEU6_V1.0.elf.dir/Drivers/STM32F4xx_HAL_Driver/Src/stm32f4xx_hal_i2c.c.obj
LOAD CMakeFiles/WL1_F411CEU6_V1.0.elf.dir/Drivers/STM32F4xx_HAL_Driver/Src/stm32f4xx_hal_i2c_ex.c.obj
LOAD CMakeFiles/WL1_F411CEU6_V1.0.elf.dir/Drivers/STM32F4xx_HAL_Driver/Src/stm32f4xx_hal_pwr.c.obj
LOAD CMakeFiles/WL1_F411CEU6_V1.0.elf.dir/Drivers/STM32F4xx_HAL_Driver/Src/stm32f4xx_hal_pwr_ex.c.obj
LOAD CMakeFiles/WL1_F411CEU6_V1.0.elf.dir/Drivers/STM32F4xx_HAL_Driver/Src/stm32f4xx_hal_rcc.c.obj
LOAD CMakeFiles/WL1_F411CEU6_V1.0.elf.dir/Drivers/STM32F4xx_HAL_Driver/Src/stm32f4xx_hal_rcc_ex.c.obj
LOAD CMakeFiles/WL1_F411CEU6_V1.0.elf.dir/Drivers/STM32F4xx_HAL_Driver/Src/stm32f4xx_hal_rtc.c.obj
LOAD CMakeFiles/WL1_F411CEU6_V1.0.elf.dir/Drivers/STM32F4xx_HAL_Driver/Src/stm32f4xx_hal_rtc_ex.c.obj
LOAD CMakeFiles/WL1_F411CEU6_V1.0.elf.dir/Drivers/STM32F4xx_HAL_Driver/Src/stm32f4xx_hal_spi.c.obj
LOAD CMakeFiles/WL1_F411CEU6_V1.0.elf.dir/Drivers/STM32F4xx_HAL_Driver/Src/stm32f4xx_hal_tim.c.obj
LOAD CMakeFiles/WL1_F411CEU6_V1.0.elf.dir/Drivers/STM32F4xx_HAL_Driver/Src/stm32f4xx_hal_tim_ex.c.obj
LOAD CMakeFiles/WL1_F411CEU6_V1.0.elf.dir/Drivers/STM32F4xx_HAL_Driver/Src/stm32f4xx_hal_uart.c.obj
LOAD CMakeFiles/WL1_F411CEU6_V1.0.elf.dir/Middlewares/Third_Party/FreeRTOS/Source/CMSIS_RTOS_V2/cmsis_os2.c.obj
LOAD CMakeFiles/WL1_F411CEU6_V1.0.elf.dir/Middlewares/Third_Party/FreeRTOS/Source/croutine.c.obj
LOAD CMakeFiles/WL1_F411CEU6_V1.0.elf.dir/Middlewares/Third_Party/FreeRTOS/Source/event_groups.c.obj
LOAD CMakeFiles/WL1_F411CEU6_V1.0.elf.dir/Middlewares/Third_Party/FreeRTOS/Source/list.c.obj
LOAD CMakeFiles/WL1_F411CEU6_V1.0.elf.dir/Middlewares/Third_Party/FreeRTOS/Source/portable/GCC/ARM_CM4F/port.c.obj
LOAD CMakeFiles/WL1_F411CEU6_V1.0.elf.dir/Middlewares/Third_Party/FreeRTOS/Source/portable/MemMang/heap_4.c.obj
LOAD CMakeFiles/WL1_F411CEU6_V1.0.elf.dir/Middlewares/Third_Party/FreeRTOS/Source/queue.c.obj
LOAD CMakeFiles/WL1_F411CEU6_V1.0.elf.dir/Middlewares/Third_Party/FreeRTOS/Source/stream_buffer.c.obj
LOAD CMakeFiles/WL1_F411CEU6_V1.0.elf.dir/Middlewares/Third_Party/FreeRTOS/Source/tasks.c.obj
LOAD CMakeFiles/WL1_F411CEU6_V1.0.elf.dir/Middlewares/Third_Party/FreeRTOS/Source/timers.c.obj
LOAD D:/rj/arm-gnu-toolchain-14.2.rel1-mingw-w64-x86_64-arm-none-eabi/bin/../lib/gcc/arm-none-eabi/14.2.1/thumb/v7e-m+fp/hard\libstdc++.a
LOAD D:/rj/arm-gnu-toolchain-14.2.rel1-mingw-w64-x86_64-arm-none-eabi/bin/../lib/gcc/arm-none-eabi/14.2.1/thumb/v7e-m+fp/hard\libm.a
START GROUP
LOAD D:/rj/arm-gnu-toolchain-14.2.rel1-mingw-w64-x86_64-arm-none-eabi/bin/../lib/gcc/arm-none-eabi/14.2.1/thumb/v7e-m+fp/hard\libgcc.a
LOAD D:/rj/arm-gnu-toolchain-14.2.rel1-mingw-w64-x86_64-arm-none-eabi/bin/../lib/gcc/arm-none-eabi/14.2.1/thumb/v7e-m+fp/hard\libg.a
LOAD D:/rj/arm-gnu-toolchain-14.2.rel1-mingw-w64-x86_64-arm-none-eabi/bin/../lib/gcc/arm-none-eabi/14.2.1/thumb/v7e-m+fp/hard\libc.a
END GROUP
LOAD D:/rj/arm-gnu-toolchain-14.2.rel1-mingw-w64-x86_64-arm-none-eabi/bin/../lib/gcc/arm-none-eabi/14.2.1/thumb/v7e-m+fp/hard/crtend.o
LOAD D:/rj/arm-gnu-toolchain-14.2.rel1-mingw-w64-x86_64-arm-none-eabi/bin/../lib/gcc/arm-none-eabi/14.2.1/thumb/v7e-m+fp/hard/crtn.o
                0x20020000                        _estack = (ORIGIN (RAM) + LENGTH (RAM))
                0x00000200                        _Min_Heap_Size = 0x200
                0x00000400                        _Min_Stack_Size = 0x400

.isr_vector     0x08000000      0x198
                0x08000000                        . = ALIGN (0x4)
 *(.isr_vector)
 .isr_vector    0x08000000      0x198 CMakeFiles/WL1_F411CEU6_V1.0.elf.dir/Core/Startup/startup_stm32f411ceux.s.obj
                0x08000000                g_pfnVectors
                0x08000198                        . = ALIGN (0x4)

.text           0x080001c0    0x1c5dc
                0x080001c0                        . = ALIGN (0x4)
 *(.text)
 .text          0x080001c0      0x378 D:/rj/arm-gnu-toolchain-14.2.rel1-mingw-w64-x86_64-arm-none-eabi/bin/../lib/gcc/arm-none-eabi/14.2.1/thumb/v7e-m+fp/hard\libgcc.a(_arm_addsubdf3.o)
                0x080001c0                __aeabi_drsub
                0x080001c8                __aeabi_dsub
                0x080001c8                __subdf3
                0x080001cc                __aeabi_dadd
                0x080001cc                __adddf3
                0x08000444                __floatunsidf
                0x08000444                __aeabi_ui2d
                0x08000464                __floatsidf
                0x08000464                __aeabi_i2d
                0x08000488                __aeabi_f2d
                0x08000488                __extendsfdf2
                0x080004cc                __floatundidf
                0x080004cc                __aeabi_ul2d
                0x080004dc                __floatdidf
                0x080004dc                __aeabi_l2d
 .text          0x08000538      0x424 D:/rj/arm-gnu-toolchain-14.2.rel1-mingw-w64-x86_64-arm-none-eabi/bin/../lib/gcc/arm-none-eabi/14.2.1/thumb/v7e-m+fp/hard\libgcc.a(_arm_muldivdf3.o)
                0x08000538                __aeabi_dmul
                0x08000538                __muldf3
                0x0800078c                __divdf3
                0x0800078c                __aeabi_ddiv
 .text          0x0800095c      0x110 D:/rj/arm-gnu-toolchain-14.2.rel1-mingw-w64-x86_64-arm-none-eabi/bin/../lib/gcc/arm-none-eabi/14.2.1/thumb/v7e-m+fp/hard\libgcc.a(_arm_cmpdf2.o)
                0x0800095c                __gtdf2
                0x0800095c                __gedf2
                0x08000964                __ltdf2
                0x08000964                __ledf2
                0x0800096c                __nedf2
                0x0800096c                __eqdf2
                0x0800096c                __cmpdf2
                0x080009e8                __aeabi_cdrcmple
                0x080009f8                __aeabi_cdcmpeq
                0x080009f8                __aeabi_cdcmple
                0x08000a08                __aeabi_dcmpeq
                0x08000a1c                __aeabi_dcmplt
                0x08000a30                __aeabi_dcmple
                0x08000a44                __aeabi_dcmpge
                0x08000a58                __aeabi_dcmpgt
 .text          0x08000a6c       0x2c D:/rj/arm-gnu-toolchain-14.2.rel1-mingw-w64-x86_64-arm-none-eabi/bin/../lib/gcc/arm-none-eabi/14.2.1/thumb/v7e-m+fp/hard\libgcc.a(_arm_unorddf2.o)
                0x08000a6c                __unorddf2
                0x08000a6c                __aeabi_dcmpun
 .text          0x08000a98       0x50 D:/rj/arm-gnu-toolchain-14.2.rel1-mingw-w64-x86_64-arm-none-eabi/bin/../lib/gcc/arm-none-eabi/14.2.1/thumb/v7e-m+fp/hard\libgcc.a(_arm_fixdfsi.o)
                0x08000a98                __aeabi_d2iz
                0x08000a98                __fixdfsi
 .text          0x08000ae8       0x30 D:/rj/arm-gnu-toolchain-14.2.rel1-mingw-w64-x86_64-arm-none-eabi/bin/../lib/gcc/arm-none-eabi/14.2.1/thumb/v7e-m+fp/hard\libgcc.a(_aeabi_uldivmod.o)
                0x08000ae8                __aeabi_uldivmod
 .text          0x08000b18      0x1ac D:/rj/arm-gnu-toolchain-14.2.rel1-mingw-w64-x86_64-arm-none-eabi/bin/../lib/gcc/arm-none-eabi/14.2.1/thumb/v7e-m+fp/hard\libgcc.a(libunwind.o)
                0x08000b18                __restore_core_regs
                0x08000b18                restore_core_regs
                0x08000b30                __gnu_Unwind_Restore_VFP
                0x08000b38                __gnu_Unwind_Save_VFP
                0x08000b40                __gnu_Unwind_Restore_VFP_D
                0x08000b48                __gnu_Unwind_Save_VFP_D
                0x08000b50                __gnu_Unwind_Restore_VFP_D_16_to_31
                0x08000b58                __gnu_Unwind_Save_VFP_D_16_to_31
                0x08000b60                __gnu_Unwind_Restore_WMMXD
                0x08000ba4                __gnu_Unwind_Save_WMMXD
                0x08000be8                __gnu_Unwind_Restore_WMMXC
                0x08000bfc                __gnu_Unwind_Save_WMMXC
                0x08000c10                ___Unwind_RaiseException
                0x08000c10                _Unwind_RaiseException
                0x08000c34                _Unwind_Resume
                0x08000c34                ___Unwind_Resume
                0x08000c58                _Unwind_Resume_or_Rethrow
                0x08000c58                ___Unwind_Resume_or_Rethrow
                0x08000c7c                _Unwind_ForcedUnwind
                0x08000c7c                ___Unwind_ForcedUnwind
                0x08000ca0                ___Unwind_Backtrace
                0x08000ca0                _Unwind_Backtrace
 .text          0x08000cc4        0x4 D:/rj/arm-gnu-toolchain-14.2.rel1-mingw-w64-x86_64-arm-none-eabi/bin/../lib/gcc/arm-none-eabi/14.2.1/thumb/v7e-m+fp/hard\libgcc.a(_dvmd_tls.o)
                0x08000cc4                __aeabi_idiv0
                0x08000cc4                __aeabi_ldiv0
 *fill*         0x08000cc8       0x18 
 .text          0x08000ce0      0x2e0 D:/rj/arm-gnu-toolchain-14.2.rel1-mingw-w64-x86_64-arm-none-eabi/bin/../lib/gcc/arm-none-eabi/14.2.1/thumb/v7e-m+fp/hard\libg.a(libc_a-strcmp.o)
                0x08000ce0                strcmp
 .text          0x08000fc0       0xa0 D:/rj/arm-gnu-toolchain-14.2.rel1-mingw-w64-x86_64-arm-none-eabi/bin/../lib/gcc/arm-none-eabi/14.2.1/thumb/v7e-m+fp/hard\libg.a(libc_a-memchr.o)
                0x08000fc0                memchr
 .text          0x08001060      0x134 D:/rj/arm-gnu-toolchain-14.2.rel1-mingw-w64-x86_64-arm-none-eabi/bin/../lib/gcc/arm-none-eabi/14.2.1/thumb/v7e-m+fp/hard\libg.a(libc_a-memcpy.o)
                0x08001060                memcpy
 *fill*         0x08001194       0x2c 
 .text          0x080011c0       0xd8 D:/rj/arm-gnu-toolchain-14.2.rel1-mingw-w64-x86_64-arm-none-eabi/bin/../lib/gcc/arm-none-eabi/14.2.1/thumb/v7e-m+fp/hard\libg.a(libc_a-strlen.o)
                0x080011c0                strlen
 *(.text*)
 .text.deregister_tm_clones
                0x08001298       0x1c D:/rj/arm-gnu-toolchain-14.2.rel1-mingw-w64-x86_64-arm-none-eabi/bin/../lib/gcc/arm-none-eabi/14.2.1/thumb/v7e-m+fp/hard/crtbegin.o
 .text.register_tm_clones
                0x080012b4       0x24 D:/rj/arm-gnu-toolchain-14.2.rel1-mingw-w64-x86_64-arm-none-eabi/bin/../lib/gcc/arm-none-eabi/14.2.1/thumb/v7e-m+fp/hard/crtbegin.o
 .text.__do_global_dtors_aux
                0x080012d8       0x28 D:/rj/arm-gnu-toolchain-14.2.rel1-mingw-w64-x86_64-arm-none-eabi/bin/../lib/gcc/arm-none-eabi/14.2.1/thumb/v7e-m+fp/hard/crtbegin.o
 .text.frame_dummy
                0x08001300       0x24 D:/rj/arm-gnu-toolchain-14.2.rel1-mingw-w64-x86_64-arm-none-eabi/bin/../lib/gcc/arm-none-eabi/14.2.1/thumb/v7e-m+fp/hard/crtbegin.o
 .text._ZN7MPU6050C2EP17I2C_HandleTypeDef
                0x08001324        0x4 CMakeFiles/WL1_F411CEU6_V1.0.elf.dir/Component/HardWare/IMU/MPU6050.cpp.obj
                0x08001324                MPU6050::MPU6050(I2C_HandleTypeDef*)
                0x08001324                MPU6050::MPU6050(I2C_HandleTypeDef*)
 .text._ZN7MPU60504InitEv
                0x08001328       0xd0 CMakeFiles/WL1_F411CEU6_V1.0.elf.dir/Component/HardWare/IMU/MPU6050.cpp.obj
                0x08001328                MPU6050::Init()
 .text._ZN7MPU60507getGyroERdS0_S0_
                0x080013f8       0xa8 CMakeFiles/WL1_F411CEU6_V1.0.elf.dir/Component/HardWare/IMU/MPU6050.cpp.obj
                0x080013f8                MPU6050::getGyro(double&, double&, double&)
 .text._ZN7MPU60508getAccelERdS0_S0_
                0x080014a0       0x9c CMakeFiles/WL1_F411CEU6_V1.0.elf.dir/Component/HardWare/IMU/MPU6050.cpp.obj
                0x080014a0                MPU6050::getAccel(double&, double&, double&)
 .text._ZNSt11__copy_moveILb0ELb1ESt26random_access_iterator_tagE8__copy_mIddEEPT0_PT_S6_S4_
                0x0800153c       0x26 CMakeFiles/WL1_F411CEU6_V1.0.elf.dir/Component/HardWare/IMU/basicvqf.cpp.obj
                0x0800153c                double* std::__copy_move<false, true, std::random_access_iterator_tag>::__copy_m<double, double>(double*, double*, double*)
 *fill*         0x08001562        0x6 
 .text._ZN9VQFParamsC2Ev
                0x08001568      0x110 CMakeFiles/WL1_F411CEU6_V1.0.elf.dir/Component/HardWare/IMU/vqf.cpp.obj
                0x08001568                VQFParams::VQFParams()
                0x08001568                VQFParams::VQFParams()
 .text._ZN3VQF12quatMultiplyEPKdS1_Pd
                0x08001678      0x1ee CMakeFiles/WL1_F411CEU6_V1.0.elf.dir/Component/HardWare/IMU/vqf.cpp.obj
                0x08001678                VQF::quatMultiply(double const*, double const*, double*)
 .text._ZNK3VQF9getQuat6DEPd
                0x08001866       0x10 CMakeFiles/WL1_F411CEU6_V1.0.elf.dir/Component/HardWare/IMU/vqf.cpp.obj
                0x08001866                VQF::getQuat6D(double*) const
 *fill*         0x08001876        0x2 
 .text._ZN3VQF17quatSetToIdentityEPd
                0x08001878       0x20 CMakeFiles/WL1_F411CEU6_V1.0.elf.dir/Component/HardWare/IMU/vqf.cpp.obj
                0x08001878                VQF::quatSetToIdentity(double*)
 .text._ZN3VQF10quatRotateEPKdS1_Pd
                0x08001898      0x2b0 CMakeFiles/WL1_F411CEU6_V1.0.elf.dir/Component/HardWare/IMU/vqf.cpp.obj
                0x08001898                VQF::quatRotate(double const*, double const*, double*)
 .text._ZN3VQF4normEPKdj
                0x08001b48       0x42 CMakeFiles/WL1_F411CEU6_V1.0.elf.dir/Component/HardWare/IMU/vqf.cpp.obj
                0x08001b48                VQF::norm(double const*, unsigned int)
 *fill*         0x08001b8a        0x2 
 .text._ZN3VQF9normalizeEPdj
                0x08001b8c       0x44 CMakeFiles/WL1_F411CEU6_V1.0.elf.dir/Component/HardWare/IMU/vqf.cpp.obj
                0x08001b8c                VQF::normalize(double*, unsigned int)
 .text._ZN3VQF4clipEPdjdd
                0x08001bd0       0x5a CMakeFiles/WL1_F411CEU6_V1.0.elf.dir/Component/HardWare/IMU/vqf.cpp.obj
                0x08001bd0                VQF::clip(double*, unsigned int, double, double)
 *fill*         0x08001c2a        0x6 
 .text._ZN3VQF11gainFromTauEdd
                0x08001c30       0x98 CMakeFiles/WL1_F411CEU6_V1.0.elf.dir/Component/HardWare/IMU/vqf.cpp.obj
                0x08001c30                VQF::gainFromTau(double, double)
 .text._ZN3VQF12filterCoeffsEddPdS0_
                0x08001cc8      0x190 CMakeFiles/WL1_F411CEU6_V1.0.elf.dir/Component/HardWare/IMU/vqf.cpp.obj
                0x08001cc8                VQF::filterCoeffs(double, double, double*, double*)
 .text._ZN3VQF18filterInitialStateEdPKdS1_Pd
                0x08001e58       0x48 CMakeFiles/WL1_F411CEU6_V1.0.elf.dir/Component/HardWare/IMU/vqf.cpp.obj
                0x08001e58                VQF::filterInitialState(double, double const*, double const*, double*)
 .text._ZN3VQF10filterStepEdPKdS1_Pd
                0x08001ea0       0x92 CMakeFiles/WL1_F411CEU6_V1.0.elf.dir/Component/HardWare/IMU/vqf.cpp.obj
                0x08001ea0                VQF::filterStep(double, double const*, double const*, double*)
 *fill*         0x08001f32        0x2 
 .text._ZN3VQF9filterVecEPKdjddS1_S1_PdS2_
                0x08001f34      0x148 CMakeFiles/WL1_F411CEU6_V1.0.elf.dir/Component/HardWare/IMU/vqf.cpp.obj
                0x08001f34                VQF::filterVec(double const*, unsigned int, double, double, double const*, double const*, double*, double*)
 *fill*         0x0800207c        0x4 
 .text._ZN3VQF9updateGyrEPKd
                0x08002080      0x228 CMakeFiles/WL1_F411CEU6_V1.0.elf.dir/Component/HardWare/IMU/vqf.cpp.obj
                0x08002080                VQF::updateGyr(double const*)
 .text._ZN3VQF26matrix3SetToScaledIdentityEdPd
                0x080022a8       0x2a CMakeFiles/WL1_F411CEU6_V1.0.elf.dir/Component/HardWare/IMU/vqf.cpp.obj
                0x080022a8                VQF::matrix3SetToScaledIdentity(double, double*)
 *fill*         0x080022d2        0x2 
 .text._ZN3VQF10resetStateEv
                0x080022d4      0x190 CMakeFiles/WL1_F411CEU6_V1.0.elf.dir/Component/HardWare/IMU/vqf.cpp.obj
                0x080022d4                VQF::resetState()
 .text._ZN3VQF10matrix3InvEPKdPd
                0x08002464      0x2ec CMakeFiles/WL1_F411CEU6_V1.0.elf.dir/Component/HardWare/IMU/vqf.cpp.obj
                0x08002464                VQF::matrix3Inv(double const*, double*)
 .text._ZN3VQF5setupEv
                0x08002750      0x21c CMakeFiles/WL1_F411CEU6_V1.0.elf.dir/Component/HardWare/IMU/vqf.cpp.obj
                0x08002750                VQF::setup()
 .text._ZN3VQFC2Eddd
                0x0800296c       0x54 CMakeFiles/WL1_F411CEU6_V1.0.elf.dir/Component/HardWare/IMU/vqf.cpp.obj
                0x0800296c                VQF::VQF(double, double, double)
                0x0800296c                VQF::VQF(double, double, double)
 .text._ZN3VQF15matrix3MultiplyEPKdS1_Pd
                0x080029c0      0x314 CMakeFiles/WL1_F411CEU6_V1.0.elf.dir/Component/HardWare/IMU/vqf.cpp.obj
                0x080029c0                VQF::matrix3Multiply(double const*, double const*, double*)
 .text._ZN3VQF23matrix3MultiplyTpsFirstEPKdS1_Pd
                0x08002cd4      0x314 CMakeFiles/WL1_F411CEU6_V1.0.elf.dir/Component/HardWare/IMU/vqf.cpp.obj
                0x08002cd4                VQF::matrix3MultiplyTpsFirst(double const*, double const*, double*)
 .text._ZN3VQF24matrix3MultiplyTpsSecondEPKdS1_Pd
                0x08002fe8      0x314 CMakeFiles/WL1_F411CEU6_V1.0.elf.dir/Component/HardWare/IMU/vqf.cpp.obj
                0x08002fe8                VQF::matrix3MultiplyTpsSecond(double const*, double const*, double*)
 *fill*         0x080032fc        0x4 
 .text._ZN3VQF9updateAccEPKd
                0x08003300      0x968 CMakeFiles/WL1_F411CEU6_V1.0.elf.dir/Component/HardWare/IMU/vqf.cpp.obj
                0x08003300                VQF::updateAcc(double const*)
 .text._ZN3VQF6updateEPKdS1_
                0x08003c68       0x14 CMakeFiles/WL1_F411CEU6_V1.0.elf.dir/Component/HardWare/IMU/vqf.cpp.obj
                0x08003c68                VQF::update(double const*, double const*)
 .text._ZN6TB6612C2ENS_12InitConfig_tE
                0x08003c7c       0x3c CMakeFiles/WL1_F411CEU6_V1.0.elf.dir/Component/HardWare/Motor/TB6612.cpp.obj
                0x08003c7c                TB6612::TB6612(TB6612::InitConfig_t)
                0x08003c7c                TB6612::TB6612(TB6612::InitConfig_t)
 .text._ZNK6TB66124InitEv
                0x08003cb8       0x26 CMakeFiles/WL1_F411CEU6_V1.0.elf.dir/Component/HardWare/Motor/TB6612.cpp.obj
                0x08003cb8                TB6612::Init() const
 .text._ZN6TB661216setDirection_CfgEhNS_9DirectionE
                0x08003cde       0x16 CMakeFiles/WL1_F411CEU6_V1.0.elf.dir/Component/HardWare/Motor/TB6612.cpp.obj
                0x08003cde                TB6612::setDirection_Cfg(unsigned char, TB6612::Direction)
 .text._ZN6TB661213setADirectionEh
                0x08003cf4       0x42 CMakeFiles/WL1_F411CEU6_V1.0.elf.dir/Component/HardWare/Motor/TB6612.cpp.obj
                0x08003cf4                TB6612::setADirection(unsigned char)
 .text._ZN6TB661213setBDirectionEh
                0x08003d36       0x42 CMakeFiles/WL1_F411CEU6_V1.0.elf.dir/Component/HardWare/Motor/TB6612.cpp.obj
                0x08003d36                TB6612::setBDirection(unsigned char)
 .text._ZN6TB66127setAPWMEt
                0x08003d78       0x2c CMakeFiles/WL1_F411CEU6_V1.0.elf.dir/Component/HardWare/Motor/TB6612.cpp.obj
                0x08003d78                TB6612::setAPWM(unsigned short)
 .text._ZN6TB66127setBPWMEt
                0x08003da4       0x2c CMakeFiles/WL1_F411CEU6_V1.0.elf.dir/Component/HardWare/Motor/TB6612.cpp.obj
                0x08003da4                TB6612::setBPWM(unsigned short)
 .text._ZN6TB661211setAVel_rawEs
                0x08003dd0       0x28 CMakeFiles/WL1_F411CEU6_V1.0.elf.dir/Component/HardWare/Motor/TB6612.cpp.obj
                0x08003dd0                TB6612::setAVel_raw(short)
 .text._ZN6TB661211setBVel_rawEs
                0x08003df8       0x28 CMakeFiles/WL1_F411CEU6_V1.0.elf.dir/Component/HardWare/Motor/TB6612.cpp.obj
                0x08003df8                TB6612::setBVel_raw(short)
 .text._ZN6TB6612D2Ev
                0x08003e20       0x18 CMakeFiles/WL1_F411CEU6_V1.0.elf.dir/Component/HardWare/Motor/TB6612.cpp.obj
                0x08003e20                TB6612::~TB6612()
                0x08003e20                TB6612::~TB6612()
 .text._Z12LEDBlinkFuncv
                0x08003e38       0x18 CMakeFiles/WL1_F411CEU6_V1.0.elf.dir/Component/UserApp/main.cpp.obj
                0x08003e38                LEDBlinkFunc()
 .text.CPP_Main
                0x08003e50       0x5c CMakeFiles/WL1_F411CEU6_V1.0.elf.dir/Component/UserApp/main.cpp.obj
                0x08003e50                CPP_Main
 .text._ZNSt10unique_ptrI7MPU6050St14default_deleteIS0_EED2Ev
                0x08003eac       0x16 CMakeFiles/WL1_F411CEU6_V1.0.elf.dir/Component/UserApp/main.cpp.obj
                0x08003eac                std::unique_ptr<MPU6050, std::default_delete<MPU6050> >::~unique_ptr()
                0x08003eac                std::unique_ptr<MPU6050, std::default_delete<MPU6050> >::~unique_ptr()
 .text._ZNSt10unique_ptrI3VQFSt14default_deleteIS0_EED2Ev
                0x08003ec2       0x18 CMakeFiles/WL1_F411CEU6_V1.0.elf.dir/Component/UserApp/main.cpp.obj
                0x08003ec2                std::unique_ptr<VQF, std::default_delete<VQF> >::~unique_ptr()
                0x08003ec2                std::unique_ptr<VQF, std::default_delete<VQF> >::~unique_ptr()
 .text._ZSt11make_uniqueI6TB6612JRNS0_12InitConfig_tEEENSt8__detail9_MakeUniqIT_E15__single_objectEDpOT0_
                0x08003eda       0x4a CMakeFiles/WL1_F411CEU6_V1.0.elf.dir/Component/UserApp/main.cpp.obj
                0x08003eda                std::__detail::_MakeUniq<TB6612>::__single_object std::make_unique<TB6612, TB6612::InitConfig_t&>(TB6612::InitConfig_t&)
 .text._ZSt11make_uniqueI7MPU6050JP17I2C_HandleTypeDefEENSt8__detail9_MakeUniqIT_E15__single_objectEDpOT0_
                0x08003f24       0x2c CMakeFiles/WL1_F411CEU6_V1.0.elf.dir/Component/UserApp/main.cpp.obj
                0x08003f24                std::__detail::_MakeUniq<MPU6050>::__single_object std::make_unique<MPU6050, I2C_HandleTypeDef*>(I2C_HandleTypeDef*&&)
 .text._ZNSt15__uniq_ptr_implI7MPU6050St14default_deleteIS0_EEaSEOS3_
                0x08003f50       0x1a CMakeFiles/WL1_F411CEU6_V1.0.elf.dir/Component/UserApp/main.cpp.obj
                0x08003f50                std::__uniq_ptr_impl<MPU6050, std::default_delete<MPU6050> >::operator=(std::__uniq_ptr_impl<MPU6050, std::default_delete<MPU6050> >&&)
 *fill*         0x08003f6a        0x6 
 .text._ZSt11make_uniqueI3VQFJddEENSt8__detail9_MakeUniqIT_E15__single_objectEDpOT0_
                0x08003f70       0x48 CMakeFiles/WL1_F411CEU6_V1.0.elf.dir/Component/UserApp/main.cpp.obj
                0x08003f70                std::__detail::_MakeUniq<VQF>::__single_object std::make_unique<VQF, double, double>(double&&, double&&)
 .text._ZNSt15__uniq_ptr_implI3VQFSt14default_deleteIS0_EEaSEOS3_
                0x08003fb8       0x1c CMakeFiles/WL1_F411CEU6_V1.0.elf.dir/Component/UserApp/main.cpp.obj
                0x08003fb8                std::__uniq_ptr_impl<VQF, std::default_delete<VQF> >::operator=(std::__uniq_ptr_impl<VQF, std::default_delete<VQF> >&&)
 .text._ZNKSt14default_deleteI6TB6612EclEPS0_
                0x08003fd4       0x18 CMakeFiles/WL1_F411CEU6_V1.0.elf.dir/Component/UserApp/main.cpp.obj
                0x08003fd4                std::default_delete<TB6612>::operator()(TB6612*) const
 .text._ZNSt15__uniq_ptr_implI6TB6612St14default_deleteIS0_EEaSEOS3_
                0x08003fec       0x18 CMakeFiles/WL1_F411CEU6_V1.0.elf.dir/Component/UserApp/main.cpp.obj
                0x08003fec                std::__uniq_ptr_impl<TB6612, std::default_delete<TB6612> >::operator=(std::__uniq_ptr_impl<TB6612, std::default_delete<TB6612> >&&)
 .text._ZNSt10unique_ptrI6TB6612St14default_deleteIS0_EED2Ev
                0x08004004       0x14 CMakeFiles/WL1_F411CEU6_V1.0.elf.dir/Component/UserApp/main.cpp.obj
                0x08004004                std::unique_ptr<TB6612, std::default_delete<TB6612> >::~unique_ptr()
                0x08004004                std::unique_ptr<TB6612, std::default_delete<TB6612> >::~unique_ptr()
 .text._Z17MotionControlFuncv
                0x08004018      0x400 CMakeFiles/WL1_F411CEU6_V1.0.elf.dir/Component/UserApp/main.cpp.obj
                0x08004018                MotionControlFunc()
 .text.StartDefaultTask
                0x08004418       0x24 CMakeFiles/WL1_F411CEU6_V1.0.elf.dir/Core/Src/freertos.c.obj
                0x08004418                StartDefaultTask
 .text.vApplicationIdleHook
                0x0800443c        0x2 CMakeFiles/WL1_F411CEU6_V1.0.elf.dir/Core/Src/freertos.c.obj
                0x0800443c                vApplicationIdleHook
 *fill*         0x0800443e        0x2 
 .text.MX_FREERTOS_Init
                0x08004440       0x20 CMakeFiles/WL1_F411CEU6_V1.0.elf.dir/Core/Src/freertos.c.obj
                0x08004440                MX_FREERTOS_Init
 .text.MX_GPIO_Init
                0x08004460      0x118 CMakeFiles/WL1_F411CEU6_V1.0.elf.dir/Core/Src/gpio.c.obj
                0x08004460                MX_GPIO_Init
 .text.MX_I2C1_Init
                0x08004578       0x3c CMakeFiles/WL1_F411CEU6_V1.0.elf.dir/Core/Src/i2c.c.obj
                0x08004578                MX_I2C1_Init
 .text.HAL_I2C_MspInit
                0x080045b4       0x70 CMakeFiles/WL1_F411CEU6_V1.0.elf.dir/Core/Src/i2c.c.obj
                0x080045b4                HAL_I2C_MspInit
 .text.HAL_TIM_PeriodElapsedCallback
                0x08004624       0x18 CMakeFiles/WL1_F411CEU6_V1.0.elf.dir/Core/Src/main.c.obj
                0x08004624                HAL_TIM_PeriodElapsedCallback
 .text.Error_Handler
                0x0800463c        0x4 CMakeFiles/WL1_F411CEU6_V1.0.elf.dir/Core/Src/main.c.obj
                0x0800463c                Error_Handler
 .text.SystemClock_Config
                0x08004640       0xa8 CMakeFiles/WL1_F411CEU6_V1.0.elf.dir/Core/Src/main.c.obj
                0x08004640                SystemClock_Config
 .text.main     0x080046e8       0x3c CMakeFiles/WL1_F411CEU6_V1.0.elf.dir/Core/Src/main.c.obj
                0x080046e8                main
 .text.MX_RTC_Init
                0x08004724       0x30 CMakeFiles/WL1_F411CEU6_V1.0.elf.dir/Core/Src/rtc.c.obj
                0x08004724                MX_RTC_Init
 .text.HAL_RTC_MspInit
                0x08004754       0x4c CMakeFiles/WL1_F411CEU6_V1.0.elf.dir/Core/Src/rtc.c.obj
                0x08004754                HAL_RTC_MspInit
 .text.MX_SPI1_Init
                0x080047a0       0x40 CMakeFiles/WL1_F411CEU6_V1.0.elf.dir/Core/Src/spi.c.obj
                0x080047a0                MX_SPI1_Init
 .text.HAL_SPI_MspInit
                0x080047e0       0x70 CMakeFiles/WL1_F411CEU6_V1.0.elf.dir/Core/Src/spi.c.obj
                0x080047e0                HAL_SPI_MspInit
 .text.HAL_MspInit
                0x08004850       0x44 CMakeFiles/WL1_F411CEU6_V1.0.elf.dir/Core/Src/stm32f4xx_hal_msp.c.obj
                0x08004850                HAL_MspInit
 .text.HAL_InitTick
                0x08004894       0xa4 CMakeFiles/WL1_F411CEU6_V1.0.elf.dir/Core/Src/stm32f4xx_hal_timebase_tim.c.obj
                0x08004894                HAL_InitTick
 .text.NMI_Handler
                0x08004938        0x2 CMakeFiles/WL1_F411CEU6_V1.0.elf.dir/Core/Src/stm32f4xx_it.c.obj
                0x08004938                NMI_Handler
 .text.HardFault_Handler
                0x0800493a        0x2 CMakeFiles/WL1_F411CEU6_V1.0.elf.dir/Core/Src/stm32f4xx_it.c.obj
                0x0800493a                HardFault_Handler
 .text.MemManage_Handler
                0x0800493c        0x2 CMakeFiles/WL1_F411CEU6_V1.0.elf.dir/Core/Src/stm32f4xx_it.c.obj
                0x0800493c                MemManage_Handler
 .text.BusFault_Handler
                0x0800493e        0x2 CMakeFiles/WL1_F411CEU6_V1.0.elf.dir/Core/Src/stm32f4xx_it.c.obj
                0x0800493e                BusFault_Handler
 .text.UsageFault_Handler
                0x08004940        0x2 CMakeFiles/WL1_F411CEU6_V1.0.elf.dir/Core/Src/stm32f4xx_it.c.obj
                0x08004940                UsageFault_Handler
 .text.DebugMon_Handler
                0x08004942        0x2 CMakeFiles/WL1_F411CEU6_V1.0.elf.dir/Core/Src/stm32f4xx_it.c.obj
                0x08004942                DebugMon_Handler
 .text.TIM5_IRQHandler
                0x08004944       0x10 CMakeFiles/WL1_F411CEU6_V1.0.elf.dir/Core/Src/stm32f4xx_it.c.obj
                0x08004944                TIM5_IRQHandler
 .text._getpid  0x08004954        0x4 CMakeFiles/WL1_F411CEU6_V1.0.elf.dir/Core/Src/syscalls.c.obj
                0x08004954                _getpid
 .text._kill    0x08004958       0x10 CMakeFiles/WL1_F411CEU6_V1.0.elf.dir/Core/Src/syscalls.c.obj
                0x08004958                _kill
 .text._exit    0x08004968        0xc CMakeFiles/WL1_F411CEU6_V1.0.elf.dir/Core/Src/syscalls.c.obj
                0x08004968                _exit
 .text._read    0x08004974       0x20 CMakeFiles/WL1_F411CEU6_V1.0.elf.dir/Core/Src/syscalls.c.obj
                0x08004974                _read
 .text._write   0x08004994       0x1c CMakeFiles/WL1_F411CEU6_V1.0.elf.dir/Core/Src/syscalls.c.obj
                0x08004994                _write
 .text._close   0x080049b0        0x6 CMakeFiles/WL1_F411CEU6_V1.0.elf.dir/Core/Src/syscalls.c.obj
                0x080049b0                _close
 .text._fstat   0x080049b6        0xa CMakeFiles/WL1_F411CEU6_V1.0.elf.dir/Core/Src/syscalls.c.obj
                0x080049b6                _fstat
 .text._isatty  0x080049c0        0x4 CMakeFiles/WL1_F411CEU6_V1.0.elf.dir/Core/Src/syscalls.c.obj
                0x080049c0                _isatty
 .text._lseek   0x080049c4        0x4 CMakeFiles/WL1_F411CEU6_V1.0.elf.dir/Core/Src/syscalls.c.obj
                0x080049c4                _lseek
 .text._sbrk    0x080049c8       0x48 CMakeFiles/WL1_F411CEU6_V1.0.elf.dir/Core/Src/sysmem.c.obj
                0x080049c8                _sbrk
 .text.SystemInit
                0x08004a10       0x14 CMakeFiles/WL1_F411CEU6_V1.0.elf.dir/Core/Src/system_stm32f4xx.c.obj
                0x08004a10                SystemInit
 .text.MX_TIM2_Init
                0x08004a24       0x60 CMakeFiles/WL1_F411CEU6_V1.0.elf.dir/Core/Src/tim.c.obj
                0x08004a24                MX_TIM2_Init
 .text.MX_TIM3_Init
                0x08004a84       0x64 CMakeFiles/WL1_F411CEU6_V1.0.elf.dir/Core/Src/tim.c.obj
                0x08004a84                MX_TIM3_Init
 .text.HAL_TIM_Encoder_MspInit
                0x08004ae8       0xb8 CMakeFiles/WL1_F411CEU6_V1.0.elf.dir/Core/Src/tim.c.obj
                0x08004ae8                HAL_TIM_Encoder_MspInit
 .text.HAL_TIM_Base_MspInit
                0x08004ba0       0x54 CMakeFiles/WL1_F411CEU6_V1.0.elf.dir/Core/Src/tim.c.obj
                0x08004ba0                HAL_TIM_Base_MspInit
 .text.HAL_TIM_MspPostInit
                0x08004bf4       0x94 CMakeFiles/WL1_F411CEU6_V1.0.elf.dir/Core/Src/tim.c.obj
                0x08004bf4                HAL_TIM_MspPostInit
 .text.MX_TIM4_Init
                0x08004c88       0xc0 CMakeFiles/WL1_F411CEU6_V1.0.elf.dir/Core/Src/tim.c.obj
                0x08004c88                MX_TIM4_Init
 .text.MX_TIM9_Init
                0x08004d48       0xa4 CMakeFiles/WL1_F411CEU6_V1.0.elf.dir/Core/Src/tim.c.obj
                0x08004d48                MX_TIM9_Init
 .text.MX_USART1_UART_Init
                0x08004dec       0x34 CMakeFiles/WL1_F411CEU6_V1.0.elf.dir/Core/Src/usart.c.obj
                0x08004dec                MX_USART1_UART_Init
 .text.HAL_UART_MspInit
                0x08004e20       0x74 CMakeFiles/WL1_F411CEU6_V1.0.elf.dir/Core/Src/usart.c.obj
                0x08004e20                HAL_UART_MspInit
 .text.SendDataToUART1
                0x08004e94       0x44 CMakeFiles/WL1_F411CEU6_V1.0.elf.dir/Core/Src/usart.c.obj
                0x08004e94                SendDataToUART1
 .text.Reset_Handler
                0x08004ed8       0x50 CMakeFiles/WL1_F411CEU6_V1.0.elf.dir/Core/Startup/startup_stm32f411ceux.s.obj
                0x08004ed8                Reset_Handler
 .text.Default_Handler
                0x08004f28        0x2 CMakeFiles/WL1_F411CEU6_V1.0.elf.dir/Core/Startup/startup_stm32f411ceux.s.obj
                0x08004f28                RTC_Alarm_IRQHandler
                0x08004f28                EXTI2_IRQHandler
                0x08004f28                SPI4_IRQHandler
                0x08004f28                TIM1_CC_IRQHandler
                0x08004f28                DMA2_Stream5_IRQHandler
                0x08004f28                DMA1_Stream5_IRQHandler
                0x08004f28                PVD_IRQHandler
                0x08004f28                SDIO_IRQHandler
                0x08004f28                TAMP_STAMP_IRQHandler
                0x08004f28                EXTI3_IRQHandler
                0x08004f28                TIM1_UP_TIM10_IRQHandler
                0x08004f28                I2C3_ER_IRQHandler
                0x08004f28                EXTI0_IRQHandler
                0x08004f28                I2C2_EV_IRQHandler
                0x08004f28                DMA1_Stream2_IRQHandler
                0x08004f28                FPU_IRQHandler
                0x08004f28                DMA2_Stream2_IRQHandler
                0x08004f28                SPI1_IRQHandler
                0x08004f28                TIM1_BRK_TIM9_IRQHandler
                0x08004f28                DMA2_Stream3_IRQHandler
                0x08004f28                USART6_IRQHandler
                0x08004f28                DMA2_Stream0_IRQHandler
                0x08004f28                TIM4_IRQHandler
                0x08004f28                I2C1_EV_IRQHandler
                0x08004f28                DMA1_Stream6_IRQHandler
                0x08004f28                DMA1_Stream1_IRQHandler
                0x08004f28                TIM3_IRQHandler
                0x08004f28                RCC_IRQHandler
                0x08004f28                Default_Handler
                0x08004f28                EXTI15_10_IRQHandler
                0x08004f28                ADC_IRQHandler
                0x08004f28                DMA1_Stream7_IRQHandler
                0x08004f28                SPI5_IRQHandler
                0x08004f28                DMA2_Stream7_IRQHandler
                0x08004f28                I2C3_EV_IRQHandler
                0x08004f28                EXTI9_5_IRQHandler
                0x08004f28                RTC_WKUP_IRQHandler
                0x08004f28                SPI2_IRQHandler
                0x08004f28                DMA1_Stream0_IRQHandler
                0x08004f28                EXTI4_IRQHandler
                0x08004f28                WWDG_IRQHandler
                0x08004f28                TIM2_IRQHandler
                0x08004f28                OTG_FS_WKUP_IRQHandler
                0x08004f28                TIM1_TRG_COM_TIM11_IRQHandler
                0x08004f28                EXTI1_IRQHandler
                0x08004f28                USART2_IRQHandler
                0x08004f28                I2C2_ER_IRQHandler
                0x08004f28                DMA2_Stream1_IRQHandler
                0x08004f28                FLASH_IRQHandler
                0x08004f28                DMA2_Stream4_IRQHandler
                0x08004f28                USART1_IRQHandler
                0x08004f28                OTG_FS_IRQHandler
                0x08004f28                SPI3_IRQHandler
                0x08004f28                DMA1_Stream4_IRQHandler
                0x08004f28                I2C1_ER_IRQHandler
                0x08004f28                DMA2_Stream6_IRQHandler
                0x08004f28                DMA1_Stream3_IRQHandler
 *fill*         0x08004f2a        0x2 
 .text.HAL_Init
                0x08004f2c       0x34 CMakeFiles/WL1_F411CEU6_V1.0.elf.dir/Drivers/STM32F4xx_HAL_Driver/Src/stm32f4xx_hal.c.obj
                0x08004f2c                HAL_Init
 .text.HAL_IncTick
                0x08004f60       0x18 CMakeFiles/WL1_F411CEU6_V1.0.elf.dir/Drivers/STM32F4xx_HAL_Driver/Src/stm32f4xx_hal.c.obj
                0x08004f60                HAL_IncTick
 .text.HAL_GetTick
                0x08004f78        0xc CMakeFiles/WL1_F411CEU6_V1.0.elf.dir/Drivers/STM32F4xx_HAL_Driver/Src/stm32f4xx_hal.c.obj
                0x08004f78                HAL_GetTick
 .text.__NVIC_EnableIRQ
                0x08004f84       0x1c CMakeFiles/WL1_F411CEU6_V1.0.elf.dir/Drivers/STM32F4xx_HAL_Driver/Src/stm32f4xx_hal_cortex.c.obj
 .text.__NVIC_SetPriority
                0x08004fa0       0x28 CMakeFiles/WL1_F411CEU6_V1.0.elf.dir/Drivers/STM32F4xx_HAL_Driver/Src/stm32f4xx_hal_cortex.c.obj
 .text.NVIC_EncodePriority
                0x08004fc8       0x3e CMakeFiles/WL1_F411CEU6_V1.0.elf.dir/Drivers/STM32F4xx_HAL_Driver/Src/stm32f4xx_hal_cortex.c.obj
 *fill*         0x08005006        0x2 
 .text.HAL_NVIC_SetPriorityGrouping
                0x08005008       0x24 CMakeFiles/WL1_F411CEU6_V1.0.elf.dir/Drivers/STM32F4xx_HAL_Driver/Src/stm32f4xx_hal_cortex.c.obj
                0x08005008                HAL_NVIC_SetPriorityGrouping
 .text.HAL_NVIC_SetPriority
                0x0800502c       0x20 CMakeFiles/WL1_F411CEU6_V1.0.elf.dir/Drivers/STM32F4xx_HAL_Driver/Src/stm32f4xx_hal_cortex.c.obj
                0x0800502c                HAL_NVIC_SetPriority
 .text.HAL_NVIC_EnableIRQ
                0x0800504c        0x8 CMakeFiles/WL1_F411CEU6_V1.0.elf.dir/Drivers/STM32F4xx_HAL_Driver/Src/stm32f4xx_hal_cortex.c.obj
                0x0800504c                HAL_NVIC_EnableIRQ
 .text.HAL_GPIO_Init
                0x08005054      0x1c8 CMakeFiles/WL1_F411CEU6_V1.0.elf.dir/Drivers/STM32F4xx_HAL_Driver/Src/stm32f4xx_hal_gpio.c.obj
                0x08005054                HAL_GPIO_Init
 .text.HAL_GPIO_WritePin
                0x0800521c        0xc CMakeFiles/WL1_F411CEU6_V1.0.elf.dir/Drivers/STM32F4xx_HAL_Driver/Src/stm32f4xx_hal_gpio.c.obj
                0x0800521c                HAL_GPIO_WritePin
 .text.HAL_GPIO_TogglePin
                0x08005228       0x12 CMakeFiles/WL1_F411CEU6_V1.0.elf.dir/Drivers/STM32F4xx_HAL_Driver/Src/stm32f4xx_hal_gpio.c.obj
                0x08005228                HAL_GPIO_TogglePin
 .text.I2C_IsAcknowledgeFailed
                0x0800523a       0x32 CMakeFiles/WL1_F411CEU6_V1.0.elf.dir/Drivers/STM32F4xx_HAL_Driver/Src/stm32f4xx_hal_i2c.c.obj
 .text.I2C_WaitOnFlagUntilTimeout
                0x0800526c       0xaa CMakeFiles/WL1_F411CEU6_V1.0.elf.dir/Drivers/STM32F4xx_HAL_Driver/Src/stm32f4xx_hal_i2c.c.obj
 .text.I2C_WaitOnMasterAddressFlagUntilTimeout
                0x08005316       0xd6 CMakeFiles/WL1_F411CEU6_V1.0.elf.dir/Drivers/STM32F4xx_HAL_Driver/Src/stm32f4xx_hal_i2c.c.obj
 .text.I2C_WaitOnTXEFlagUntilTimeout
                0x080053ec       0x5e CMakeFiles/WL1_F411CEU6_V1.0.elf.dir/Drivers/STM32F4xx_HAL_Driver/Src/stm32f4xx_hal_i2c.c.obj
 *fill*         0x0800544a        0x2 
 .text.I2C_RequestMemoryWrite
                0x0800544c       0xd8 CMakeFiles/WL1_F411CEU6_V1.0.elf.dir/Drivers/STM32F4xx_HAL_Driver/Src/stm32f4xx_hal_i2c.c.obj
 .text.I2C_RequestMemoryRead
                0x08005524      0x154 CMakeFiles/WL1_F411CEU6_V1.0.elf.dir/Drivers/STM32F4xx_HAL_Driver/Src/stm32f4xx_hal_i2c.c.obj
 .text.I2C_WaitOnBTFFlagUntilTimeout
                0x08005678       0x5e CMakeFiles/WL1_F411CEU6_V1.0.elf.dir/Drivers/STM32F4xx_HAL_Driver/Src/stm32f4xx_hal_i2c.c.obj
 .text.I2C_WaitOnRXNEFlagUntilTimeout
                0x080056d6       0x78 CMakeFiles/WL1_F411CEU6_V1.0.elf.dir/Drivers/STM32F4xx_HAL_Driver/Src/stm32f4xx_hal_i2c.c.obj
 *fill*         0x0800574e        0x2 
 .text.HAL_I2C_Init
                0x08005750      0x1bc CMakeFiles/WL1_F411CEU6_V1.0.elf.dir/Drivers/STM32F4xx_HAL_Driver/Src/stm32f4xx_hal_i2c.c.obj
                0x08005750                HAL_I2C_Init
 .text.HAL_I2C_Mem_Write
                0x0800590c      0x160 CMakeFiles/WL1_F411CEU6_V1.0.elf.dir/Drivers/STM32F4xx_HAL_Driver/Src/stm32f4xx_hal_i2c.c.obj
                0x0800590c                HAL_I2C_Mem_Write
 .text.HAL_I2C_Mem_Read
                0x08005a6c      0x2f8 CMakeFiles/WL1_F411CEU6_V1.0.elf.dir/Drivers/STM32F4xx_HAL_Driver/Src/stm32f4xx_hal_i2c.c.obj
                0x08005a6c                HAL_I2C_Mem_Read
 .text.HAL_RCC_OscConfig
                0x08005d64      0x3f8 CMakeFiles/WL1_F411CEU6_V1.0.elf.dir/Drivers/STM32F4xx_HAL_Driver/Src/stm32f4xx_hal_rcc.c.obj
                0x08005d64                HAL_RCC_OscConfig
 .text.HAL_RCC_GetSysClockFreq
                0x0800615c       0xa8 CMakeFiles/WL1_F411CEU6_V1.0.elf.dir/Drivers/STM32F4xx_HAL_Driver/Src/stm32f4xx_hal_rcc.c.obj
                0x0800615c                HAL_RCC_GetSysClockFreq
 .text.HAL_RCC_ClockConfig
                0x08006204      0x160 CMakeFiles/WL1_F411CEU6_V1.0.elf.dir/Drivers/STM32F4xx_HAL_Driver/Src/stm32f4xx_hal_rcc.c.obj
                0x08006204                HAL_RCC_ClockConfig
 .text.HAL_RCC_GetHCLKFreq
                0x08006364        0xc CMakeFiles/WL1_F411CEU6_V1.0.elf.dir/Drivers/STM32F4xx_HAL_Driver/Src/stm32f4xx_hal_rcc.c.obj
                0x08006364                HAL_RCC_GetHCLKFreq
 .text.HAL_RCC_GetPCLK1Freq
                0x08006370       0x20 CMakeFiles/WL1_F411CEU6_V1.0.elf.dir/Drivers/STM32F4xx_HAL_Driver/Src/stm32f4xx_hal_rcc.c.obj
                0x08006370                HAL_RCC_GetPCLK1Freq
 .text.HAL_RCC_GetPCLK2Freq
                0x08006390       0x20 CMakeFiles/WL1_F411CEU6_V1.0.elf.dir/Drivers/STM32F4xx_HAL_Driver/Src/stm32f4xx_hal_rcc.c.obj
                0x08006390                HAL_RCC_GetPCLK2Freq
 .text.HAL_RCC_GetClockConfig
                0x080063b0       0x3c CMakeFiles/WL1_F411CEU6_V1.0.elf.dir/Drivers/STM32F4xx_HAL_Driver/Src/stm32f4xx_hal_rcc.c.obj
                0x080063b0                HAL_RCC_GetClockConfig
 .text.HAL_RCCEx_PeriphCLKConfig
                0x080063ec      0x170 CMakeFiles/WL1_F411CEU6_V1.0.elf.dir/Drivers/STM32F4xx_HAL_Driver/Src/stm32f4xx_hal_rcc_ex.c.obj
                0x080063ec                HAL_RCCEx_PeriphCLKConfig
 .text.HAL_RTC_WaitForSynchro
                0x0800655c       0x34 CMakeFiles/WL1_F411CEU6_V1.0.elf.dir/Drivers/STM32F4xx_HAL_Driver/Src/stm32f4xx_hal_rtc.c.obj
                0x0800655c                HAL_RTC_WaitForSynchro
 .text.RTC_EnterInitMode
                0x08006590       0x46 CMakeFiles/WL1_F411CEU6_V1.0.elf.dir/Drivers/STM32F4xx_HAL_Driver/Src/stm32f4xx_hal_rtc.c.obj
                0x08006590                RTC_EnterInitMode
 .text.RTC_ExitInitMode
                0x080065d6       0x2a CMakeFiles/WL1_F411CEU6_V1.0.elf.dir/Drivers/STM32F4xx_HAL_Driver/Src/stm32f4xx_hal_rtc.c.obj
                0x080065d6                RTC_ExitInitMode
 .text.HAL_RTC_Init
                0x08006600       0x9e CMakeFiles/WL1_F411CEU6_V1.0.elf.dir/Drivers/STM32F4xx_HAL_Driver/Src/stm32f4xx_hal_rtc.c.obj
                0x08006600                HAL_RTC_Init
 .text.HAL_SPI_Init
                0x0800669e       0xbe CMakeFiles/WL1_F411CEU6_V1.0.elf.dir/Drivers/STM32F4xx_HAL_Driver/Src/stm32f4xx_hal_spi.c.obj
                0x0800669e                HAL_SPI_Init
 .text.TIM_OC1_SetConfig
                0x0800675c       0x54 CMakeFiles/WL1_F411CEU6_V1.0.elf.dir/Drivers/STM32F4xx_HAL_Driver/Src/stm32f4xx_hal_tim.c.obj
 .text.TIM_OC3_SetConfig
                0x080067b0       0x5c CMakeFiles/WL1_F411CEU6_V1.0.elf.dir/Drivers/STM32F4xx_HAL_Driver/Src/stm32f4xx_hal_tim.c.obj
 .text.TIM_OC4_SetConfig
                0x0800680c       0x48 CMakeFiles/WL1_F411CEU6_V1.0.elf.dir/Drivers/STM32F4xx_HAL_Driver/Src/stm32f4xx_hal_tim.c.obj
 .text.TIM_TI1_ConfigInputStage
                0x08006854       0x26 CMakeFiles/WL1_F411CEU6_V1.0.elf.dir/Drivers/STM32F4xx_HAL_Driver/Src/stm32f4xx_hal_tim.c.obj
 .text.TIM_TI2_ConfigInputStage
                0x0800687a       0x28 CMakeFiles/WL1_F411CEU6_V1.0.elf.dir/Drivers/STM32F4xx_HAL_Driver/Src/stm32f4xx_hal_tim.c.obj
 .text.TIM_ITRx_SetConfig
                0x080068a2       0x10 CMakeFiles/WL1_F411CEU6_V1.0.elf.dir/Drivers/STM32F4xx_HAL_Driver/Src/stm32f4xx_hal_tim.c.obj
 *fill*         0x080068b2        0x2 
 .text.HAL_TIM_Base_Start_IT
                0x080068b4       0x74 CMakeFiles/WL1_F411CEU6_V1.0.elf.dir/Drivers/STM32F4xx_HAL_Driver/Src/stm32f4xx_hal_tim.c.obj
                0x080068b4                HAL_TIM_Base_Start_IT
 .text.HAL_TIM_PWM_MspInit
                0x08006928        0x2 CMakeFiles/WL1_F411CEU6_V1.0.elf.dir/Drivers/STM32F4xx_HAL_Driver/Src/stm32f4xx_hal_tim.c.obj
                0x08006928                HAL_TIM_PWM_MspInit
 .text.HAL_TIM_OC_DelayElapsedCallback
                0x0800692a        0x2 CMakeFiles/WL1_F411CEU6_V1.0.elf.dir/Drivers/STM32F4xx_HAL_Driver/Src/stm32f4xx_hal_tim.c.obj
                0x0800692a                HAL_TIM_OC_DelayElapsedCallback
 .text.HAL_TIM_IC_CaptureCallback
                0x0800692c        0x2 CMakeFiles/WL1_F411CEU6_V1.0.elf.dir/Drivers/STM32F4xx_HAL_Driver/Src/stm32f4xx_hal_tim.c.obj
                0x0800692c                HAL_TIM_IC_CaptureCallback
 .text.HAL_TIM_PWM_PulseFinishedCallback
                0x0800692e        0x2 CMakeFiles/WL1_F411CEU6_V1.0.elf.dir/Drivers/STM32F4xx_HAL_Driver/Src/stm32f4xx_hal_tim.c.obj
                0x0800692e                HAL_TIM_PWM_PulseFinishedCallback
 .text.HAL_TIM_TriggerCallback
                0x08006930        0x2 CMakeFiles/WL1_F411CEU6_V1.0.elf.dir/Drivers/STM32F4xx_HAL_Driver/Src/stm32f4xx_hal_tim.c.obj
                0x08006930                HAL_TIM_TriggerCallback
 .text.HAL_TIM_IRQHandler
                0x08006932      0x15e CMakeFiles/WL1_F411CEU6_V1.0.elf.dir/Drivers/STM32F4xx_HAL_Driver/Src/stm32f4xx_hal_tim.c.obj
                0x08006932                HAL_TIM_IRQHandler
 .text.TIM_Base_SetConfig
                0x08006a90       0xa4 CMakeFiles/WL1_F411CEU6_V1.0.elf.dir/Drivers/STM32F4xx_HAL_Driver/Src/stm32f4xx_hal_tim.c.obj
                0x08006a90                TIM_Base_SetConfig
 .text.HAL_TIM_Base_Init
                0x08006b34       0x58 CMakeFiles/WL1_F411CEU6_V1.0.elf.dir/Drivers/STM32F4xx_HAL_Driver/Src/stm32f4xx_hal_tim.c.obj
                0x08006b34                HAL_TIM_Base_Init
 .text.HAL_TIM_PWM_Init
                0x08006b8c       0x58 CMakeFiles/WL1_F411CEU6_V1.0.elf.dir/Drivers/STM32F4xx_HAL_Driver/Src/stm32f4xx_hal_tim.c.obj
                0x08006b8c                HAL_TIM_PWM_Init
 .text.HAL_TIM_Encoder_Init
                0x08006be4       0xb0 CMakeFiles/WL1_F411CEU6_V1.0.elf.dir/Drivers/STM32F4xx_HAL_Driver/Src/stm32f4xx_hal_tim.c.obj
                0x08006be4                HAL_TIM_Encoder_Init
 .text.TIM_OC2_SetConfig
                0x08006c94       0x5c CMakeFiles/WL1_F411CEU6_V1.0.elf.dir/Drivers/STM32F4xx_HAL_Driver/Src/stm32f4xx_hal_tim.c.obj
                0x08006c94                TIM_OC2_SetConfig
 .text.HAL_TIM_PWM_ConfigChannel
                0x08006cf0       0xdc CMakeFiles/WL1_F411CEU6_V1.0.elf.dir/Drivers/STM32F4xx_HAL_Driver/Src/stm32f4xx_hal_tim.c.obj
                0x08006cf0                HAL_TIM_PWM_ConfigChannel
 .text.TIM_ETR_SetConfig
                0x08006dcc       0x1a CMakeFiles/WL1_F411CEU6_V1.0.elf.dir/Drivers/STM32F4xx_HAL_Driver/Src/stm32f4xx_hal_tim.c.obj
                0x08006dcc                TIM_ETR_SetConfig
 .text.HAL_TIM_ConfigClockSource
                0x08006de6       0xfe CMakeFiles/WL1_F411CEU6_V1.0.elf.dir/Drivers/STM32F4xx_HAL_Driver/Src/stm32f4xx_hal_tim.c.obj
                0x08006de6                HAL_TIM_ConfigClockSource
 .text.TIM_CCxChannelCmd
                0x08006ee4       0x1e CMakeFiles/WL1_F411CEU6_V1.0.elf.dir/Drivers/STM32F4xx_HAL_Driver/Src/stm32f4xx_hal_tim.c.obj
                0x08006ee4                TIM_CCxChannelCmd
 *fill*         0x08006f02        0x2 
 .text.HAL_TIM_PWM_Start
                0x08006f04       0xe4 CMakeFiles/WL1_F411CEU6_V1.0.elf.dir/Drivers/STM32F4xx_HAL_Driver/Src/stm32f4xx_hal_tim.c.obj
                0x08006f04                HAL_TIM_PWM_Start
 .text.HAL_TIM_PWM_Stop
                0x08006fe8       0x84 CMakeFiles/WL1_F411CEU6_V1.0.elf.dir/Drivers/STM32F4xx_HAL_Driver/Src/stm32f4xx_hal_tim.c.obj
                0x08006fe8                HAL_TIM_PWM_Stop
 .text.HAL_TIMEx_MasterConfigSynchronization
                0x0800706c       0x7c CMakeFiles/WL1_F411CEU6_V1.0.elf.dir/Drivers/STM32F4xx_HAL_Driver/Src/stm32f4xx_hal_tim_ex.c.obj
                0x0800706c                HAL_TIMEx_MasterConfigSynchronization
 .text.HAL_TIMEx_CommutCallback
                0x080070e8        0x2 CMakeFiles/WL1_F411CEU6_V1.0.elf.dir/Drivers/STM32F4xx_HAL_Driver/Src/stm32f4xx_hal_tim_ex.c.obj
                0x080070e8                HAL_TIMEx_CommutCallback
 .text.HAL_TIMEx_BreakCallback
                0x080070ea        0x2 CMakeFiles/WL1_F411CEU6_V1.0.elf.dir/Drivers/STM32F4xx_HAL_Driver/Src/stm32f4xx_hal_tim_ex.c.obj
                0x080070ea                HAL_TIMEx_BreakCallback
 .text.UART_EndRxTransfer
                0x080070ec       0x5c CMakeFiles/WL1_F411CEU6_V1.0.elf.dir/Drivers/STM32F4xx_HAL_Driver/Src/stm32f4xx_hal_uart.c.obj
 .text.UART_SetConfig
                0x08007148      0x110 CMakeFiles/WL1_F411CEU6_V1.0.elf.dir/Drivers/STM32F4xx_HAL_Driver/Src/stm32f4xx_hal_uart.c.obj
 .text.UART_WaitOnFlagUntilTimeout
                0x08007258       0x86 CMakeFiles/WL1_F411CEU6_V1.0.elf.dir/Drivers/STM32F4xx_HAL_Driver/Src/stm32f4xx_hal_uart.c.obj
 .text.HAL_UART_Init
                0x080072de       0x60 CMakeFiles/WL1_F411CEU6_V1.0.elf.dir/Drivers/STM32F4xx_HAL_Driver/Src/stm32f4xx_hal_uart.c.obj
                0x080072de                HAL_UART_Init
 .text.HAL_UART_Transmit
                0x0800733e       0xca CMakeFiles/WL1_F411CEU6_V1.0.elf.dir/Drivers/STM32F4xx_HAL_Driver/Src/stm32f4xx_hal_uart.c.obj
                0x0800733e                HAL_UART_Transmit
 .text.SysTick_Handler
                0x08007408       0x18 CMakeFiles/WL1_F411CEU6_V1.0.elf.dir/Middlewares/Third_Party/FreeRTOS/Source/CMSIS_RTOS_V2/cmsis_os2.c.obj
                0x08007408                SysTick_Handler
 .text.osKernelInitialize
                0x08007420       0x24 CMakeFiles/WL1_F411CEU6_V1.0.elf.dir/Middlewares/Third_Party/FreeRTOS/Source/CMSIS_RTOS_V2/cmsis_os2.c.obj
                0x08007420                osKernelInitialize
 .text.osKernelStart
                0x08007444       0x38 CMakeFiles/WL1_F411CEU6_V1.0.elf.dir/Middlewares/Third_Party/FreeRTOS/Source/CMSIS_RTOS_V2/cmsis_os2.c.obj
                0x08007444                osKernelStart
 .text.osThreadNew
                0x0800747c       0xb6 CMakeFiles/WL1_F411CEU6_V1.0.elf.dir/Middlewares/Third_Party/FreeRTOS/Source/CMSIS_RTOS_V2/cmsis_os2.c.obj
                0x0800747c                osThreadNew
 *fill*         0x08007532        0x2 
 .text.vApplicationGetIdleTaskMemory
                0x08007534       0x18 CMakeFiles/WL1_F411CEU6_V1.0.elf.dir/Middlewares/Third_Party/FreeRTOS/Source/CMSIS_RTOS_V2/cmsis_os2.c.obj
                0x08007534                vApplicationGetIdleTaskMemory
 .text.vApplicationGetTimerTaskMemory
                0x0800754c       0x18 CMakeFiles/WL1_F411CEU6_V1.0.elf.dir/Middlewares/Third_Party/FreeRTOS/Source/CMSIS_RTOS_V2/cmsis_os2.c.obj
                0x0800754c                vApplicationGetTimerTaskMemory
 .text.vListInitialise
                0x08007564       0x16 CMakeFiles/WL1_F411CEU6_V1.0.elf.dir/Middlewares/Third_Party/FreeRTOS/Source/list.c.obj
                0x08007564                vListInitialise
 .text.vListInitialiseItem
                0x0800757a        0x6 CMakeFiles/WL1_F411CEU6_V1.0.elf.dir/Middlewares/Third_Party/FreeRTOS/Source/list.c.obj
                0x0800757a                vListInitialiseItem
 .text.vListInsertEnd
                0x08007580       0x16 CMakeFiles/WL1_F411CEU6_V1.0.elf.dir/Middlewares/Third_Party/FreeRTOS/Source/list.c.obj
                0x08007580                vListInsertEnd
 .text.vListInsert
                0x08007596       0x32 CMakeFiles/WL1_F411CEU6_V1.0.elf.dir/Middlewares/Third_Party/FreeRTOS/Source/list.c.obj
                0x08007596                vListInsert
 .text.uxListRemove
                0x080075c8       0x26 CMakeFiles/WL1_F411CEU6_V1.0.elf.dir/Middlewares/Third_Party/FreeRTOS/Source/list.c.obj
                0x080075c8                uxListRemove
 *fill*         0x080075ee        0x2 
 .text.prvTaskExitError
                0x080075f0       0x40 CMakeFiles/WL1_F411CEU6_V1.0.elf.dir/Middlewares/Third_Party/FreeRTOS/Source/portable/GCC/ARM_CM4F/port.c.obj
 .text.prvPortStartFirstTask
                0x08007630       0x28 CMakeFiles/WL1_F411CEU6_V1.0.elf.dir/Middlewares/Third_Party/FreeRTOS/Source/portable/GCC/ARM_CM4F/port.c.obj
 .text.vPortEnableVFP
                0x08007658       0x14 CMakeFiles/WL1_F411CEU6_V1.0.elf.dir/Middlewares/Third_Party/FreeRTOS/Source/portable/GCC/ARM_CM4F/port.c.obj
 .text.pxPortInitialiseStack
                0x0800766c       0x2c CMakeFiles/WL1_F411CEU6_V1.0.elf.dir/Middlewares/Third_Party/FreeRTOS/Source/portable/GCC/ARM_CM4F/port.c.obj
                0x0800766c                pxPortInitialiseStack
 *fill*         0x08007698        0x8 
 .text.SVC_Handler
                0x080076a0       0x24 CMakeFiles/WL1_F411CEU6_V1.0.elf.dir/Middlewares/Third_Party/FreeRTOS/Source/portable/GCC/ARM_CM4F/port.c.obj
                0x080076a0                SVC_Handler
 .text.vPortEnterCritical
                0x080076c4       0x44 CMakeFiles/WL1_F411CEU6_V1.0.elf.dir/Middlewares/Third_Party/FreeRTOS/Source/portable/GCC/ARM_CM4F/port.c.obj
                0x080076c4                vPortEnterCritical
 .text.vPortExitCritical
                0x08007708       0x2c CMakeFiles/WL1_F411CEU6_V1.0.elf.dir/Middlewares/Third_Party/FreeRTOS/Source/portable/GCC/ARM_CM4F/port.c.obj
                0x08007708                vPortExitCritical
 *fill*         0x08007734        0xc 
 .text.PendSV_Handler
                0x08007740       0x64 CMakeFiles/WL1_F411CEU6_V1.0.elf.dir/Middlewares/Third_Party/FreeRTOS/Source/portable/GCC/ARM_CM4F/port.c.obj
                0x08007740                PendSV_Handler
 .text.xPortSysTickHandler
                0x080077a4       0x2c CMakeFiles/WL1_F411CEU6_V1.0.elf.dir/Middlewares/Third_Party/FreeRTOS/Source/portable/GCC/ARM_CM4F/port.c.obj
                0x080077a4                xPortSysTickHandler
 .text.vPortSetupTimerInterrupt
                0x080077d0       0x28 CMakeFiles/WL1_F411CEU6_V1.0.elf.dir/Middlewares/Third_Party/FreeRTOS/Source/portable/GCC/ARM_CM4F/port.c.obj
                0x080077d0                vPortSetupTimerInterrupt
 .text.xPortStartScheduler
                0x080077f8      0x118 CMakeFiles/WL1_F411CEU6_V1.0.elf.dir/Middlewares/Third_Party/FreeRTOS/Source/portable/GCC/ARM_CM4F/port.c.obj
                0x080077f8                xPortStartScheduler
 .text.vPortValidateInterruptPriority
                0x08007910       0x5c CMakeFiles/WL1_F411CEU6_V1.0.elf.dir/Middlewares/Third_Party/FreeRTOS/Source/portable/GCC/ARM_CM4F/port.c.obj
                0x08007910                vPortValidateInterruptPriority
 .text.prvHeapInit
                0x0800796c       0x64 CMakeFiles/WL1_F411CEU6_V1.0.elf.dir/Middlewares/Third_Party/FreeRTOS/Source/portable/MemMang/heap_4.c.obj
 .text.prvInsertBlockIntoFreeList
                0x080079d0       0x64 CMakeFiles/WL1_F411CEU6_V1.0.elf.dir/Middlewares/Third_Party/FreeRTOS/Source/portable/MemMang/heap_4.c.obj
 .text.pvPortMalloc
                0x08007a34      0x104 CMakeFiles/WL1_F411CEU6_V1.0.elf.dir/Middlewares/Third_Party/FreeRTOS/Source/portable/MemMang/heap_4.c.obj
                0x08007a34                pvPortMalloc
 .text.vPortFree
                0x08007b38       0x7c CMakeFiles/WL1_F411CEU6_V1.0.elf.dir/Middlewares/Third_Party/FreeRTOS/Source/portable/MemMang/heap_4.c.obj
                0x08007b38                vPortFree
 .text.prvIsQueueFull
                0x08007bb4       0x1e CMakeFiles/WL1_F411CEU6_V1.0.elf.dir/Middlewares/Third_Party/FreeRTOS/Source/queue.c.obj
 .text.prvIsQueueEmpty
                0x08007bd2       0x1a CMakeFiles/WL1_F411CEU6_V1.0.elf.dir/Middlewares/Third_Party/FreeRTOS/Source/queue.c.obj
 .text.prvCopyDataToQueue
                0x08007bec       0x76 CMakeFiles/WL1_F411CEU6_V1.0.elf.dir/Middlewares/Third_Party/FreeRTOS/Source/queue.c.obj
 .text.prvCopyDataFromQueue
                0x08007c62       0x24 CMakeFiles/WL1_F411CEU6_V1.0.elf.dir/Middlewares/Third_Party/FreeRTOS/Source/queue.c.obj
 .text.prvUnlockQueue
                0x08007c86       0x6e CMakeFiles/WL1_F411CEU6_V1.0.elf.dir/Middlewares/Third_Party/FreeRTOS/Source/queue.c.obj
 .text.xQueueGenericReset
                0x08007cf4       0x84 CMakeFiles/WL1_F411CEU6_V1.0.elf.dir/Middlewares/Third_Party/FreeRTOS/Source/queue.c.obj
                0x08007cf4                xQueueGenericReset
 .text.prvInitialiseNewQueue
                0x08007d78       0x22 CMakeFiles/WL1_F411CEU6_V1.0.elf.dir/Middlewares/Third_Party/FreeRTOS/Source/queue.c.obj
 .text.xQueueGenericCreateStatic
                0x08007d9a       0x94 CMakeFiles/WL1_F411CEU6_V1.0.elf.dir/Middlewares/Third_Party/FreeRTOS/Source/queue.c.obj
                0x08007d9a                xQueueGenericCreateStatic
 .text.xQueueGenericSend
                0x08007e2e      0x188 CMakeFiles/WL1_F411CEU6_V1.0.elf.dir/Middlewares/Third_Party/FreeRTOS/Source/queue.c.obj
                0x08007e2e                xQueueGenericSend
 .text.xQueueGenericSendFromISR
                0x08007fb6       0xce CMakeFiles/WL1_F411CEU6_V1.0.elf.dir/Middlewares/Third_Party/FreeRTOS/Source/queue.c.obj
                0x08007fb6                xQueueGenericSendFromISR
 .text.xQueueReceive
                0x08008084      0x15e CMakeFiles/WL1_F411CEU6_V1.0.elf.dir/Middlewares/Third_Party/FreeRTOS/Source/queue.c.obj
                0x08008084                xQueueReceive
 *fill*         0x080081e2        0x2 
 .text.vQueueAddToRegistry
                0x080081e4       0x28 CMakeFiles/WL1_F411CEU6_V1.0.elf.dir/Middlewares/Third_Party/FreeRTOS/Source/queue.c.obj
                0x080081e4                vQueueAddToRegistry
 .text.vQueueWaitForMessageRestricted
                0x0800820c       0x52 CMakeFiles/WL1_F411CEU6_V1.0.elf.dir/Middlewares/Third_Party/FreeRTOS/Source/queue.c.obj
                0x0800820c                vQueueWaitForMessageRestricted
 *fill*         0x0800825e        0x2 
 .text.prvResetNextTaskUnblockTime
                0x08008260       0x2c CMakeFiles/WL1_F411CEU6_V1.0.elf.dir/Middlewares/Third_Party/FreeRTOS/Source/tasks.c.obj
 .text.prvInitialiseNewTask
                0x0800828c      0x104 CMakeFiles/WL1_F411CEU6_V1.0.elf.dir/Middlewares/Third_Party/FreeRTOS/Source/tasks.c.obj
 .text.prvInitialiseTaskLists
                0x08008390       0x68 CMakeFiles/WL1_F411CEU6_V1.0.elf.dir/Middlewares/Third_Party/FreeRTOS/Source/tasks.c.obj
 .text.prvAddNewTaskToReadyList
                0x080083f8       0xac CMakeFiles/WL1_F411CEU6_V1.0.elf.dir/Middlewares/Third_Party/FreeRTOS/Source/tasks.c.obj
 .text.prvDeleteTCB
                0x080084a4       0x40 CMakeFiles/WL1_F411CEU6_V1.0.elf.dir/Middlewares/Third_Party/FreeRTOS/Source/tasks.c.obj
 .text.prvCheckTasksWaitingTermination
                0x080084e4       0x4c CMakeFiles/WL1_F411CEU6_V1.0.elf.dir/Middlewares/Third_Party/FreeRTOS/Source/tasks.c.obj
 .text.prvAddCurrentTaskToDelayedList
                0x08008530       0x7c CMakeFiles/WL1_F411CEU6_V1.0.elf.dir/Middlewares/Third_Party/FreeRTOS/Source/tasks.c.obj
 .text.prvIdleTask
                0x080085ac       0x30 CMakeFiles/WL1_F411CEU6_V1.0.elf.dir/Middlewares/Third_Party/FreeRTOS/Source/tasks.c.obj
 .text.xTaskCreateStatic
                0x080085dc       0x7a CMakeFiles/WL1_F411CEU6_V1.0.elf.dir/Middlewares/Third_Party/FreeRTOS/Source/tasks.c.obj
                0x080085dc                xTaskCreateStatic
 .text.xTaskCreate
                0x08008656       0x66 CMakeFiles/WL1_F411CEU6_V1.0.elf.dir/Middlewares/Third_Party/FreeRTOS/Source/tasks.c.obj
                0x08008656                xTaskCreate
 .text.vTaskDelete
                0x080086bc       0xb8 CMakeFiles/WL1_F411CEU6_V1.0.elf.dir/Middlewares/Third_Party/FreeRTOS/Source/tasks.c.obj
                0x080086bc                vTaskDelete
 .text.vTaskStartScheduler
                0x08008774       0xac CMakeFiles/WL1_F411CEU6_V1.0.elf.dir/Middlewares/Third_Party/FreeRTOS/Source/tasks.c.obj
                0x08008774                vTaskStartScheduler
 .text.vTaskSuspendAll
                0x08008820       0x10 CMakeFiles/WL1_F411CEU6_V1.0.elf.dir/Middlewares/Third_Party/FreeRTOS/Source/tasks.c.obj
                0x08008820                vTaskSuspendAll
 .text.xTaskGetTickCount
                0x08008830        0xc CMakeFiles/WL1_F411CEU6_V1.0.elf.dir/Middlewares/Third_Party/FreeRTOS/Source/tasks.c.obj
                0x08008830                xTaskGetTickCount
 .text.xTaskIncrementTick
                0x0800883c      0x118 CMakeFiles/WL1_F411CEU6_V1.0.elf.dir/Middlewares/Third_Party/FreeRTOS/Source/tasks.c.obj
                0x0800883c                xTaskIncrementTick
 .text.xTaskResumeAll
                0x08008954       0xf8 CMakeFiles/WL1_F411CEU6_V1.0.elf.dir/Middlewares/Third_Party/FreeRTOS/Source/tasks.c.obj
                0x08008954                xTaskResumeAll
 .text.vTaskDelay
                0x08008a4c       0x4c CMakeFiles/WL1_F411CEU6_V1.0.elf.dir/Middlewares/Third_Party/FreeRTOS/Source/tasks.c.obj
                0x08008a4c                vTaskDelay
 .text.vTaskSwitchContext
                0x08008a98       0xa4 CMakeFiles/WL1_F411CEU6_V1.0.elf.dir/Middlewares/Third_Party/FreeRTOS/Source/tasks.c.obj
                0x08008a98                vTaskSwitchContext
 .text.vTaskPlaceOnEventList
                0x08008b3c       0x30 CMakeFiles/WL1_F411CEU6_V1.0.elf.dir/Middlewares/Third_Party/FreeRTOS/Source/tasks.c.obj
                0x08008b3c                vTaskPlaceOnEventList
 .text.vTaskPlaceOnEventListRestricted
                0x08008b6c       0x38 CMakeFiles/WL1_F411CEU6_V1.0.elf.dir/Middlewares/Third_Party/FreeRTOS/Source/tasks.c.obj
                0x08008b6c                vTaskPlaceOnEventListRestricted
 .text.xTaskRemoveFromEventList
                0x08008ba4       0x8c CMakeFiles/WL1_F411CEU6_V1.0.elf.dir/Middlewares/Third_Party/FreeRTOS/Source/tasks.c.obj
                0x08008ba4                xTaskRemoveFromEventList
 .text.vTaskInternalSetTimeOutState
                0x08008c30       0x18 CMakeFiles/WL1_F411CEU6_V1.0.elf.dir/Middlewares/Third_Party/FreeRTOS/Source/tasks.c.obj
                0x08008c30                vTaskInternalSetTimeOutState
 .text.xTaskCheckForTimeOut
                0x08008c48       0x88 CMakeFiles/WL1_F411CEU6_V1.0.elf.dir/Middlewares/Third_Party/FreeRTOS/Source/tasks.c.obj
                0x08008c48                xTaskCheckForTimeOut
 .text.vTaskMissedYield
                0x08008cd0        0xc CMakeFiles/WL1_F411CEU6_V1.0.elf.dir/Middlewares/Third_Party/FreeRTOS/Source/tasks.c.obj
                0x08008cd0                vTaskMissedYield
 .text.xTaskGetSchedulerState
                0x08008cdc       0x20 CMakeFiles/WL1_F411CEU6_V1.0.elf.dir/Middlewares/Third_Party/FreeRTOS/Source/tasks.c.obj
                0x08008cdc                xTaskGetSchedulerState
 .text.xTaskPriorityDisinherit
                0x08008cfc       0x90 CMakeFiles/WL1_F411CEU6_V1.0.elf.dir/Middlewares/Third_Party/FreeRTOS/Source/tasks.c.obj
                0x08008cfc                xTaskPriorityDisinherit
 .text.prvGetNextExpireTime
                0x08008d8c       0x20 CMakeFiles/WL1_F411CEU6_V1.0.elf.dir/Middlewares/Third_Party/FreeRTOS/Source/timers.c.obj
 .text.prvInsertTimerInActiveList
                0x08008dac       0x48 CMakeFiles/WL1_F411CEU6_V1.0.elf.dir/Middlewares/Third_Party/FreeRTOS/Source/timers.c.obj
 .text.prvCheckForValidListAndQueue
                0x08008df4       0x70 CMakeFiles/WL1_F411CEU6_V1.0.elf.dir/Middlewares/Third_Party/FreeRTOS/Source/timers.c.obj
 .text.xTimerCreateTimerTask
                0x08008e64       0x64 CMakeFiles/WL1_F411CEU6_V1.0.elf.dir/Middlewares/Third_Party/FreeRTOS/Source/timers.c.obj
                0x08008e64                xTimerCreateTimerTask
 .text.xTimerGenericCommand
                0x08008ec8       0x6c CMakeFiles/WL1_F411CEU6_V1.0.elf.dir/Middlewares/Third_Party/FreeRTOS/Source/timers.c.obj
                0x08008ec8                xTimerGenericCommand
 .text.prvSwitchTimerLists
                0x08008f34       0x7c CMakeFiles/WL1_F411CEU6_V1.0.elf.dir/Middlewares/Third_Party/FreeRTOS/Source/timers.c.obj
 .text.prvSampleTimeNow
                0x08008fb0       0x2c CMakeFiles/WL1_F411CEU6_V1.0.elf.dir/Middlewares/Third_Party/FreeRTOS/Source/timers.c.obj
 .text.prvProcessExpiredTimer
                0x08008fdc       0x6c CMakeFiles/WL1_F411CEU6_V1.0.elf.dir/Middlewares/Third_Party/FreeRTOS/Source/timers.c.obj
 .text.prvProcessTimerOrBlockTask
                0x08009048       0x74 CMakeFiles/WL1_F411CEU6_V1.0.elf.dir/Middlewares/Third_Party/FreeRTOS/Source/timers.c.obj
 .text.prvProcessReceivedCommands
                0x080090bc      0x10c CMakeFiles/WL1_F411CEU6_V1.0.elf.dir/Middlewares/Third_Party/FreeRTOS/Source/timers.c.obj
 .text.prvTimerTask
                0x080091c8       0x16 CMakeFiles/WL1_F411CEU6_V1.0.elf.dir/Middlewares/Third_Party/FreeRTOS/Source/timers.c.obj
 *fill*         0x080091de        0x2 
 .text._ZdlPvj  0x080091e0        0x4 D:/rj/arm-gnu-toolchain-14.2.rel1-mingw-w64-x86_64-arm-none-eabi/bin/../lib/gcc/arm-none-eabi/14.2.1/thumb/v7e-m+fp/hard\libstdc++.a(del_ops.o)
                0x080091e0                operator delete(void*, unsigned int)
 .text.__cxa_end_cleanup
                0x080091e4        0xc D:/rj/arm-gnu-toolchain-14.2.rel1-mingw-w64-x86_64-arm-none-eabi/bin/../lib/gcc/arm-none-eabi/14.2.1/thumb/v7e-m+fp/hard\libstdc++.a(eh_arm.o)
                0x080091e4                __cxa_end_cleanup
 .text.__cxa_type_match
                0x080091f0       0xb0 D:/rj/arm-gnu-toolchain-14.2.rel1-mingw-w64-x86_64-arm-none-eabi/bin/../lib/gcc/arm-none-eabi/14.2.1/thumb/v7e-m+fp/hard\libstdc++.a(eh_arm.o)
                0x080091f0                __cxa_type_match
 .text.__cxa_begin_cleanup
                0x080092a0       0x64 D:/rj/arm-gnu-toolchain-14.2.rel1-mingw-w64-x86_64-arm-none-eabi/bin/../lib/gcc/arm-none-eabi/14.2.1/thumb/v7e-m+fp/hard\libstdc++.a(eh_arm.o)
                0x080092a0                __cxa_begin_cleanup
 .text.__gnu_end_cleanup
                0x08009304       0x70 D:/rj/arm-gnu-toolchain-14.2.rel1-mingw-w64-x86_64-arm-none-eabi/bin/../lib/gcc/arm-none-eabi/14.2.1/thumb/v7e-m+fp/hard\libstdc++.a(eh_arm.o)
                0x08009304                __gnu_end_cleanup
 .text._ZNSt9exceptionD2Ev
                0x08009374        0x4 D:/rj/arm-gnu-toolchain-14.2.rel1-mingw-w64-x86_64-arm-none-eabi/bin/../lib/gcc/arm-none-eabi/14.2.1/thumb/v7e-m+fp/hard\libstdc++.a(eh_exception.o)
                0x08009374                std::exception::~exception()
                0x08009374                std::exception::~exception()
 .text._ZNSt13bad_exceptionD2Ev
                0x08009378        0x4 D:/rj/arm-gnu-toolchain-14.2.rel1-mingw-w64-x86_64-arm-none-eabi/bin/../lib/gcc/arm-none-eabi/14.2.1/thumb/v7e-m+fp/hard\libstdc++.a(eh_exception.o)
                0x08009378                std::bad_exception::~bad_exception()
                0x08009378                std::bad_exception::~bad_exception()
 .text._ZNKSt13bad_exception4whatEv
                0x0800937c        0x8 D:/rj/arm-gnu-toolchain-14.2.rel1-mingw-w64-x86_64-arm-none-eabi/bin/../lib/gcc/arm-none-eabi/14.2.1/thumb/v7e-m+fp/hard\libstdc++.a(eh_exception.o)
                0x0800937c                std::bad_exception::what() const
                0x0800937c                transaction clone for std::bad_exception::what() const
 .text._ZNSt13bad_exceptionD0Ev
                0x08009384       0x10 D:/rj/arm-gnu-toolchain-14.2.rel1-mingw-w64-x86_64-arm-none-eabi/bin/../lib/gcc/arm-none-eabi/14.2.1/thumb/v7e-m+fp/hard\libstdc++.a(eh_exception.o)
                0x08009384                std::bad_exception::~bad_exception()
 .text.__cxa_get_globals_fast
                0x08009394        0x8 D:/rj/arm-gnu-toolchain-14.2.rel1-mingw-w64-x86_64-arm-none-eabi/bin/../lib/gcc/arm-none-eabi/14.2.1/thumb/v7e-m+fp/hard\libstdc++.a(eh_globals.o)
                0x08009394                __cxa_get_globals_fast
 .text.__cxa_get_globals
                0x0800939c        0x8 D:/rj/arm-gnu-toolchain-14.2.rel1-mingw-w64-x86_64-arm-none-eabi/bin/../lib/gcc/arm-none-eabi/14.2.1/thumb/v7e-m+fp/hard\libstdc++.a(eh_globals.o)
                0x0800939c                __cxa_get_globals
 .text._ZL28read_encoded_value_with_basehjPKhPj
                0x080093a4       0xc0 D:/rj/arm-gnu-toolchain-14.2.rel1-mingw-w64-x86_64-arm-none-eabi/bin/../lib/gcc/arm-none-eabi/14.2.1/thumb/v7e-m+fp/hard\libstdc++.a(eh_personality.o)
 .text._ZL21base_of_encoded_valuehP15_Unwind_Context
                0x08009464       0x44 D:/rj/arm-gnu-toolchain-14.2.rel1-mingw-w64-x86_64-arm-none-eabi/bin/../lib/gcc/arm-none-eabi/14.2.1/thumb/v7e-m+fp/hard\libstdc++.a(eh_personality.o)
 .text._ZL17parse_lsda_headerP15_Unwind_ContextPKhP16lsda_header_info
                0x080094a8       0x90 D:/rj/arm-gnu-toolchain-14.2.rel1-mingw-w64-x86_64-arm-none-eabi/bin/../lib/gcc/arm-none-eabi/14.2.1/thumb/v7e-m+fp/hard\libstdc++.a(eh_personality.o)
 .text.__gxx_personality_v0
                0x08009538      0x474 D:/rj/arm-gnu-toolchain-14.2.rel1-mingw-w64-x86_64-arm-none-eabi/bin/../lib/gcc/arm-none-eabi/14.2.1/thumb/v7e-m+fp/hard\libstdc++.a(eh_personality.o)
                0x08009538                __gxx_personality_v0
 .text._ZN10__cxxabiv111__terminateEPFvvE
                0x080099ac       0x10 D:/rj/arm-gnu-toolchain-14.2.rel1-mingw-w64-x86_64-arm-none-eabi/bin/../lib/gcc/arm-none-eabi/14.2.1/thumb/v7e-m+fp/hard\libstdc++.a(eh_terminate.o)
                0x080099ac                __cxxabiv1::__terminate(void (*)())
 .text.unlikely._ZSt9terminatev
                0x080099bc       0x14 D:/rj/arm-gnu-toolchain-14.2.rel1-mingw-w64-x86_64-arm-none-eabi/bin/../lib/gcc/arm-none-eabi/14.2.1/thumb/v7e-m+fp/hard\libstdc++.a(eh_terminate.o)
                0x080099bc                std::terminate()
 .text._ZN10__cxxabiv112__unexpectedEPFvvE
                0x080099d0        0x8 D:/rj/arm-gnu-toolchain-14.2.rel1-mingw-w64-x86_64-arm-none-eabi/bin/../lib/gcc/arm-none-eabi/14.2.1/thumb/v7e-m+fp/hard\libstdc++.a(eh_terminate.o)
                0x080099d0                __cxxabiv1::__unexpected(void (*)())
 .text.unlikely._ZSt10unexpectedv
                0x080099d8       0x14 D:/rj/arm-gnu-toolchain-14.2.rel1-mingw-w64-x86_64-arm-none-eabi/bin/../lib/gcc/arm-none-eabi/14.2.1/thumb/v7e-m+fp/hard\libstdc++.a(eh_terminate.o)
                0x080099d8                std::unexpected()
 .text._ZSt13get_terminatev
                0x080099ec       0x10 D:/rj/arm-gnu-toolchain-14.2.rel1-mingw-w64-x86_64-arm-none-eabi/bin/../lib/gcc/arm-none-eabi/14.2.1/thumb/v7e-m+fp/hard\libstdc++.a(eh_terminate.o)
                0x080099ec                std::get_terminate()
 .text._ZSt14get_unexpectedv
                0x080099fc       0x10 D:/rj/arm-gnu-toolchain-14.2.rel1-mingw-w64-x86_64-arm-none-eabi/bin/../lib/gcc/arm-none-eabi/14.2.1/thumb/v7e-m+fp/hard\libstdc++.a(eh_terminate.o)
                0x080099fc                std::get_unexpected()
 .text._Znwj    0x08009a0c       0x3c D:/rj/arm-gnu-toolchain-14.2.rel1-mingw-w64-x86_64-arm-none-eabi/bin/../lib/gcc/arm-none-eabi/14.2.1/thumb/v7e-m+fp/hard\libstdc++.a(new_op.o)
                0x08009a0c                operator new(unsigned int)
 .text._ZN10__cxxabiv120__si_class_type_infoD2Ev
                0x08009a48       0x14 D:/rj/arm-gnu-toolchain-14.2.rel1-mingw-w64-x86_64-arm-none-eabi/bin/../lib/gcc/arm-none-eabi/14.2.1/thumb/v7e-m+fp/hard\libstdc++.a(si_class_type_info.o)
                0x08009a48                __cxxabiv1::__si_class_type_info::~__si_class_type_info()
                0x08009a48                __cxxabiv1::__si_class_type_info::~__si_class_type_info()
 .text._ZN10__cxxabiv120__si_class_type_infoD0Ev
                0x08009a5c       0x1c D:/rj/arm-gnu-toolchain-14.2.rel1-mingw-w64-x86_64-arm-none-eabi/bin/../lib/gcc/arm-none-eabi/14.2.1/thumb/v7e-m+fp/hard\libstdc++.a(si_class_type_info.o)
                0x08009a5c                __cxxabiv1::__si_class_type_info::~__si_class_type_info()
 .text._ZNK10__cxxabiv120__si_class_type_info20__do_find_public_srcEiPKvPKNS_17__class_type_infoES2_
                0x08009a78       0x3c D:/rj/arm-gnu-toolchain-14.2.rel1-mingw-w64-x86_64-arm-none-eabi/bin/../lib/gcc/arm-none-eabi/14.2.1/thumb/v7e-m+fp/hard\libstdc++.a(si_class_type_info.o)
                0x08009a78                __cxxabiv1::__si_class_type_info::__do_find_public_src(int, void const*, __cxxabiv1::__class_type_info const*, void const*) const
 .text._ZNK10__cxxabiv120__si_class_type_info12__do_dyncastEiNS_17__class_type_info10__sub_kindEPKS1_PKvS4_S6_RNS1_16__dyncast_resultE
                0x08009ab4       0x84 D:/rj/arm-gnu-toolchain-14.2.rel1-mingw-w64-x86_64-arm-none-eabi/bin/../lib/gcc/arm-none-eabi/14.2.1/thumb/v7e-m+fp/hard\libstdc++.a(si_class_type_info.o)
                0x08009ab4                __cxxabiv1::__si_class_type_info::__do_dyncast(int, __cxxabiv1::__class_type_info::__sub_kind, __cxxabiv1::__class_type_info const*, void const*, __cxxabiv1::__class_type_info const*, void const*, __cxxabiv1::__class_type_info::__dyncast_result&) const
 .text._ZNK10__cxxabiv120__si_class_type_info11__do_upcastEPKNS_17__class_type_infoEPKvRNS1_15__upcast_resultE
                0x08009b38       0x2c D:/rj/arm-gnu-toolchain-14.2.rel1-mingw-w64-x86_64-arm-none-eabi/bin/../lib/gcc/arm-none-eabi/14.2.1/thumb/v7e-m+fp/hard\libstdc++.a(si_class_type_info.o)
                0x08009b38                __cxxabiv1::__si_class_type_info::__do_upcast(__cxxabiv1::__class_type_info const*, void const*, __cxxabiv1::__class_type_info::__upcast_result&) const
 .text._ZNSt9type_infoD2Ev
                0x08009b64        0x4 D:/rj/arm-gnu-toolchain-14.2.rel1-mingw-w64-x86_64-arm-none-eabi/bin/../lib/gcc/arm-none-eabi/14.2.1/thumb/v7e-m+fp/hard\libstdc++.a(tinfo.o)
                0x08009b64                std::type_info::~type_info()
                0x08009b64                std::type_info::~type_info()
 .text._ZNKSt9type_info14__is_pointer_pEv
                0x08009b68        0x4 D:/rj/arm-gnu-toolchain-14.2.rel1-mingw-w64-x86_64-arm-none-eabi/bin/../lib/gcc/arm-none-eabi/14.2.1/thumb/v7e-m+fp/hard\libstdc++.a(tinfo.o)
                0x08009b68                std::type_info::__is_pointer_p() const
                0x08009b68                std::type_info::__is_function_p() const
 .text._ZNKSt9type_infoeqERKS_
                0x08009b6c       0x2c D:/rj/arm-gnu-toolchain-14.2.rel1-mingw-w64-x86_64-arm-none-eabi/bin/../lib/gcc/arm-none-eabi/14.2.1/thumb/v7e-m+fp/hard\libstdc++.a(tinfo.o)
                0x08009b6c                std::type_info::operator==(std::type_info const&) const
                0x08009b6c                std::type_info::__equal(std::type_info const&) const
 .text._ZN9__gnu_cxx27__verbose_terminate_handlerEv
                0x08009b98      0x108 D:/rj/arm-gnu-toolchain-14.2.rel1-mingw-w64-x86_64-arm-none-eabi/bin/../lib/gcc/arm-none-eabi/14.2.1/thumb/v7e-m+fp/hard\libstdc++.a(vterminate.o)
                0x08009b98                __gnu_cxx::__verbose_terminate_handler()
 .text._ZNKSt9bad_alloc4whatEv
                0x08009ca0        0x8 D:/rj/arm-gnu-toolchain-14.2.rel1-mingw-w64-x86_64-arm-none-eabi/bin/../lib/gcc/arm-none-eabi/14.2.1/thumb/v7e-m+fp/hard\libstdc++.a(bad_alloc.o)
                0x08009ca0                std::bad_alloc::what() const
 .text._ZNSt9bad_allocD2Ev
                0x08009ca8       0x14 D:/rj/arm-gnu-toolchain-14.2.rel1-mingw-w64-x86_64-arm-none-eabi/bin/../lib/gcc/arm-none-eabi/14.2.1/thumb/v7e-m+fp/hard\libstdc++.a(bad_alloc.o)
                0x08009ca8                std::bad_alloc::~bad_alloc()
                0x08009ca8                std::bad_alloc::~bad_alloc()
 .text._ZNSt9bad_allocD0Ev
                0x08009cbc       0x1c D:/rj/arm-gnu-toolchain-14.2.rel1-mingw-w64-x86_64-arm-none-eabi/bin/../lib/gcc/arm-none-eabi/14.2.1/thumb/v7e-m+fp/hard\libstdc++.a(bad_alloc.o)
                0x08009cbc                std::bad_alloc::~bad_alloc()
 .text._ZNK10__cxxabiv117__class_type_info11__do_upcastEPKS0_PPv
                0x08009cd8       0x34 D:/rj/arm-gnu-toolchain-14.2.rel1-mingw-w64-x86_64-arm-none-eabi/bin/../lib/gcc/arm-none-eabi/14.2.1/thumb/v7e-m+fp/hard\libstdc++.a(class_type_info.o)
                0x08009cd8                __cxxabiv1::__class_type_info::__do_upcast(__cxxabiv1::__class_type_info const*, void**) const
 .text._ZNK10__cxxabiv117__class_type_info20__do_find_public_srcEiPKvPKS0_S2_
                0x08009d0c        0xc D:/rj/arm-gnu-toolchain-14.2.rel1-mingw-w64-x86_64-arm-none-eabi/bin/../lib/gcc/arm-none-eabi/14.2.1/thumb/v7e-m+fp/hard\libstdc++.a(class_type_info.o)
                0x08009d0c                __cxxabiv1::__class_type_info::__do_find_public_src(int, void const*, __cxxabiv1::__class_type_info const*, void const*) const
 .text._ZN10__cxxabiv117__class_type_infoD2Ev
                0x08009d18       0x14 D:/rj/arm-gnu-toolchain-14.2.rel1-mingw-w64-x86_64-arm-none-eabi/bin/../lib/gcc/arm-none-eabi/14.2.1/thumb/v7e-m+fp/hard\libstdc++.a(class_type_info.o)
                0x08009d18                __cxxabiv1::__class_type_info::~__class_type_info()
                0x08009d18                __cxxabiv1::__class_type_info::~__class_type_info()
 .text._ZN10__cxxabiv117__class_type_infoD0Ev
                0x08009d2c       0x1c D:/rj/arm-gnu-toolchain-14.2.rel1-mingw-w64-x86_64-arm-none-eabi/bin/../lib/gcc/arm-none-eabi/14.2.1/thumb/v7e-m+fp/hard\libstdc++.a(class_type_info.o)
                0x08009d2c                __cxxabiv1::__class_type_info::~__class_type_info()
 .text._ZNK10__cxxabiv117__class_type_info12__do_dyncastEiNS0_10__sub_kindEPKS0_PKvS3_S5_RNS0_16__dyncast_resultE
                0x08009d48       0x44 D:/rj/arm-gnu-toolchain-14.2.rel1-mingw-w64-x86_64-arm-none-eabi/bin/../lib/gcc/arm-none-eabi/14.2.1/thumb/v7e-m+fp/hard\libstdc++.a(class_type_info.o)
                0x08009d48                __cxxabiv1::__class_type_info::__do_dyncast(int, __cxxabiv1::__class_type_info::__sub_kind, __cxxabiv1::__class_type_info const*, void const*, __cxxabiv1::__class_type_info const*, void const*, __cxxabiv1::__class_type_info::__dyncast_result&) const
 .text._ZNK10__cxxabiv117__class_type_info11__do_upcastEPKS0_PKvRNS0_15__upcast_resultE
                0x08009d8c       0x1c D:/rj/arm-gnu-toolchain-14.2.rel1-mingw-w64-x86_64-arm-none-eabi/bin/../lib/gcc/arm-none-eabi/14.2.1/thumb/v7e-m+fp/hard\libstdc++.a(class_type_info.o)
                0x08009d8c                __cxxabiv1::__class_type_info::__do_upcast(__cxxabiv1::__class_type_info const*, void const*, __cxxabiv1::__class_type_info::__upcast_result&) const
 .text._ZNK10__cxxabiv117__class_type_info10__do_catchEPKSt9type_infoPPvj
                0x08009da8       0x2c D:/rj/arm-gnu-toolchain-14.2.rel1-mingw-w64-x86_64-arm-none-eabi/bin/../lib/gcc/arm-none-eabi/14.2.1/thumb/v7e-m+fp/hard\libstdc++.a(class_type_info.o)
                0x08009da8                __cxxabiv1::__class_type_info::__do_catch(std::type_info const*, void**, unsigned int) const
 .text.d_make_comp
                0x08009dd4       0xf8 D:/rj/arm-gnu-toolchain-14.2.rel1-mingw-w64-x86_64-arm-none-eabi/bin/../lib/gcc/arm-none-eabi/14.2.1/thumb/v7e-m+fp/hard\libstdc++.a(cp-demangle.o)
 .text.d_number
                0x08009ecc       0x70 D:/rj/arm-gnu-toolchain-14.2.rel1-mingw-w64-x86_64-arm-none-eabi/bin/../lib/gcc/arm-none-eabi/14.2.1/thumb/v7e-m+fp/hard\libstdc++.a(cp-demangle.o)
 .text.d_call_offset
                0x08009f3c       0x50 D:/rj/arm-gnu-toolchain-14.2.rel1-mingw-w64-x86_64-arm-none-eabi/bin/../lib/gcc/arm-none-eabi/14.2.1/thumb/v7e-m+fp/hard\libstdc++.a(cp-demangle.o)
 .text.d_discriminator
                0x08009f8c       0x48 D:/rj/arm-gnu-toolchain-14.2.rel1-mingw-w64-x86_64-arm-none-eabi/bin/../lib/gcc/arm-none-eabi/14.2.1/thumb/v7e-m+fp/hard\libstdc++.a(cp-demangle.o)
 .text.d_count_templates_scopes
                0x08009fd4       0xfc D:/rj/arm-gnu-toolchain-14.2.rel1-mingw-w64-x86_64-arm-none-eabi/bin/../lib/gcc/arm-none-eabi/14.2.1/thumb/v7e-m+fp/hard\libstdc++.a(cp-demangle.o)
 .text.d_pack_length
                0x0800a0d0       0x20 D:/rj/arm-gnu-toolchain-14.2.rel1-mingw-w64-x86_64-arm-none-eabi/bin/../lib/gcc/arm-none-eabi/14.2.1/thumb/v7e-m+fp/hard\libstdc++.a(cp-demangle.o)
 .text.d_index_template_argument.part.0
                0x0800a0f0       0x1c D:/rj/arm-gnu-toolchain-14.2.rel1-mingw-w64-x86_64-arm-none-eabi/bin/../lib/gcc/arm-none-eabi/14.2.1/thumb/v7e-m+fp/hard\libstdc++.a(cp-demangle.o)
 .text.d_growable_string_callback_adapter
                0x0800a10c       0x78 D:/rj/arm-gnu-toolchain-14.2.rel1-mingw-w64-x86_64-arm-none-eabi/bin/../lib/gcc/arm-none-eabi/14.2.1/thumb/v7e-m+fp/hard\libstdc++.a(cp-demangle.o)
 .text.next_is_type_qual.isra.0
                0x0800a184       0x40 D:/rj/arm-gnu-toolchain-14.2.rel1-mingw-w64-x86_64-arm-none-eabi/bin/../lib/gcc/arm-none-eabi/14.2.1/thumb/v7e-m+fp/hard\libstdc++.a(cp-demangle.o)
 .text.d_append_char
                0x0800a1c4       0x44 D:/rj/arm-gnu-toolchain-14.2.rel1-mingw-w64-x86_64-arm-none-eabi/bin/../lib/gcc/arm-none-eabi/14.2.1/thumb/v7e-m+fp/hard\libstdc++.a(cp-demangle.o)
 .text.d_lookup_template_argument
                0x0800a208       0x34 D:/rj/arm-gnu-toolchain-14.2.rel1-mingw-w64-x86_64-arm-none-eabi/bin/../lib/gcc/arm-none-eabi/14.2.1/thumb/v7e-m+fp/hard\libstdc++.a(cp-demangle.o)
 .text.d_find_pack
                0x0800a23c       0x94 D:/rj/arm-gnu-toolchain-14.2.rel1-mingw-w64-x86_64-arm-none-eabi/bin/../lib/gcc/arm-none-eabi/14.2.1/thumb/v7e-m+fp/hard\libstdc++.a(cp-demangle.o)
 .text.d_append_string
                0x0800a2d0       0x70 D:/rj/arm-gnu-toolchain-14.2.rel1-mingw-w64-x86_64-arm-none-eabi/bin/../lib/gcc/arm-none-eabi/14.2.1/thumb/v7e-m+fp/hard\libstdc++.a(cp-demangle.o)
 .text.d_template_param
                0x0800a340       0x5c D:/rj/arm-gnu-toolchain-14.2.rel1-mingw-w64-x86_64-arm-none-eabi/bin/../lib/gcc/arm-none-eabi/14.2.1/thumb/v7e-m+fp/hard\libstdc++.a(cp-demangle.o)
 .text.d_append_num
                0x0800a39c       0x84 D:/rj/arm-gnu-toolchain-14.2.rel1-mingw-w64-x86_64-arm-none-eabi/bin/../lib/gcc/arm-none-eabi/14.2.1/thumb/v7e-m+fp/hard\libstdc++.a(cp-demangle.o)
 .text.d_source_name
                0x0800a420       0xdc D:/rj/arm-gnu-toolchain-14.2.rel1-mingw-w64-x86_64-arm-none-eabi/bin/../lib/gcc/arm-none-eabi/14.2.1/thumb/v7e-m+fp/hard\libstdc++.a(cp-demangle.o)
 .text.d_substitution
                0x0800a4fc      0x184 D:/rj/arm-gnu-toolchain-14.2.rel1-mingw-w64-x86_64-arm-none-eabi/bin/../lib/gcc/arm-none-eabi/14.2.1/thumb/v7e-m+fp/hard\libstdc++.a(cp-demangle.o)
 .text.d_maybe_module_name
                0x0800a680       0x60 D:/rj/arm-gnu-toolchain-14.2.rel1-mingw-w64-x86_64-arm-none-eabi/bin/../lib/gcc/arm-none-eabi/14.2.1/thumb/v7e-m+fp/hard\libstdc++.a(cp-demangle.o)
 .text.d_type   0x0800a6e0      0x838 D:/rj/arm-gnu-toolchain-14.2.rel1-mingw-w64-x86_64-arm-none-eabi/bin/../lib/gcc/arm-none-eabi/14.2.1/thumb/v7e-m+fp/hard\libstdc++.a(cp-demangle.o)
 .text.d_parmlist
                0x0800af18       0x9c D:/rj/arm-gnu-toolchain-14.2.rel1-mingw-w64-x86_64-arm-none-eabi/bin/../lib/gcc/arm-none-eabi/14.2.1/thumb/v7e-m+fp/hard\libstdc++.a(cp-demangle.o)
 .text.d_bare_function_type
                0x0800afb4       0x48 D:/rj/arm-gnu-toolchain-14.2.rel1-mingw-w64-x86_64-arm-none-eabi/bin/../lib/gcc/arm-none-eabi/14.2.1/thumb/v7e-m+fp/hard\libstdc++.a(cp-demangle.o)
 .text.d_function_type
                0x0800affc       0x8c D:/rj/arm-gnu-toolchain-14.2.rel1-mingw-w64-x86_64-arm-none-eabi/bin/../lib/gcc/arm-none-eabi/14.2.1/thumb/v7e-m+fp/hard\libstdc++.a(cp-demangle.o)
 .text.d_template_parm
                0x0800b088       0x94 D:/rj/arm-gnu-toolchain-14.2.rel1-mingw-w64-x86_64-arm-none-eabi/bin/../lib/gcc/arm-none-eabi/14.2.1/thumb/v7e-m+fp/hard\libstdc++.a(cp-demangle.o)
 .text.d_template_head
                0x0800b11c       0x3c D:/rj/arm-gnu-toolchain-14.2.rel1-mingw-w64-x86_64-arm-none-eabi/bin/../lib/gcc/arm-none-eabi/14.2.1/thumb/v7e-m+fp/hard\libstdc++.a(cp-demangle.o)
 .text.d_operator_name
                0x0800b158      0x100 D:/rj/arm-gnu-toolchain-14.2.rel1-mingw-w64-x86_64-arm-none-eabi/bin/../lib/gcc/arm-none-eabi/14.2.1/thumb/v7e-m+fp/hard\libstdc++.a(cp-demangle.o)
 .text.d_unqualified_name
                0x0800b258      0x3fc D:/rj/arm-gnu-toolchain-14.2.rel1-mingw-w64-x86_64-arm-none-eabi/bin/../lib/gcc/arm-none-eabi/14.2.1/thumb/v7e-m+fp/hard\libstdc++.a(cp-demangle.o)
 .text.d_expression_1
                0x0800b654      0x4ec D:/rj/arm-gnu-toolchain-14.2.rel1-mingw-w64-x86_64-arm-none-eabi/bin/../lib/gcc/arm-none-eabi/14.2.1/thumb/v7e-m+fp/hard\libstdc++.a(cp-demangle.o)
 .text.d_exprlist
                0x0800bb40       0x74 D:/rj/arm-gnu-toolchain-14.2.rel1-mingw-w64-x86_64-arm-none-eabi/bin/../lib/gcc/arm-none-eabi/14.2.1/thumb/v7e-m+fp/hard\libstdc++.a(cp-demangle.o)
 .text.d_cv_qualifiers
                0x0800bbb4      0x154 D:/rj/arm-gnu-toolchain-14.2.rel1-mingw-w64-x86_64-arm-none-eabi/bin/../lib/gcc/arm-none-eabi/14.2.1/thumb/v7e-m+fp/hard\libstdc++.a(cp-demangle.o)
 .text.d_template_args_1
                0x0800bd08       0x94 D:/rj/arm-gnu-toolchain-14.2.rel1-mingw-w64-x86_64-arm-none-eabi/bin/../lib/gcc/arm-none-eabi/14.2.1/thumb/v7e-m+fp/hard\libstdc++.a(cp-demangle.o)
 .text.d_prefix
                0x0800bd9c       0xc0 D:/rj/arm-gnu-toolchain-14.2.rel1-mingw-w64-x86_64-arm-none-eabi/bin/../lib/gcc/arm-none-eabi/14.2.1/thumb/v7e-m+fp/hard\libstdc++.a(cp-demangle.o)
 .text.d_name   0x0800be5c      0x320 D:/rj/arm-gnu-toolchain-14.2.rel1-mingw-w64-x86_64-arm-none-eabi/bin/../lib/gcc/arm-none-eabi/14.2.1/thumb/v7e-m+fp/hard\libstdc++.a(cp-demangle.o)
 .text.d_encoding.part.0
                0x0800c17c      0x138 D:/rj/arm-gnu-toolchain-14.2.rel1-mingw-w64-x86_64-arm-none-eabi/bin/../lib/gcc/arm-none-eabi/14.2.1/thumb/v7e-m+fp/hard\libstdc++.a(cp-demangle.o)
 .text.d_special_name
                0x0800c2b4      0x49c D:/rj/arm-gnu-toolchain-14.2.rel1-mingw-w64-x86_64-arm-none-eabi/bin/../lib/gcc/arm-none-eabi/14.2.1/thumb/v7e-m+fp/hard\libstdc++.a(cp-demangle.o)
 .text.d_expr_primary
                0x0800c750      0x11c D:/rj/arm-gnu-toolchain-14.2.rel1-mingw-w64-x86_64-arm-none-eabi/bin/../lib/gcc/arm-none-eabi/14.2.1/thumb/v7e-m+fp/hard\libstdc++.a(cp-demangle.o)
 .text.d_template_arg
                0x0800c86c       0x58 D:/rj/arm-gnu-toolchain-14.2.rel1-mingw-w64-x86_64-arm-none-eabi/bin/../lib/gcc/arm-none-eabi/14.2.1/thumb/v7e-m+fp/hard\libstdc++.a(cp-demangle.o)
 .text.d_print_comp_inner
                0x0800c8c4     0x2b8c D:/rj/arm-gnu-toolchain-14.2.rel1-mingw-w64-x86_64-arm-none-eabi/bin/../lib/gcc/arm-none-eabi/14.2.1/thumb/v7e-m+fp/hard\libstdc++.a(cp-demangle.o)
 .text.d_print_comp
                0x0800f450       0x5c D:/rj/arm-gnu-toolchain-14.2.rel1-mingw-w64-x86_64-arm-none-eabi/bin/../lib/gcc/arm-none-eabi/14.2.1/thumb/v7e-m+fp/hard\libstdc++.a(cp-demangle.o)
 .text.d_print_mod
                0x0800f4ac      0x738 D:/rj/arm-gnu-toolchain-14.2.rel1-mingw-w64-x86_64-arm-none-eabi/bin/../lib/gcc/arm-none-eabi/14.2.1/thumb/v7e-m+fp/hard\libstdc++.a(cp-demangle.o)
 .text.d_print_function_type
                0x0800fbe4      0x260 D:/rj/arm-gnu-toolchain-14.2.rel1-mingw-w64-x86_64-arm-none-eabi/bin/../lib/gcc/arm-none-eabi/14.2.1/thumb/v7e-m+fp/hard\libstdc++.a(cp-demangle.o)
 .text.d_print_mod_list
                0x0800fe44      0x2b8 D:/rj/arm-gnu-toolchain-14.2.rel1-mingw-w64-x86_64-arm-none-eabi/bin/../lib/gcc/arm-none-eabi/14.2.1/thumb/v7e-m+fp/hard\libstdc++.a(cp-demangle.o)
 .text.d_print_array_type
                0x080100fc      0x1d4 D:/rj/arm-gnu-toolchain-14.2.rel1-mingw-w64-x86_64-arm-none-eabi/bin/../lib/gcc/arm-none-eabi/14.2.1/thumb/v7e-m+fp/hard\libstdc++.a(cp-demangle.o)
 .text.d_print_expr_op
                0x080102d0       0x7c D:/rj/arm-gnu-toolchain-14.2.rel1-mingw-w64-x86_64-arm-none-eabi/bin/../lib/gcc/arm-none-eabi/14.2.1/thumb/v7e-m+fp/hard\libstdc++.a(cp-demangle.o)
 .text.d_demangle_callback.constprop.0
                0x0801034c      0x380 D:/rj/arm-gnu-toolchain-14.2.rel1-mingw-w64-x86_64-arm-none-eabi/bin/../lib/gcc/arm-none-eabi/14.2.1/thumb/v7e-m+fp/hard\libstdc++.a(cp-demangle.o)
 .text.d_print_subexpr
                0x080106cc      0x114 D:/rj/arm-gnu-toolchain-14.2.rel1-mingw-w64-x86_64-arm-none-eabi/bin/../lib/gcc/arm-none-eabi/14.2.1/thumb/v7e-m+fp/hard\libstdc++.a(cp-demangle.o)
 .text.d_maybe_print_fold_expression
                0x080107e0      0x288 D:/rj/arm-gnu-toolchain-14.2.rel1-mingw-w64-x86_64-arm-none-eabi/bin/../lib/gcc/arm-none-eabi/14.2.1/thumb/v7e-m+fp/hard\libstdc++.a(cp-demangle.o)
 .text.d_maybe_print_designated_init
                0x08010a68      0x1fc D:/rj/arm-gnu-toolchain-14.2.rel1-mingw-w64-x86_64-arm-none-eabi/bin/../lib/gcc/arm-none-eabi/14.2.1/thumb/v7e-m+fp/hard\libstdc++.a(cp-demangle.o)
 .text.__cxa_demangle
                0x08010c64       0xc0 D:/rj/arm-gnu-toolchain-14.2.rel1-mingw-w64-x86_64-arm-none-eabi/bin/../lib/gcc/arm-none-eabi/14.2.1/thumb/v7e-m+fp/hard\libstdc++.a(cp-demangle.o)
                0x08010c64                __cxa_demangle
 .text._ZdlPv   0x08010d24        0x4 D:/rj/arm-gnu-toolchain-14.2.rel1-mingw-w64-x86_64-arm-none-eabi/bin/../lib/gcc/arm-none-eabi/14.2.1/thumb/v7e-m+fp/hard\libstdc++.a(del_op.o)
                0x08010d24                operator delete(void*)
 .text._ZN12_GLOBAL__N_14pool4freeEPv.constprop.0
                0x08010d28       0x8c D:/rj/arm-gnu-toolchain-14.2.rel1-mingw-w64-x86_64-arm-none-eabi/bin/../lib/gcc/arm-none-eabi/14.2.1/thumb/v7e-m+fp/hard\libstdc++.a(eh_alloc.o)
 .text._ZN12_GLOBAL__N_14pool8allocateEj.constprop.0
                0x08010db4       0x5c D:/rj/arm-gnu-toolchain-14.2.rel1-mingw-w64-x86_64-arm-none-eabi/bin/../lib/gcc/arm-none-eabi/14.2.1/thumb/v7e-m+fp/hard\libstdc++.a(eh_alloc.o)
 .text.__cxa_allocate_exception
                0x08010e10       0x30 D:/rj/arm-gnu-toolchain-14.2.rel1-mingw-w64-x86_64-arm-none-eabi/bin/../lib/gcc/arm-none-eabi/14.2.1/thumb/v7e-m+fp/hard\libstdc++.a(eh_alloc.o)
                0x08010e10                __cxa_allocate_exception
 .text.__cxa_free_exception
                0x08010e40       0x20 D:/rj/arm-gnu-toolchain-14.2.rel1-mingw-w64-x86_64-arm-none-eabi/bin/../lib/gcc/arm-none-eabi/14.2.1/thumb/v7e-m+fp/hard\libstdc++.a(eh_alloc.o)
                0x08010e40                __cxa_free_exception
 .text.startup._GLOBAL__sub_I__ZN9__gnu_cxx9__freeresEv
                0x08010e60       0xf0 D:/rj/arm-gnu-toolchain-14.2.rel1-mingw-w64-x86_64-arm-none-eabi/bin/../lib/gcc/arm-none-eabi/14.2.1/thumb/v7e-m+fp/hard\libstdc++.a(eh_alloc.o)
 .text.unlikely._ZN10__cxxabiv1L24__is_gxx_exception_classEPc