Archive member included to satisfy reference by file (symbol)

D:/rj/arm-gnu-toolchain-14.2.rel1-mingw-w64-x86_64-arm-none-eabi/bin/../lib/gcc/arm-none-eabi/14.2.1/thumb/v7e-m+fp/hard\libstdc++.a(del_ops.o)
                              CMakeFiles/WL1_F411CEU6_V1.0.elf.dir/Component/UserApp/main.cpp.obj (operator delete(void*, unsigned int))
D:/rj/arm-gnu-toolchain-14.2.rel1-mingw-w64-x86_64-arm-none-eabi/bin/../lib/gcc/arm-none-eabi/14.2.1/thumb/v7e-m+fp/hard\libstdc++.a(eh_arm.o)
                              CMakeFiles/WL1_F411CEU6_V1.0.elf.dir/Component/UserApp/main.cpp.obj (__cxa_end_cleanup)
D:/rj/arm-gnu-toolchain-14.2.rel1-mingw-w64-x86_64-arm-none-eabi/bin/../lib/gcc/arm-none-eabi/14.2.1/thumb/v7e-m+fp/hard\libstdc++.a(eh_exception.o)
                              D:/rj/arm-gnu-toolchain-14.2.rel1-mingw-w64-x86_64-arm-none-eabi/bin/../lib/gcc/arm-none-eabi/14.2.1/thumb/v7e-m+fp/hard\libstdc++.a(eh_arm.o) (typeinfo for __cxxabiv1::__forced_unwind)
D:/rj/arm-gnu-toolchain-14.2.rel1-mingw-w64-x86_64-arm-none-eabi/bin/../lib/gcc/arm-none-eabi/14.2.1/thumb/v7e-m+fp/hard\libstdc++.a(eh_globals.o)
                              D:/rj/arm-gnu-toolchain-14.2.rel1-mingw-w64-x86_64-arm-none-eabi/bin/../lib/gcc/arm-none-eabi/14.2.1/thumb/v7e-m+fp/hard\libstdc++.a(eh_arm.o) (__cxa_get_globals)
D:/rj/arm-gnu-toolchain-14.2.rel1-mingw-w64-x86_64-arm-none-eabi/bin/../lib/gcc/arm-none-eabi/14.2.1/thumb/v7e-m+fp/hard\libstdc++.a(eh_personality.o)
                              CMakeFiles/WL1_F411CEU6_V1.0.elf.dir/Component/HardWare/Motor/TB6612.cpp.obj (__gxx_personality_v0)
D:/rj/arm-gnu-toolchain-14.2.rel1-mingw-w64-x86_64-arm-none-eabi/bin/../lib/gcc/arm-none-eabi/14.2.1/thumb/v7e-m+fp/hard\libstdc++.a(eh_terminate.o)
                              D:/rj/arm-gnu-toolchain-14.2.rel1-mingw-w64-x86_64-arm-none-eabi/bin/../lib/gcc/arm-none-eabi/14.2.1/thumb/v7e-m+fp/hard\libstdc++.a(eh_arm.o) (std::terminate())
D:/rj/arm-gnu-toolchain-14.2.rel1-mingw-w64-x86_64-arm-none-eabi/bin/../lib/gcc/arm-none-eabi/14.2.1/thumb/v7e-m+fp/hard\libstdc++.a(eh_unex_handler.o)
                              D:/rj/arm-gnu-toolchain-14.2.rel1-mingw-w64-x86_64-arm-none-eabi/bin/../lib/gcc/arm-none-eabi/14.2.1/thumb/v7e-m+fp/hard\libstdc++.a(eh_terminate.o) (__cxxabiv1::__unexpected_handler)
D:/rj/arm-gnu-toolchain-14.2.rel1-mingw-w64-x86_64-arm-none-eabi/bin/../lib/gcc/arm-none-eabi/14.2.1/thumb/v7e-m+fp/hard\libstdc++.a(new_op.o)
                              CMakeFiles/WL1_F411CEU6_V1.0.elf.dir/Component/UserApp/main.cpp.obj (operator new(unsigned int))
D:/rj/arm-gnu-toolchain-14.2.rel1-mingw-w64-x86_64-arm-none-eabi/bin/../lib/gcc/arm-none-eabi/14.2.1/thumb/v7e-m+fp/hard\libstdc++.a(si_class_type_info.o)
                              D:/rj/arm-gnu-toolchain-14.2.rel1-mingw-w64-x86_64-arm-none-eabi/bin/../lib/gcc/arm-none-eabi/14.2.1/thumb/v7e-m+fp/hard\libstdc++.a(eh_exception.o) (vtable for __cxxabiv1::__si_class_type_info)
D:/rj/arm-gnu-toolchain-14.2.rel1-mingw-w64-x86_64-arm-none-eabi/bin/../lib/gcc/arm-none-eabi/14.2.1/thumb/v7e-m+fp/hard\libstdc++.a(tinfo.o)
                              D:/rj/arm-gnu-toolchain-14.2.rel1-mingw-w64-x86_64-arm-none-eabi/bin/../lib/gcc/arm-none-eabi/14.2.1/thumb/v7e-m+fp/hard\libstdc++.a(si_class_type_info.o) (std::type_info::__is_pointer_p() const)
D:/rj/arm-gnu-toolchain-14.2.rel1-mingw-w64-x86_64-arm-none-eabi/bin/../lib/gcc/arm-none-eabi/14.2.1/thumb/v7e-m+fp/hard\libstdc++.a(vterminate.o)
                              D:/rj/arm-gnu-toolchain-14.2.rel1-mingw-w64-x86_64-arm-none-eabi/bin/../lib/gcc/arm-none-eabi/14.2.1/thumb/v7e-m+fp/hard\libstdc++.a(eh_terminate.o) (__gnu_cxx::__verbose_terminate_handler())
D:/rj/arm-gnu-toolchain-14.2.rel1-mingw-w64-x86_64-arm-none-eabi/bin/../lib/gcc/arm-none-eabi/14.2.1/thumb/v7e-m+fp/hard\libstdc++.a(bad_alloc.o)
                              D:/rj/arm-gnu-toolchain-14.2.rel1-mingw-w64-x86_64-arm-none-eabi/bin/../lib/gcc/arm-none-eabi/14.2.1/thumb/v7e-m+fp/hard\libstdc++.a(new_op.o) (vtable for std::bad_alloc)
D:/rj/arm-gnu-toolchain-14.2.rel1-mingw-w64-x86_64-arm-none-eabi/bin/../lib/gcc/arm-none-eabi/14.2.1/thumb/v7e-m+fp/hard\libstdc++.a(class_type_info.o)
                              D:/rj/arm-gnu-toolchain-14.2.rel1-mingw-w64-x86_64-arm-none-eabi/bin/../lib/gcc/arm-none-eabi/14.2.1/thumb/v7e-m+fp/hard\libstdc++.a(si_class_type_info.o) (__cxxabiv1::__class_type_info::__do_upcast(__cxxabiv1::__class_type_info const*, void**) const)
D:/rj/arm-gnu-toolchain-14.2.rel1-mingw-w64-x86_64-arm-none-eabi/bin/../lib/gcc/arm-none-eabi/14.2.1/thumb/v7e-m+fp/hard\libstdc++.a(cp-demangle.o)
                              D:/rj/arm-gnu-toolchain-14.2.rel1-mingw-w64-x86_64-arm-none-eabi/bin/../lib/gcc/arm-none-eabi/14.2.1/thumb/v7e-m+fp/hard\libstdc++.a(vterminate.o) (__cxa_demangle)
D:/rj/arm-gnu-toolchain-14.2.rel1-mingw-w64-x86_64-arm-none-eabi/bin/../lib/gcc/arm-none-eabi/14.2.1/thumb/v7e-m+fp/hard\libstdc++.a(del_op.o)
[...]
Memory Configuration

Name             Origin             Length             Attributes
RAM              0x20000000         0x00020000         xrw
FLASH            0x08000000         0x00080000         xr
*default*        0x00000000         0xffffffff

Linker script and memory map

LOAD D:/rj/arm-gnu-toolchain-14.2.rel1-mingw-w64-x86_64-arm-none-eabi/bin/../lib/gcc/arm-none-eabi/14.2.1/thumb/v7e-m+fp/hard/crti.o
LOAD D:/rj/arm-gnu-toolchain-14.2.rel1-mingw-w64-x86_64-arm-none-eabi/bin/../lib/gcc/arm-none-eabi/14.2.1/thumb/v7e-m+fp/hard/crtbegin.o
LOAD D:/rj/arm-gnu-toolchain-14.2.rel1-mingw-w64-x86_64-arm-none-eabi/bin/../lib/gcc/arm-none-eabi/14.2.1/thumb/v7e-m+fp/hard/crt0.o
LOAD CMakeFiles/WL1_F411CEU6_V1.0.elf.dir/Component/HardWare/Motor/HallEncoder.cpp.obj
LOAD CMakeFiles/WL1_F411CEU6_V1.0.elf.dir/Component/HardWare/Motor/TB6612.cpp.obj
LOAD CMakeFiles/WL1_F411CEU6_V1.0.elf.dir/Component/HardWare/OLED/HAL_OLED.c.obj
LOAD CMakeFiles/WL1_F411CEU6_V1.0.elf.dir/Component/HardWare/OLED/OLED_Data.c.obj
LOAD CMakeFiles/WL1_F411CEU6_V1.0.elf.dir/Component/UserApp/main.cpp.obj
LOAD CMakeFiles/WL1_F411CEU6_V1.0.elf.dir/Core/Src/freertos.c.obj
LOAD CMakeFiles/WL1_F411CEU6_V1.0.elf.dir/Core/Src/gpio.c.obj
LOAD CMakeFiles/WL1_F411CEU6_V1.0.elf.dir/Core/Src/i2c.c.obj
LOAD CMakeFiles/WL1_F411CEU6_V1.0.elf.dir/Core/Src/main.c.obj
LOAD CMakeFiles/WL1_F411CEU6_V1.0.elf.dir/Core/Src/spi.c.obj
LOAD CMakeFiles/WL1_F411CEU6_V1.0.elf.dir/Core/Src/stm32f4xx_hal_msp.c.obj
LOAD CMakeFiles/WL1_F411CEU6_V1.0.elf.dir/Core/Src/stm32f4xx_hal_timebase_tim.c.obj
LOAD CMakeFiles/WL1_F411CEU6_V1.0.elf.dir/Core/Src/stm32f4xx_it.c.obj
LOAD CMakeFiles/WL1_F411CEU6_V1.0.elf.dir/Core/Src/syscalls.c.obj
LOAD CMakeFiles/WL1_F411CEU6_V1.0.elf.dir/Core/Src/sysmem.c.obj
LOAD CMakeFiles/WL1_F411CEU6_V1.0.elf.dir/Core/Src/system_stm32f4xx.c.obj
LOAD CMakeFiles/WL1_F411CEU6_V1.0.elf.dir/Core/Src/tim.c.obj
LOAD CMakeFiles/WL1_F411CEU6_V1.0.elf.dir/Core/Src/usart.c.obj
LOAD CMakeFiles/WL1_F411CEU6_V1.0.elf.dir/Core/Startup/startup_stm32f411ceux.s.obj
LOAD CMakeFiles/WL1_F411CEU6_V1.0.elf.dir/Drivers/STM32F4xx_HAL_Driver/Src/stm32f4xx_hal.c.obj
LOAD CMakeFiles/WL1_F411CEU6_V1.0.elf.dir/Drivers/STM32F4xx_HAL_Driver/Src/stm32f4xx_hal_cortex.c.obj
LOAD CMakeFiles/WL1_F411CEU6_V1.0.elf.dir/Drivers/STM32F4xx_HAL_Driver/Src/stm32f4xx_hal_dma.c.obj
LOAD CMakeFiles/WL1_F411CEU6_V1.0.elf.dir/Drivers/STM32F4xx_HAL_Driver/Src/stm32f4xx_hal_dma_ex.c.obj
LOAD CMakeFiles/WL1_F411CEU6_V1.0.elf.dir/Drivers/STM32F4xx_HAL_Driver/Src/stm32f4xx_hal_exti.c.obj
LOAD CMakeFiles/WL1_F411CEU6_V1.0.elf.dir/Drivers/STM32F4xx_HAL_Driver/Src/stm32f4xx_hal_flash.c.obj
LOAD CMakeFiles/WL1_F411CEU6_V1.0.elf.dir/Drivers/STM32F4xx_HAL_Driver/Src/stm32f4xx_hal_flash_ex.c.obj
LOAD CMakeFiles/WL1_F411CEU6_V1.0.elf.dir/Drivers/STM32F4xx_HAL_Driver/Src/stm32f4xx_hal_flash_ramfunc.c.obj
LOAD CMakeFiles/WL1_F411CEU6_V1.0.elf.dir/Drivers/STM32F4xx_HAL_Driver/Src/stm32f4xx_hal_gpio.c.obj
LOAD CMakeFiles/WL1_F411CEU6_V1.0.elf.dir/Drivers/STM32F4xx_HAL_Driver/Src/stm32f4xx_hal_i2c.c.obj
LOAD CMakeFiles/WL1_F411CEU6_V1.0.elf.dir/Drivers/STM32F4xx_HAL_Driver/Src/stm32f4xx_hal_i2c_ex.c.obj
LOAD CMakeFiles/WL1_F411CEU6_V1.0.elf.dir/Drivers/STM32F4xx_HAL_Driver/Src/stm32f4xx_hal_pwr.c.obj
LOAD CMakeFiles/WL1_F411CEU6_V1.0.elf.dir/Drivers/STM32F4xx_HAL_Driver/Src/stm32f4xx_hal_pwr_ex.c.obj
LOAD CMakeFiles/WL1_F411CEU6_V1.0.elf.dir/Drivers/STM32F4xx_HAL_Driver/Src/stm32f4xx_hal_rcc.c.obj
LOAD CMakeFiles/WL1_F411CEU6_V1.0.elf.dir/Drivers/STM32F4xx_HAL_Driver/Src/stm32f4xx_hal_rcc_ex.c.obj
LOAD CMakeFiles/WL1_F411CEU6_V1.0.elf.dir/Drivers/STM32F4xx_HAL_Driver/Src/stm32f4xx_hal_spi.c.obj
LOAD CMakeFiles/WL1_F411CEU6_V1.0.elf.dir/Drivers/STM32F4xx_HAL_Driver/Src/stm32f4xx_hal_tim.c.obj
LOAD CMakeFiles/WL1_F411CEU6_V1.0.elf.dir/Drivers/STM32F4xx_HAL_Driver/Src/stm32f4xx_hal_tim_ex.c.obj
LOAD CMakeFiles/WL1_F411CEU6_V1.0.elf.dir/Drivers/STM32F4xx_HAL_Driver/Src/stm32f4xx_hal_uart.c.obj
LOAD CMakeFiles/WL1_F411CEU6_V1.0.elf.dir/Middlewares/Third_Party/FreeRTOS/Source/CMSIS_RTOS_V2/cmsis_os2.c.obj
LOAD CMakeFiles/WL1_F411CEU6_V1.0.elf.dir/Middlewares/Third_Party/FreeRTOS/Source/croutine.c.obj
LOAD CMakeFiles/WL1_F411CEU6_V1.0.elf.dir/Middlewares/Third_Party/FreeRTOS/Source/event_groups.c.obj
LOAD CMakeFiles/WL1_F411CEU6_V1.0.elf.dir/Middlewares/Third_Party/FreeRTOS/Source/list.c.obj
LOAD CMakeFiles/WL1_F411CEU6_V1.0.elf.dir/Middlewares/Third_Party/FreeRTOS/Source/portable/GCC/ARM_CM4F/port.c.obj
LOAD CMakeFiles/WL1_F411CEU6_V1.0.elf.dir/Middlewares/Third_Party/FreeRTOS/Source/portable/MemMang/heap_4.c.obj
LOAD CMakeFiles/WL1_F411CEU6_V1.0.elf.dir/Middlewares/Third_Party/FreeRTOS/Source/queue.c.obj
LOAD CMakeFiles/WL1_F411CEU6_V1.0.elf.dir/Middlewares/Third_Party/FreeRTOS/Source/stream_buffer.c.obj
LOAD CMakeFiles/WL1_F411CEU6_V1.0.elf.dir/Middlewares/Third_Party/FreeRTOS/Source/tasks.c.obj
LOAD CMakeFiles/WL1_F411CEU6_V1.0.elf.dir/Middlewares/Third_Party/FreeRTOS/Source/timers.c.obj
LOAD D:/rj/arm-gnu-toolchain-14.2.rel1-mingw-w64-x86_64-arm-none-eabi/bin/../lib/gcc/arm-none-eabi/14.2.1/thumb/v7e-m+fp/hard\libstdc++.a
LOAD D:/rj/arm-gnu-toolchain-14.2.rel1-mingw-w64-x86_64-arm-none-eabi/bin/../lib/gcc/arm-none-eabi/14.2.1/thumb/v7e-m+fp/hard\libm.a
START GROUP
LOAD D:/rj/arm-gnu-toolchain-14.2.rel1-mingw-w64-x86_64-arm-none-eabi/bin/../lib/gcc/arm-none-eabi/14.2.1/thumb/v7e-m+fp/hard\libgcc.a
LOAD D:/rj/arm-gnu-toolchain-14.2.rel1-mingw-w64-x86_64-arm-none-eabi/bin/../lib/gcc/arm-none-eabi/14.2.1/thumb/v7e-m+fp/hard\libc.a
END GROUP
LOAD D:/rj/arm-gnu-toolchain-14.2.rel1-mingw-w64-x86_64-arm-none-eabi/bin/../lib/gcc/arm-none-eabi/14.2.1/thumb/v7e-m+fp/hard/crtend.o
LOAD D:/rj/arm-gnu-toolchain-14.2.rel1-mingw-w64-x86_64-arm-none-eabi/bin/../lib/gcc/arm-none-eabi/14.2.1/thumb/v7e-m+fp/hard/crtn.o
                0x20020000                        _estack = (ORIGIN (RAM) + LENGTH (RAM))
                0x00000200                        _Min_Heap_Size = 0x200
                0x00000400                        _Min_Stack_Size = 0x400

.isr_vector     0x08000000      0x198
                0x08000000                        . = ALIGN (0x4)
 *(.isr_vector)
 .isr_vector    0x08000000      0x198 CMakeFiles/WL1_F411CEU6_V1.0.elf.dir/Core/Startup/startup_stm32f411ceux.s.obj
                0x08000000                g_pfnVectors
                0x08000198                        . = ALIGN (0x4)

.text           0x080001c0    0x15f54
                0x080001c0                        . = ALIGN (0x4)
 *(.text)
 .text          0x080001c0      0x378 D:/rj/arm-gnu-toolchain-14.2.rel1-mingw-w64-x86_64-arm-none-eabi/bin/../lib/gcc/arm-none-eabi/14.2.1/thumb/v7e-m+fp/hard\libgcc.a(_arm_addsubdf3.o)
                0x080001c0                __aeabi_drsub
                0x080001c8                __aeabi_dsub
                0x080001c8                __subdf3
                0x080001cc                __aeabi_dadd
                0x080001cc                __adddf3
                0x08000444                __floatunsidf
                0x08000444                __aeabi_ui2d
                0x08000464                __floatsidf
                0x08000464                __aeabi_i2d
                0x08000488                __aeabi_f2d
                0x08000488                __extendsfdf2
                0x080004cc                __floatundidf
                0x080004cc                __aeabi_ul2d
                0x080004dc                __floatdidf
                0x080004dc                __aeabi_l2d
 .text          0x08000538      0x424 D:/rj/arm-gnu-toolchain-14.2.rel1-mingw-w64-x86_64-arm-none-eabi/bin/../lib/gcc/arm-none-eabi/14.2.1/thumb/v7e-m+fp/hard\libgcc.a(_arm_muldivdf3.o)
                0x08000538                __aeabi_dmul
                0x08000538                __muldf3
                0x0800078c                __divdf3
                0x0800078c                __aeabi_ddiv
 .text          0x0800095c      0x110 D:/rj/arm-gnu-toolchain-14.2.rel1-mingw-w64-x86_64-arm-none-eabi/bin/../lib/gcc/arm-none-eabi/14.2.1/thumb/v7e-m+fp/hard\libgcc.a(_arm_cmpdf2.o)
                0x0800095c                __gtdf2
                0x0800095c                __gedf2
                0x08000964                __ltdf2
                0x08000964                __ledf2
                0x0800096c                __nedf2
                0x0800096c                __eqdf2
                0x0800096c                __cmpdf2
                0x080009e8                __aeabi_cdrcmple
                0x080009f8                __aeabi_cdcmpeq
                0x080009f8                __aeabi_cdcmple
                0x08000a08                __aeabi_dcmpeq
                0x08000a1c                __aeabi_dcmplt
                0x08000a30                __aeabi_dcmple
                0x08000a44                __aeabi_dcmpge
                0x08000a58                __aeabi_dcmpgt
 .text          0x08000a6c       0x50 D:/rj/arm-gnu-toolchain-14.2.rel1-mingw-w64-x86_64-arm-none-eabi/bin/../lib/gcc/arm-none-eabi/14.2.1/thumb/v7e-m+fp/hard\libgcc.a(_arm_fixdfsi.o)
                0x08000a6c                __aeabi_d2iz
                0x08000a6c                __fixdfsi
 .text          0x08000abc       0x30 D:/rj/arm-gnu-toolchain-14.2.rel1-mingw-w64-x86_64-arm-none-eabi/bin/../lib/gcc/arm-none-eabi/14.2.1/thumb/v7e-m+fp/hard\libgcc.a(_aeabi_uldivmod.o)
                0x08000abc                __aeabi_uldivmod
 .text          0x08000aec      0x1ac D:/rj/arm-gnu-toolchain-14.2.rel1-mingw-w64-x86_64-arm-none-eabi/bin/../lib/gcc/arm-none-eabi/14.2.1/thumb/v7e-m+fp/hard\libgcc.a(libunwind.o)
                0x08000aec                __restore_core_regs
                0x08000aec                restore_core_regs
                0x08000b04                __gnu_Unwind_Restore_VFP
                0x08000b0c                __gnu_Unwind_Save_VFP
                0x08000b14                __gnu_Unwind_Restore_VFP_D
                0x08000b1c                __gnu_Unwind_Save_VFP_D
                0x08000b24                __gnu_Unwind_Restore_VFP_D_16_to_31
                0x08000b2c                __gnu_Unwind_Save_VFP_D_16_to_31
                0x08000b34                __gnu_Unwind_Restore_WMMXD
                0x08000b78                __gnu_Unwind_Save_WMMXD
                0x08000bbc                __gnu_Unwind_Restore_WMMXC
                0x08000bd0                __gnu_Unwind_Save_WMMXC
                0x08000be4                ___Unwind_RaiseException
                0x08000be4                _Unwind_RaiseException
                0x08000c08                _Unwind_Resume
                0x08000c08                ___Unwind_Resume
                0x08000c2c                _Unwind_Resume_or_Rethrow
                0x08000c2c                ___Unwind_Resume_or_Rethrow
                0x08000c50                _Unwind_ForcedUnwind
                0x08000c50                ___Unwind_ForcedUnwind
                0x08000c74                ___Unwind_Backtrace
                0x08000c74                _Unwind_Backtrace
 .text          0x08000c98        0x4 D:/rj/arm-gnu-toolchain-14.2.rel1-mingw-w64-x86_64-arm-none-eabi/bin/../lib/gcc/arm-none-eabi/14.2.1/thumb/v7e-m+fp/hard\libgcc.a(_dvmd_tls.o)
                0x08000c98                __aeabi_idiv0
                0x08000c98                __aeabi_ldiv0
 *fill*         0x08000c9c        0x4 
 .text          0x08000ca0      0x2e0 D:/rj/arm-gnu-toolchain-14.2.rel1-mingw-w64-x86_64-arm-none-eabi/bin/../lib/gcc/arm-none-eabi/14.2.1/thumb/v7e-m+fp/hard\libc.a(libc_a-strcmp.o)
                0x08000ca0                strcmp
 .text          0x08000f80       0xa0 D:/rj/arm-gnu-toolchain-14.2.rel1-mingw-w64-x86_64-arm-none-eabi/bin/../lib/gcc/arm-none-eabi/14.2.1/thumb/v7e-m+fp/hard\libc.a(libc_a-memchr.o)
                0x08000f80                memchr
 .text          0x08001020      0x134 D:/rj/arm-gnu-toolchain-14.2.rel1-mingw-w64-x86_64-arm-none-eabi/bin/../lib/gcc/arm-none-eabi/14.2.1/thumb/v7e-m+fp/hard\libc.a(libc_a-memcpy.o)
                0x08001020                memcpy
 *fill*         0x08001154       0x2c 
 .text          0x08001180       0xd8 D:/rj/arm-gnu-toolchain-14.2.rel1-mingw-w64-x86_64-arm-none-eabi/bin/../lib/gcc/arm-none-eabi/14.2.1/thumb/v7e-m+fp/hard\libc.a(libc_a-strlen.o)
                0x08001180                strlen
 .text          0x08001258       0x2c D:/rj/arm-gnu-toolchain-14.2.rel1-mingw-w64-x86_64-arm-none-eabi/bin/../lib/gcc/arm-none-eabi/14.2.1/thumb/v7e-m+fp/hard\libgcc.a(_arm_unorddf2.o)
                0x08001258                __unorddf2
                0x08001258                __aeabi_dcmpun
 *(.text*)
 .text.deregister_tm_clones
                0x08001284       0x1c D:/rj/arm-gnu-toolchain-14.2.rel1-mingw-w64-x86_64-arm-none-eabi/bin/../lib/gcc/arm-none-eabi/14.2.1/thumb/v7e-m+fp/hard/crtbegin.o
 .text.register_tm_clones
                0x080012a0       0x24 D:/rj/arm-gnu-toolchain-14.2.rel1-mingw-w64-x86_64-arm-none-eabi/bin/../lib/gcc/arm-none-eabi/14.2.1/thumb/v7e-m+fp/hard/crtbegin.o
 .text.__do_global_dtors_aux
                0x080012c4       0x28 D:/rj/arm-gnu-toolchain-14.2.rel1-mingw-w64-x86_64-arm-none-eabi/bin/../lib/gcc/arm-none-eabi/14.2.1/thumb/v7e-m+fp/hard/crtbegin.o
 .text.frame_dummy
                0x080012ec       0x24 D:/rj/arm-gnu-toolchain-14.2.rel1-mingw-w64-x86_64-arm-none-eabi/bin/../lib/gcc/arm-none-eabi/14.2.1/thumb/v7e-m+fp/hard/crtbegin.o
 .text._ZN6TB6612C2ENS_12InitConfig_tE
                0x08001310       0x38 CMakeFiles/WL1_F411CEU6_V1.0.elf.dir/Component/HardWare/Motor/TB6612.cpp.obj
                0x08001310                TB6612::TB6612(TB6612::InitConfig_t)
                0x08001310                TB6612::TB6612(TB6612::InitConfig_t)
 .text._ZNK6TB66124InitEv
                0x08001348       0x24 CMakeFiles/WL1_F411CEU6_V1.0.elf.dir/Component/HardWare/Motor/TB6612.cpp.obj
                0x08001348                TB6612::Init() const
 .text._ZN6TB661216setDirection_CfgEhNS_9DirectionE
                0x0800136c       0x14 CMakeFiles/WL1_F411CEU6_V1.0.elf.dir/Component/HardWare/Motor/TB6612.cpp.obj
                0x0800136c                TB6612::setDirection_Cfg(unsigned char, TB6612::Direction)
 .text._ZN6TB661211setAVel_rawEs
                0x08001380       0x64 CMakeFiles/WL1_F411CEU6_V1.0.elf.dir/Component/HardWare/Motor/TB6612.cpp.obj
                0x08001380                TB6612::setAVel_raw(short)
 .text._ZN6TB661211setBVel_rawEs
                0x080013e4       0x64 CMakeFiles/WL1_F411CEU6_V1.0.elf.dir/Component/HardWare/Motor/TB6612.cpp.obj
                0x080013e4                TB6612::setBVel_raw(short)
 .text._ZN6TB6612D2Ev
                0x08001448       0x18 CMakeFiles/WL1_F411CEU6_V1.0.elf.dir/Component/HardWare/Motor/TB6612.cpp.obj
                0x08001448                TB6612::~TB6612()
                0x08001448                TB6612::~TB6612()
 .text._Z12LEDBlinkFuncv
                0x08001460       0x24 CMakeFiles/WL1_F411CEU6_V1.0.elf.dir/Component/UserApp/main.cpp.obj
                0x08001460                LEDBlinkFunc()
 .text._Z17MotionControlFuncv
                0x08001484       0x90 CMakeFiles/WL1_F411CEU6_V1.0.elf.dir/Component/UserApp/main.cpp.obj
                0x08001484                MotionControlFunc()
 .text.CPP_Main
                0x08001514       0x60 CMakeFiles/WL1_F411CEU6_V1.0.elf.dir/Component/UserApp/main.cpp.obj
                0x08001514                CPP_Main
 .text.StartDefaultTask
                0x08001574       0x24 CMakeFiles/WL1_F411CEU6_V1.0.elf.dir/Core/Src/freertos.c.obj
                0x08001574                StartDefaultTask
 .text.vApplicationIdleHook
                0x08001598        0x4 CMakeFiles/WL1_F411CEU6_V1.0.elf.dir/Core/Src/freertos.c.obj
                0x08001598                vApplicationIdleHook
 .text.MX_FREERTOS_Init
                0x0800159c       0x20 CMakeFiles/WL1_F411CEU6_V1.0.elf.dir/Core/Src/freertos.c.obj
                0x0800159c                MX_FREERTOS_Init
 .text.MX_GPIO_Init
                0x080015bc      0x10c CMakeFiles/WL1_F411CEU6_V1.0.elf.dir/Core/Src/gpio.c.obj
                0x080015bc                MX_GPIO_Init
 .text.MX_I2C1_Init
                0x080016c8       0x40 CMakeFiles/WL1_F411CEU6_V1.0.elf.dir/Core/Src/i2c.c.obj
                0x080016c8                MX_I2C1_Init
 .text.HAL_I2C_MspInit
                0x08001708       0x70 CMakeFiles/WL1_F411CEU6_V1.0.elf.dir/Core/Src/i2c.c.obj
                0x08001708                HAL_I2C_MspInit
 .text.SystemClock_Config
                0x08001778       0xa0 CMakeFiles/WL1_F411CEU6_V1.0.elf.dir/Core/Src/main.c.obj
                0x08001778                SystemClock_Config
 .text.startup.main
                0x08001818       0x38 CMakeFiles/WL1_F411CEU6_V1.0.elf.dir/Core/Src/main.c.obj
                0x08001818                main
 .text.HAL_TIM_PeriodElapsedCallback
                0x08001850       0x14 CMakeFiles/WL1_F411CEU6_V1.0.elf.dir/Core/Src/main.c.obj
                0x08001850                HAL_TIM_PeriodElapsedCallback
 .text.Error_Handler
                0x08001864        0x4 CMakeFiles/WL1_F411CEU6_V1.0.elf.dir/Core/Src/main.c.obj
                0x08001864                Error_Handler
 .text.MX_SPI1_Init
                0x08001868       0x44 CMakeFiles/WL1_F411CEU6_V1.0.elf.dir/Core/Src/spi.c.obj
                0x08001868                MX_SPI1_Init
 *fill*         0x080018ac        0x4 
 .text.HAL_SPI_MspInit
                0x080018b0       0x78 CMakeFiles/WL1_F411CEU6_V1.0.elf.dir/Core/Src/spi.c.obj
                0x080018b0                HAL_SPI_MspInit
 .text.HAL_MspInit
                0x08001928       0x40 CMakeFiles/WL1_F411CEU6_V1.0.elf.dir/Core/Src/stm32f4xx_hal_msp.c.obj
                0x08001928                HAL_MspInit
 .text.HAL_InitTick
                0x08001968       0xa4 CMakeFiles/WL1_F411CEU6_V1.0.elf.dir/Core/Src/stm32f4xx_hal_timebase_tim.c.obj
                0x08001968                HAL_InitTick
 .text.NMI_Handler
                0x08001a0c        0x4 CMakeFiles/WL1_F411CEU6_V1.0.elf.dir/Core/Src/stm32f4xx_it.c.obj
                0x08001a0c                NMI_Handler
 .text.HardFault_Handler
                0x08001a10        0x4 CMakeFiles/WL1_F411CEU6_V1.0.elf.dir/Core/Src/stm32f4xx_it.c.obj
                0x08001a10                HardFault_Handler
 .text.MemManage_Handler
                0x08001a14        0x4 CMakeFiles/WL1_F411CEU6_V1.0.elf.dir/Core/Src/stm32f4xx_it.c.obj
                0x08001a14                MemManage_Handler
 .text.BusFault_Handler
                0x08001a18        0x4 CMakeFiles/WL1_F411CEU6_V1.0.elf.dir/Core/Src/stm32f4xx_it.c.obj
                0x08001a18                BusFault_Handler
 .text.UsageFault_Handler
                0x08001a1c        0x4 CMakeFiles/WL1_F411CEU6_V1.0.elf.dir/Core/Src/stm32f4xx_it.c.obj
                0x08001a1c                UsageFault_Handler
 .text.DebugMon_Handler
                0x08001a20        0x4 CMakeFiles/WL1_F411CEU6_V1.0.elf.dir/Core/Src/stm32f4xx_it.c.obj
                0x08001a20                DebugMon_Handler
 .text.TIM5_IRQHandler
                0x08001a24        0xc CMakeFiles/WL1_F411CEU6_V1.0.elf.dir/Core/Src/stm32f4xx_it.c.obj
                0x08001a24                TIM5_IRQHandler
 .text._getpid  0x08001a30        0x4 CMakeFiles/WL1_F411CEU6_V1.0.elf.dir/Core/Src/syscalls.c.obj
                0x08001a30                _getpid
 .text._kill    0x08001a34       0x10 CMakeFiles/WL1_F411CEU6_V1.0.elf.dir/Core/Src/syscalls.c.obj
                0x08001a34                _kill
 .text._exit    0x08001a44        0xc CMakeFiles/WL1_F411CEU6_V1.0.elf.dir/Core/Src/syscalls.c.obj
                0x08001a44                _exit
 .text._read    0x08001a50       0x1c CMakeFiles/WL1_F411CEU6_V1.0.elf.dir/Core/Src/syscalls.c.obj
                0x08001a50                _read
 .text._write   0x08001a6c       0x1c CMakeFiles/WL1_F411CEU6_V1.0.elf.dir/Core/Src/syscalls.c.obj
                0x08001a6c                _write
 .text._close   0x08001a88        0x8 CMakeFiles/WL1_F411CEU6_V1.0.elf.dir/Core/Src/syscalls.c.obj
                0x08001a88                _close
 .text._fstat   0x08001a90        0xc CMakeFiles/WL1_F411CEU6_V1.0.elf.dir/Core/Src/syscalls.c.obj
                0x08001a90                _fstat
 .text._isatty  0x08001a9c        0x4 CMakeFiles/WL1_F411CEU6_V1.0.elf.dir/Core/Src/syscalls.c.obj
                0x08001a9c                _isatty
 .text._lseek   0x08001aa0        0x4 CMakeFiles/WL1_F411CEU6_V1.0.elf.dir/Core/Src/syscalls.c.obj
                0x08001aa0                _lseek
 .text._sbrk    0x08001aa4       0x44 CMakeFiles/WL1_F411CEU6_V1.0.elf.dir/Core/Src/sysmem.c.obj
                0x08001aa4                _sbrk
 .text.SystemInit
                0x08001ae8       0x14 CMakeFiles/WL1_F411CEU6_V1.0.elf.dir/Core/Src/system_stm32f4xx.c.obj
                0x08001ae8                SystemInit
 .text.MX_TIM2_Init
                0x08001afc       0x64 CMakeFiles/WL1_F411CEU6_V1.0.elf.dir/Core/Src/tim.c.obj
                0x08001afc                MX_TIM2_Init
 .text.MX_TIM3_Init
                0x08001b60       0x68 CMakeFiles/WL1_F411CEU6_V1.0.elf.dir/Core/Src/tim.c.obj
                0x08001b60                MX_TIM3_Init
 .text.HAL_TIM_Encoder_MspInit
                0x08001bc8       0xd0 CMakeFiles/WL1_F411CEU6_V1.0.elf.dir/Core/Src/tim.c.obj
                0x08001bc8                HAL_TIM_Encoder_MspInit
 .text.HAL_TIM_Base_MspInit
                0x08001c98       0x58 CMakeFiles/WL1_F411CEU6_V1.0.elf.dir/Core/Src/tim.c.obj
                0x08001c98                HAL_TIM_Base_MspInit
 .text.HAL_TIM_MspPostInit
                0x08001cf0       0xac CMakeFiles/WL1_F411CEU6_V1.0.elf.dir/Core/Src/tim.c.obj
                0x08001cf0                HAL_TIM_MspPostInit
 *fill*         0x08001d9c        0x4 
 .text.MX_TIM4_Init
                0x08001da0       0xe0 CMakeFiles/WL1_F411CEU6_V1.0.elf.dir/Core/Src/tim.c.obj
                0x08001da0                MX_TIM4_Init
 .text.MX_TIM9_Init
                0x08001e80       0xb8 CMakeFiles/WL1_F411CEU6_V1.0.elf.dir/Core/Src/tim.c.obj
                0x08001e80                MX_TIM9_Init
 .text.MX_USART1_UART_Init
                0x08001f38       0x38 CMakeFiles/WL1_F411CEU6_V1.0.elf.dir/Core/Src/usart.c.obj
                0x08001f38                MX_USART1_UART_Init
 .text.HAL_UART_MspInit
                0x08001f70       0x78 CMakeFiles/WL1_F411CEU6_V1.0.elf.dir/Core/Src/usart.c.obj
                0x08001f70                HAL_UART_MspInit
 .text.SendDataToUART1
                0x08001fe8       0x44 CMakeFiles/WL1_F411CEU6_V1.0.elf.dir/Core/Src/usart.c.obj
                0x08001fe8                SendDataToUART1
 .text.Reset_Handler
                0x0800202c       0x50 CMakeFiles/WL1_F411CEU6_V1.0.elf.dir/Core/Startup/startup_stm32f411ceux.s.obj
                0x0800202c                Reset_Handler
 .text.Default_Handler
                0x0800207c        0x2 CMakeFiles/WL1_F411CEU6_V1.0.elf.dir/Core/Startup/startup_stm32f411ceux.s.obj
                0x0800207c                RTC_Alarm_IRQHandler
                0x0800207c                EXTI2_IRQHandler
                0x0800207c                SPI4_IRQHandler
                0x0800207c                TIM1_CC_IRQHandler
                0x0800207c                DMA2_Stream5_IRQHandler
                0x0800207c                DMA1_Stream5_IRQHandler
                0x0800207c                PVD_IRQHandler
                0x0800207c                SDIO_IRQHandler
                0x0800207c                TAMP_STAMP_IRQHandler
                0x0800207c                EXTI3_IRQHandler
                0x0800207c                TIM1_UP_TIM10_IRQHandler
                0x0800207c                I2C3_ER_IRQHandler
                0x0800207c                EXTI0_IRQHandler
                0x0800207c                I2C2_EV_IRQHandler
                0x0800207c                DMA1_Stream2_IRQHandler
                0x0800207c                FPU_IRQHandler
                0x0800207c                DMA2_Stream2_IRQHandler
                0x0800207c                SPI1_IRQHandler
                0x0800207c                TIM1_BRK_TIM9_IRQHandler
                0x0800207c                DMA2_Stream3_IRQHandler
                0x0800207c                USART6_IRQHandler
                0x0800207c                DMA2_Stream0_IRQHandler
                0x0800207c                TIM4_IRQHandler
                0x0800207c                I2C1_EV_IRQHandler
                0x0800207c                DMA1_Stream6_IRQHandler
                0x0800207c                DMA1_Stream1_IRQHandler
                0x0800207c                TIM3_IRQHandler
                0x0800207c                RCC_IRQHandler
                0x0800207c                Default_Handler
                0x0800207c                EXTI15_10_IRQHandler
                0x0800207c                ADC_IRQHandler
                0x0800207c                DMA1_Stream7_IRQHandler
                0x0800207c                SPI5_IRQHandler
                0x0800207c                DMA2_Stream7_IRQHandler
                0x0800207c                I2C3_EV_IRQHandler
                0x0800207c                EXTI9_5_IRQHandler
                0x0800207c                RTC_WKUP_IRQHandler
                0x0800207c                SPI2_IRQHandler
                0x0800207c                DMA1_Stream0_IRQHandler
                0x0800207c                EXTI4_IRQHandler
                0x0800207c                WWDG_IRQHandler
                0x0800207c                TIM2_IRQHandler
                0x0800207c                OTG_FS_WKUP_IRQHandler
                0x0800207c                TIM1_TRG_COM_TIM11_IRQHandler
                0x0800207c                EXTI1_IRQHandler
                0x0800207c                USART2_IRQHandler
                0x0800207c                I2C2_ER_IRQHandler
                0x0800207c                DMA2_Stream1_IRQHandler
                0x0800207c                FLASH_IRQHandler
                0x0800207c                DMA2_Stream4_IRQHandler
                0x0800207c                USART1_IRQHandler
                0x0800207c                OTG_FS_IRQHandler
                0x0800207c                SPI3_IRQHandler
                0x0800207c                DMA1_Stream4_IRQHandler
                0x0800207c                I2C1_ER_IRQHandler
                0x0800207c                DMA2_Stream6_IRQHandler
                0x0800207c                DMA1_Stream3_IRQHandler
 *fill*         0x0800207e        0x2 
 .text.HAL_Init
                0x08002080       0x34 CMakeFiles/WL1_F411CEU6_V1.0.elf.dir/Drivers/STM32F4xx_HAL_Driver/Src/stm32f4xx_hal.c.obj
                0x08002080                HAL_Init
 .text.HAL_IncTick
                0x080020b4       0x18 CMakeFiles/WL1_F411CEU6_V1.0.elf.dir/Drivers/STM32F4xx_HAL_Driver/Src/stm32f4xx_hal.c.obj
                0x080020b4                HAL_IncTick
 .text.HAL_GetTick
                0x080020cc        0xc CMakeFiles/WL1_F411CEU6_V1.0.elf.dir/Drivers/STM32F4xx_HAL_Driver/Src/stm32f4xx_hal.c.obj
                0x080020cc                HAL_GetTick
 .text.HAL_NVIC_SetPriorityGrouping
                0x080020d8       0x24 CMakeFiles/WL1_F411CEU6_V1.0.elf.dir/Drivers/STM32F4xx_HAL_Driver/Src/stm32f4xx_hal_cortex.c.obj
                0x080020d8                HAL_NVIC_SetPriorityGrouping
 .text.HAL_NVIC_SetPriority
                0x080020fc       0x78 CMakeFiles/WL1_F411CEU6_V1.0.elf.dir/Drivers/STM32F4xx_HAL_Driver/Src/stm32f4xx_hal_cortex.c.obj
                0x080020fc                HAL_NVIC_SetPriority
 .text.HAL_NVIC_EnableIRQ
                0x08002174       0x1c CMakeFiles/WL1_F411CEU6_V1.0.elf.dir/Drivers/STM32F4xx_HAL_Driver/Src/stm32f4xx_hal_cortex.c.obj
                0x08002174                HAL_NVIC_EnableIRQ
 .text.HAL_GPIO_Init
                0x08002190      0x378 CMakeFiles/WL1_F411CEU6_V1.0.elf.dir/Drivers/STM32F4xx_HAL_Driver/Src/stm32f4xx_hal_gpio.c.obj
                0x08002190                HAL_GPIO_Init
 .text.HAL_GPIO_WritePin
                0x08002508        0x8 CMakeFiles/WL1_F411CEU6_V1.0.elf.dir/Drivers/STM32F4xx_HAL_Driver/Src/stm32f4xx_hal_gpio.c.obj
                0x08002508                HAL_GPIO_WritePin
 .text.HAL_GPIO_TogglePin
                0x08002510       0x14 CMakeFiles/WL1_F411CEU6_V1.0.elf.dir/Drivers/STM32F4xx_HAL_Driver/Src/stm32f4xx_hal_gpio.c.obj
                0x08002510                HAL_GPIO_TogglePin
 .text.HAL_I2C_Init
                0x08002524      0x194 CMakeFiles/WL1_F411CEU6_V1.0.elf.dir/Drivers/STM32F4xx_HAL_Driver/Src/stm32f4xx_hal_i2c.c.obj
                0x08002524                HAL_I2C_Init
 .text.HAL_RCC_OscConfig
                0x080026b8      0x3cc CMakeFiles/WL1_F411CEU6_V1.0.elf.dir/Drivers/STM32F4xx_HAL_Driver/Src/stm32f4xx_hal_rcc.c.obj
                0x080026b8                HAL_RCC_OscConfig
 .text.HAL_RCC_GetSysClockFreq
                0x08002a84       0x68 CMakeFiles/WL1_F411CEU6_V1.0.elf.dir/Drivers/STM32F4xx_HAL_Driver/Src/stm32f4xx_hal_rcc.c.obj
                0x08002a84                HAL_RCC_GetSysClockFreq
 .text.HAL_RCC_ClockConfig
                0x08002aec      0x13c CMakeFiles/WL1_F411CEU6_V1.0.elf.dir/Drivers/STM32F4xx_HAL_Driver/Src/stm32f4xx_hal_rcc.c.obj
                0x08002aec                HAL_RCC_ClockConfig
 .text.HAL_RCC_GetPCLK1Freq
                0x08002c28       0x20 CMakeFiles/WL1_F411CEU6_V1.0.elf.dir/Drivers/STM32F4xx_HAL_Driver/Src/stm32f4xx_hal_rcc.c.obj
                0x08002c28                HAL_RCC_GetPCLK1Freq
 .text.HAL_RCC_GetPCLK2Freq
                0x08002c48       0x20 CMakeFiles/WL1_F411CEU6_V1.0.elf.dir/Drivers/STM32F4xx_HAL_Driver/Src/stm32f4xx_hal_rcc.c.obj
                0x08002c48                HAL_RCC_GetPCLK2Freq
 .text.HAL_RCC_GetClockConfig
                0x08002c68       0x44 CMakeFiles/WL1_F411CEU6_V1.0.elf.dir/Drivers/STM32F4xx_HAL_Driver/Src/stm32f4xx_hal_rcc.c.obj
                0x08002c68                HAL_RCC_GetClockConfig
 .text.HAL_SPI_Init
                0x08002cac       0xc4 CMakeFiles/WL1_F411CEU6_V1.0.elf.dir/Drivers/STM32F4xx_HAL_Driver/Src/stm32f4xx_hal_spi.c.obj
                0x08002cac                HAL_SPI_Init
 .text.HAL_TIM_Base_Init
                0x08002d70       0xf4 CMakeFiles/WL1_F411CEU6_V1.0.elf.dir/Drivers/STM32F4xx_HAL_Driver/Src/stm32f4xx_hal_tim.c.obj
                0x08002d70                HAL_TIM_Base_Init
 .text.HAL_TIM_Base_Start_IT
                0x08002e64       0x64 CMakeFiles/WL1_F411CEU6_V1.0.elf.dir/Drivers/STM32F4xx_HAL_Driver/Src/stm32f4xx_hal_tim.c.obj
                0x08002e64                HAL_TIM_Base_Start_IT
 .text.HAL_TIM_PWM_MspInit
                0x08002ec8        0x4 CMakeFiles/WL1_F411CEU6_V1.0.elf.dir/Drivers/STM32F4xx_HAL_Driver/Src/stm32f4xx_hal_tim.c.obj
                0x08002ec8                HAL_TIM_PWM_MspInit
 .text.HAL_TIM_PWM_Init
                0x08002ecc       0xf4 CMakeFiles/WL1_F411CEU6_V1.0.elf.dir/Drivers/STM32F4xx_HAL_Driver/Src/stm32f4xx_hal_tim.c.obj
                0x08002ecc                HAL_TIM_PWM_Init
 .text.HAL_TIM_PWM_Start
                0x08002fc0       0xb8 CMakeFiles/WL1_F411CEU6_V1.0.elf.dir/Drivers/STM32F4xx_HAL_Driver/Src/stm32f4xx_hal_tim.c.obj
                0x08002fc0                HAL_TIM_PWM_Start
 .text.HAL_TIM_PWM_Stop
                0x08003078       0x98 CMakeFiles/WL1_F411CEU6_V1.0.elf.dir/Drivers/STM32F4xx_HAL_Driver/Src/stm32f4xx_hal_tim.c.obj
                0x08003078                HAL_TIM_PWM_Stop
 .text.HAL_TIM_Encoder_Init
                0x08003110      0x144 CMakeFiles/WL1_F411CEU6_V1.0.elf.dir/Drivers/STM32F4xx_HAL_Driver/Src/stm32f4xx_hal_tim.c.obj
                0x08003110                HAL_TIM_Encoder_Init
 .text.HAL_TIM_PWM_ConfigChannel
                0x08003254      0x1e4 CMakeFiles/WL1_F411CEU6_V1.0.elf.dir/Drivers/STM32F4xx_HAL_Driver/Src/stm32f4xx_hal_tim.c.obj
                0x08003254                HAL_TIM_PWM_ConfigChannel
 .text.HAL_TIM_ConfigClockSource
                0x08003438      0x154 CMakeFiles/WL1_F411CEU6_V1.0.elf.dir/Drivers/STM32F4xx_HAL_Driver/Src/stm32f4xx_hal_tim.c.obj
                0x08003438                HAL_TIM_ConfigClockSource
 .text.HAL_TIM_OC_DelayElapsedCallback
                0x0800358c        0x4 CMakeFiles/WL1_F411CEU6_V1.0.elf.dir/Drivers/STM32F4xx_HAL_Driver/Src/stm32f4xx_hal_tim.c.obj
                0x0800358c                HAL_TIM_OC_DelayElapsedCallback
 .text.HAL_TIM_IC_CaptureCallback
                0x08003590        0x4 CMakeFiles/WL1_F411CEU6_V1.0.elf.dir/Drivers/STM32F4xx_HAL_Driver/Src/stm32f4xx_hal_tim.c.obj
                0x08003590                HAL_TIM_IC_CaptureCallback
 .text.HAL_TIM_PWM_PulseFinishedCallback
                0x08003594        0x4 CMakeFiles/WL1_F411CEU6_V1.0.elf.dir/Drivers/STM32F4xx_HAL_Driver/Src/stm32f4xx_hal_tim.c.obj
                0x08003594                HAL_TIM_PWM_PulseFinishedCallback
 .text.HAL_TIM_TriggerCallback
                0x08003598        0x4 CMakeFiles/WL1_F411CEU6_V1.0.elf.dir/Drivers/STM32F4xx_HAL_Driver/Src/stm32f4xx_hal_tim.c.obj
                0x08003598                HAL_TIM_TriggerCallback
 .text.HAL_TIM_IRQHandler
                0x0800359c      0x138 CMakeFiles/WL1_F411CEU6_V1.0.elf.dir/Drivers/STM32F4xx_HAL_Driver/Src/stm32f4xx_hal_tim.c.obj
                0x0800359c                HAL_TIM_IRQHandler
 .text.HAL_TIMEx_MasterConfigSynchronization
                0x080036d4       0x70 CMakeFiles/WL1_F411CEU6_V1.0.elf.dir/Drivers/STM32F4xx_HAL_Driver/Src/stm32f4xx_hal_tim_ex.c.obj
                0x080036d4                HAL_TIMEx_MasterConfigSynchronization
 .text.HAL_TIMEx_CommutCallback
                0x08003744        0x4 CMakeFiles/WL1_F411CEU6_V1.0.elf.dir/Drivers/STM32F4xx_HAL_Driver/Src/stm32f4xx_hal_tim_ex.c.obj
                0x08003744                HAL_TIMEx_CommutCallback
 .text.HAL_TIMEx_BreakCallback
                0x08003748        0x4 CMakeFiles/WL1_F411CEU6_V1.0.elf.dir/Drivers/STM32F4xx_HAL_Driver/Src/stm32f4xx_hal_tim_ex.c.obj
                0x08003748                HAL_TIMEx_BreakCallback
 .text.HAL_UART_Init
                0x0800374c      0x124 CMakeFiles/WL1_F411CEU6_V1.0.elf.dir/Drivers/STM32F4xx_HAL_Driver/Src/stm32f4xx_hal_uart.c.obj
                0x0800374c                HAL_UART_Init
 .text.HAL_UART_Transmit
                0x08003870      0x13c CMakeFiles/WL1_F411CEU6_V1.0.elf.dir/Drivers/STM32F4xx_HAL_Driver/Src/stm32f4xx_hal_uart.c.obj
                0x08003870                HAL_UART_Transmit
 .text.SysTick_Handler
                0x080039ac       0x1c CMakeFiles/WL1_F411CEU6_V1.0.elf.dir/Middlewares/Third_Party/FreeRTOS/Source/CMSIS_RTOS_V2/cmsis_os2.c.obj
                0x080039ac                SysTick_Handler
 .text.osKernelInitialize
                0x080039c8       0x24 CMakeFiles/WL1_F411CEU6_V1.0.elf.dir/Middlewares/Third_Party/FreeRTOS/Source/CMSIS_RTOS_V2/cmsis_os2.c.obj
                0x080039c8                osKernelInitialize
 .text.osKernelStart
                0x080039ec       0x34 CMakeFiles/WL1_F411CEU6_V1.0.elf.dir/Middlewares/Third_Party/FreeRTOS/Source/CMSIS_RTOS_V2/cmsis_os2.c.obj
                0x080039ec                osKernelStart
 .text.osThreadNew
                0x08003a20       0x88 CMakeFiles/WL1_F411CEU6_V1.0.elf.dir/Middlewares/Third_Party/FreeRTOS/Source/CMSIS_RTOS_V2/cmsis_os2.c.obj
                0x08003a20                osThreadNew
 .text.vApplicationGetIdleTaskMemory
                0x08003aa8       0x1c CMakeFiles/WL1_F411CEU6_V1.0.elf.dir/Middlewares/Third_Party/FreeRTOS/Source/CMSIS_RTOS_V2/cmsis_os2.c.obj
                0x08003aa8                vApplicationGetIdleTaskMemory
 .text.vApplicationGetTimerTaskMemory
                0x08003ac4       0x20 CMakeFiles/WL1_F411CEU6_V1.0.elf.dir/Middlewares/Third_Party/FreeRTOS/Source/CMSIS_RTOS_V2/cmsis_os2.c.obj
                0x08003ac4                vApplicationGetTimerTaskMemory
 .text.vListInitialise
                0x08003ae4       0x18 CMakeFiles/WL1_F411CEU6_V1.0.elf.dir/Middlewares/Third_Party/FreeRTOS/Source/list.c.obj
                0x08003ae4                vListInitialise
 .text.vListInitialiseItem
                0x08003afc        0x8 CMakeFiles/WL1_F411CEU6_V1.0.elf.dir/Middlewares/Third_Party/FreeRTOS/Source/list.c.obj
                0x08003afc                vListInitialiseItem
 .text.vListInsertEnd
                0x08003b04       0x1c CMakeFiles/WL1_F411CEU6_V1.0.elf.dir/Middlewares/Third_Party/FreeRTOS/Source/list.c.obj
                0x08003b04                vListInsertEnd
 .text.vListInsert
                0x08003b20       0x30 CMakeFiles/WL1_F411CEU6_V1.0.elf.dir/Middlewares/Third_Party/FreeRTOS/Source/list.c.obj
                0x08003b20                vListInsert
 .text.uxListRemove
                0x08003b50       0x28 CMakeFiles/WL1_F411CEU6_V1.0.elf.dir/Middlewares/Third_Party/FreeRTOS/Source/list.c.obj
                0x08003b50                uxListRemove
 .text.prvPortStartFirstTask
                0x08003b78       0x28 CMakeFiles/WL1_F411CEU6_V1.0.elf.dir/Middlewares/Third_Party/FreeRTOS/Source/portable/GCC/ARM_CM4F/port.c.obj
 .text.vPortEnableVFP
                0x08003ba0       0x14 CMakeFiles/WL1_F411CEU6_V1.0.elf.dir/Middlewares/Third_Party/FreeRTOS/Source/portable/GCC/ARM_CM4F/port.c.obj
 .text.prvTaskExitError
                0x08003bb4       0x40 CMakeFiles/WL1_F411CEU6_V1.0.elf.dir/Middlewares/Third_Party/FreeRTOS/Source/portable/GCC/ARM_CM4F/port.c.obj
 .text.pxPortInitialiseStack
                0x08003bf4       0x28 CMakeFiles/WL1_F411CEU6_V1.0.elf.dir/Middlewares/Third_Party/FreeRTOS/Source/portable/GCC/ARM_CM4F/port.c.obj
                0x08003bf4                pxPortInitialiseStack
 *fill*         0x08003c1c        0x4 
 .text.SVC_Handler
                0x08003c20       0x24 CMakeFiles/WL1_F411CEU6_V1.0.elf.dir/Middlewares/Third_Party/FreeRTOS/Source/portable/GCC/ARM_CM4F/port.c.obj
                0x08003c20                SVC_Handler
 .text.vPortEnterCritical
                0x08003c44       0x44 CMakeFiles/WL1_F411CEU6_V1.0.elf.dir/Middlewares/Third_Party/FreeRTOS/Source/portable/GCC/ARM_CM4F/port.c.obj
                0x08003c44                vPortEnterCritical
 .text.vPortExitCritical
                0x08003c88       0x28 CMakeFiles/WL1_F411CEU6_V1.0.elf.dir/Middlewares/Third_Party/FreeRTOS/Source/portable/GCC/ARM_CM4F/port.c.obj
                0x08003c88                vPortExitCritical
 .text.PendSV_Handler
                0x08003cb0       0x64 CMakeFiles/WL1_F411CEU6_V1.0.elf.dir/Middlewares/Third_Party/FreeRTOS/Source/portable/GCC/ARM_CM4F/port.c.obj
                0x08003cb0                PendSV_Handler
 .text.xPortSysTickHandler
                0x08003d14       0x2c CMakeFiles/WL1_F411CEU6_V1.0.elf.dir/Middlewares/Third_Party/FreeRTOS/Source/portable/GCC/ARM_CM4F/port.c.obj
                0x08003d14                xPortSysTickHandler
 .text.vPortSetupTimerInterrupt
                0x08003d40       0x28 CMakeFiles/WL1_F411CEU6_V1.0.elf.dir/Middlewares/Third_Party/FreeRTOS/Source/portable/GCC/ARM_CM4F/port.c.obj
                0x08003d40                vPortSetupTimerInterrupt
 .text.xPortStartScheduler
                0x08003d68      0x140 CMakeFiles/WL1_F411CEU6_V1.0.elf.dir/Middlewares/Third_Party/FreeRTOS/Source/portable/GCC/ARM_CM4F/port.c.obj
                0x08003d68                xPortStartScheduler
 .text.pvPortMalloc
                0x08003ea8      0x17c CMakeFiles/WL1_F411CEU6_V1.0.elf.dir/Middlewares/Third_Party/FreeRTOS/Source/portable/MemMang/heap_4.c.obj
                0x08003ea8                pvPortMalloc
 .text.vPortFree
                0x08004024       0xe0 CMakeFiles/WL1_F411CEU6_V1.0.elf.dir/Middlewares/Third_Party/FreeRTOS/Source/portable/MemMang/heap_4.c.obj
                0x08004024                vPortFree
 .text.prvCopyDataToQueue
                0x08004104       0x78 CMakeFiles/WL1_F411CEU6_V1.0.elf.dir/Middlewares/Third_Party/FreeRTOS/Source/queue.c.obj
 .text.xQueueGenericCreateStatic
                0x0800417c       0xe0 CMakeFiles/WL1_F411CEU6_V1.0.elf.dir/Middlewares/Third_Party/FreeRTOS/Source/queue.c.obj
                0x0800417c                xQueueGenericCreateStatic
 .text.xQueueGenericSend
                0x0800425c      0x300 CMakeFiles/WL1_F411CEU6_V1.0.elf.dir/Middlewares/Third_Party/FreeRTOS/Source/queue.c.obj
                0x0800425c                xQueueGenericSend
 .text.xQueueReceive
                0x0800455c      0x2fc CMakeFiles/WL1_F411CEU6_V1.0.elf.dir/Middlewares/Third_Party/FreeRTOS/Source/queue.c.obj
                0x0800455c                xQueueReceive
 .text.vQueueAddToRegistry
                0x08004858       0x50 CMakeFiles/WL1_F411CEU6_V1.0.elf.dir/Middlewares/Third_Party/FreeRTOS/Source/queue.c.obj
                0x08004858                vQueueAddToRegistry
 .text.vQueueWaitForMessageRestricted
                0x080048a8       0xc8 CMakeFiles/WL1_F411CEU6_V1.0.elf.dir/Middlewares/Third_Party/FreeRTOS/Source/queue.c.obj
                0x080048a8                vQueueWaitForMessageRestricted
 .text.prvAddNewTaskToReadyList
                0x08004970      0x10c CMakeFiles/WL1_F411CEU6_V1.0.elf.dir/Middlewares/Third_Party/FreeRTOS/Source/tasks.c.obj
 .text.prvInitialiseNewTask.constprop.0
                0x08004a7c      0x148 CMakeFiles/WL1_F411CEU6_V1.0.elf.dir/Middlewares/Third_Party/FreeRTOS/Source/tasks.c.obj
 .text.prvIdleTask
                0x08004bc4       0xa4 CMakeFiles/WL1_F411CEU6_V1.0.elf.dir/Middlewares/Third_Party/FreeRTOS/Source/tasks.c.obj
 .text.xTaskIncrementTick.part.0
                0x08004c68      0x158 CMakeFiles/WL1_F411CEU6_V1.0.elf.dir/Middlewares/Third_Party/FreeRTOS/Source/tasks.c.obj
 .text.xTaskResumeAll.part.0
                0x08004dc0      0x138 CMakeFiles/WL1_F411CEU6_V1.0.elf.dir/Middlewares/Third_Party/FreeRTOS/Source/tasks.c.obj
 .text.xTaskCreateStatic
                0x08004ef8       0x78 CMakeFiles/WL1_F411CEU6_V1.0.elf.dir/Middlewares/Third_Party/FreeRTOS/Source/tasks.c.obj
                0x08004ef8                xTaskCreateStatic
 .text.xTaskCreate
                0x08004f70       0x60 CMakeFiles/WL1_F411CEU6_V1.0.elf.dir/Middlewares/Third_Party/FreeRTOS/Source/tasks.c.obj
                0x08004f70                xTaskCreate
 .text.vTaskDelete
                0x08004fd0      0x10c CMakeFiles/WL1_F411CEU6_V1.0.elf.dir/Middlewares/Third_Party/FreeRTOS/Source/tasks.c.obj
                0x08004fd0                vTaskDelete
 .text.vTaskDelay
                0x080050dc       0xac CMakeFiles/WL1_F411CEU6_V1.0.elf.dir/Middlewares/Third_Party/FreeRTOS/Source/tasks.c.obj
                0x080050dc                vTaskDelay
 .text.vTaskStartScheduler
                0x08005188       0xfc CMakeFiles/WL1_F411CEU6_V1.0.elf.dir/Middlewares/Third_Party/FreeRTOS/Source/tasks.c.obj
                0x08005188                vTaskStartScheduler
 .text.vTaskSuspendAll
                0x08005284       0x10 CMakeFiles/WL1_F411CEU6_V1.0.elf.dir/Middlewares/Third_Party/FreeRTOS/Source/tasks.c.obj
                0x08005284                vTaskSuspendAll
 .text.xTaskResumeAll
                0x08005294       0x20 CMakeFiles/WL1_F411CEU6_V1.0.elf.dir/Middlewares/Third_Party/FreeRTOS/Source/tasks.c.obj
                0x08005294                xTaskResumeAll
 .text.xTaskGetTickCount
                0x080052b4        0xc CMakeFiles/WL1_F411CEU6_V1.0.elf.dir/Middlewares/Third_Party/FreeRTOS/Source/tasks.c.obj
                0x080052b4                xTaskGetTickCount
 .text.xTaskIncrementTick
                0x080052c0       0x20 CMakeFiles/WL1_F411CEU6_V1.0.elf.dir/Middlewares/Third_Party/FreeRTOS/Source/tasks.c.obj
                0x080052c0                xTaskIncrementTick
 .text.vTaskSwitchContext
                0x080052e0       0x98 CMakeFiles/WL1_F411CEU6_V1.0.elf.dir/Middlewares/Third_Party/FreeRTOS/Source/tasks.c.obj
                0x080052e0                vTaskSwitchContext
 .text.vTaskPlaceOnEventList
                0x08005378       0x88 CMakeFiles/WL1_F411CEU6_V1.0.elf.dir/Middlewares/Third_Party/FreeRTOS/Source/tasks.c.obj
                0x08005378                vTaskPlaceOnEventList
 .text.vTaskPlaceOnEventListRestricted
                0x08005400       0x94 CMakeFiles/WL1_F411CEU6_V1.0.elf.dir/Middlewares/Third_Party/FreeRTOS/Source/tasks.c.obj
                0x08005400                vTaskPlaceOnEventListRestricted
 .text.xTaskRemoveFromEventList
                0x08005494       0x88 CMakeFiles/WL1_F411CEU6_V1.0.elf.dir/Middlewares/Third_Party/FreeRTOS/Source/tasks.c.obj
                0x08005494                xTaskRemoveFromEventList
 .text.vTaskInternalSetTimeOutState
                0x0800551c       0x18 CMakeFiles/WL1_F411CEU6_V1.0.elf.dir/Middlewares/Third_Party/FreeRTOS/Source/tasks.c.obj
                0x0800551c                vTaskInternalSetTimeOutState
 .text.xTaskCheckForTimeOut
                0x08005534       0x8c CMakeFiles/WL1_F411CEU6_V1.0.elf.dir/Middlewares/Third_Party/FreeRTOS/Source/tasks.c.obj
                0x08005534                xTaskCheckForTimeOut
 .text.vTaskMissedYield
                0x080055c0        0xc CMakeFiles/WL1_F411CEU6_V1.0.elf.dir/Middlewares/Third_Party/FreeRTOS/Source/tasks.c.obj
                0x080055c0                vTaskMissedYield
 .text.xTaskGetSchedulerState
                0x080055cc       0x20 CMakeFiles/WL1_F411CEU6_V1.0.elf.dir/Middlewares/Third_Party/FreeRTOS/Source/tasks.c.obj
                0x080055cc                xTaskGetSchedulerState
 .text.xTaskPriorityDisinherit
                0x080055ec       0x8c CMakeFiles/WL1_F411CEU6_V1.0.elf.dir/Middlewares/Third_Party/FreeRTOS/Source/tasks.c.obj
                0x080055ec                xTaskPriorityDisinherit
 .text.prvSwitchTimerLists
                0x08005678       0x90 CMakeFiles/WL1_F411CEU6_V1.0.elf.dir/Middlewares/Third_Party/FreeRTOS/Source/timers.c.obj
 .text.prvTimerTask
                0x08005708      0x270 CMakeFiles/WL1_F411CEU6_V1.0.elf.dir/Middlewares/Third_Party/FreeRTOS/Source/timers.c.obj
 .text.xTimerCreateTimerTask
                0x08005978       0xbc CMakeFiles/WL1_F411CEU6_V1.0.elf.dir/Middlewares/Third_Party/FreeRTOS/Source/timers.c.obj
                0x08005978                xTimerCreateTimerTask
 .text._ZdlPvj  0x08005a34        0x4 D:/rj/arm-gnu-toolchain-14.2.rel1-mingw-w64-x86_64-arm-none-eabi/bin/../lib/gcc/arm-none-eabi/14.2.1/thumb/v7e-m+fp/hard\libstdc++.a(del_ops.o)
                0x08005a34                operator delete(void*, unsigned int)
 .text.__cxa_end_cleanup
                0x08005a38        0xc D:/rj/arm-gnu-toolchain-14.2.rel1-mingw-w64-x86_64-arm-none-eabi/bin/../lib/gcc/arm-none-eabi/14.2.1/thumb/v7e-m+fp/hard\libstdc++.a(eh_arm.o)
                0x08005a38                __cxa_end_cleanup
 .text.__cxa_type_match
                0x08005a44       0xb0 D:/rj/arm-gnu-toolchain-14.2.rel1-mingw-w64-x86_64-arm-none-eabi/bin/../lib/gcc/arm-none-eabi/14.2.1/thumb/v7e-m+fp/hard\libstdc++.a(eh_arm.o)
                0x08005a44                __cxa_type_match
 .text.__cxa_begin_cleanup
                0x08005af4       0x64 D:/rj/arm-gnu-toolchain-14.2.rel1-mingw-w64-x86_64-arm-none-eabi/bin/../lib/gcc/arm-none-eabi/14.2.1/thumb/v7e-m+fp/hard\libstdc++.a(eh_arm.o)
                0x08005af4                __cxa_begin_cleanup
 .text.__gnu_end_cleanup
                0x08005b58       0x70 D:/rj/arm-gnu-toolchain-14.2.rel1-mingw-w64-x86_64-arm-none-eabi/bin/../lib/gcc/arm-none-eabi/14.2.1/thumb/v7e-m+fp/hard\libstdc++.a(eh_arm.o)
                0x08005b58                __gnu_end_cleanup
 .text._ZNSt9exceptionD2Ev
                0x08005bc8        0x4 D:/rj/arm-gnu-toolchain-14.2.rel1-mingw-w64-x86_64-arm-none-eabi/bin/../lib/gcc/arm-none-eabi/14.2.1/thumb/v7e-m+fp/hard\libstdc++.a(eh_exception.o)
                0x08005bc8                std::exception::~exception()
                0x08005bc8                std::exception::~exception()
 .text._ZNSt13bad_exceptionD2Ev
                0x08005bcc        0x4 D:/rj/arm-gnu-toolchain-14.2.rel1-mingw-w64-x86_64-arm-none-eabi/bin/../lib/gcc/arm-none-eabi/14.2.1/thumb/v7e-m+fp/hard\libstdc++.a(eh_exception.o)
                0x08005bcc                std::bad_exception::~bad_exception()
                0x08005bcc                std::bad_exception::~bad_exception()
 .text._ZNKSt13bad_exception4whatEv
                0x08005bd0        0x8 D:/rj/arm-gnu-toolchain-14.2.rel1-mingw-w64-x86_64-arm-none-eabi/bin/../lib/gcc/arm-none-eabi/14.2.1/thumb/v7e-m+fp/hard\libstdc++.a(eh_exception.o)
                0x08005bd0                std::bad_exception::what() const
                0x08005bd0                transaction clone for std::bad_exception::what() const
 .text._ZNSt13bad_exceptionD0Ev
                0x08005bd8       0x10 D:/rj/arm-gnu-toolchain-14.2.rel1-mingw-w64-x86_64-arm-none-eabi/bin/../lib/gcc/arm-none-eabi/14.2.1/thumb/v7e-m+fp/hard\libstdc++.a(eh_exception.o)
                0x08005bd8                std::bad_exception::~bad_exception()
 .text.__cxa_get_globals_fast
                0x08005be8        0x8 D:/rj/arm-gnu-toolchain-14.2.rel1-mingw-w64-x86_64-arm-none-eabi/bin/../lib/gcc/arm-none-eabi/14.2.1/thumb/v7e-m+fp/hard\libstdc++.a(eh_globals.o)
                0x08005be8                __cxa_get_globals_fast
 .text.__cxa_get_globals
                0x08005bf0        0x8 D:/rj/arm-gnu-toolchain-14.2.rel1-mingw-w64-x86_64-arm-none-eabi/bin/../lib/gcc/arm-none-eabi/14.2.1/thumb/v7e-m+fp/hard\libstdc++.a(eh_globals.o)
                0x08005bf0                __cxa_get_globals
 .text._ZL28read_encoded_value_with_basehjPKhPj
                0x08005bf8       0xc0 D:/rj/arm-gnu-toolchain-14.2.rel1-mingw-w64-x86_64-arm-none-eabi/bin/../lib/gcc/arm-none-eabi/14.2.1/thumb/v7e-m+fp/hard\libstdc++.a(eh_personality.o)
 .text._ZL21base_of_encoded_valuehP15_Unwind_Context
                0x08005cb8       0x44 D:/rj/arm-gnu-toolchain-14.2.rel1-mingw-w64-x86_64-arm-none-eabi/bin/../lib/gcc/arm-none-eabi/14.2.1/thumb/v7e-m+fp/hard\libstdc++.a(eh_personality.o)
 .text._ZL17parse_lsda_headerP15_Unwind_ContextPKhP16lsda_header_info
                0x08005cfc       0x90 D:/rj/arm-gnu-toolchain-14.2.rel1-mingw-w64-x86_64-arm-none-eabi/bin/../lib/gcc/arm-none-eabi/14.2.1/thumb/v7e-m+fp/hard\libstdc++.a(eh_personality.o)
 .text.__gxx_personality_v0
                0x08005d8c      0x474 D:/rj/arm-gnu-toolchain-14.2.rel1-mingw-w64-x86_64-arm-none-eabi/bin/../lib/gcc/arm-none-eabi/14.2.1/thumb/v7e-m+fp/hard\libstdc++.a(eh_personality.o)
                0x08005d8c                __gxx_personality_v0
 .text._ZN10__cxxabiv111__terminateEPFvvE
                0x08006200       0x10 D:/rj/arm-gnu-toolchain-14.2.rel1-mingw-w64-x86_64-arm-none-eabi/bin/../lib/gcc/arm-none-eabi/14.2.1/thumb/v7e-m+fp/hard\libstdc++.a(eh_terminate.o)
                0x08006200                __cxxabiv1::__terminate(void (*)())
 .text.unlikely._ZSt9terminatev
                0x08006210       0x14 D:/rj/arm-gnu-toolchain-14.2.rel1-mingw-w64-x86_64-arm-none-eabi/bin/../lib/gcc/arm-none-eabi/14.2.1/thumb/v7e-m+fp/hard\libstdc++.a(eh_terminate.o)
                0x08006210                std::terminate()
 .text._ZN10__cxxabiv112__unexpectedEPFvvE
                0x08006224        0x8 D:/rj/arm-gnu-toolchain-14.2.rel1-mingw-w64-x86_64-arm-none-eabi/bin/../lib/gcc/arm-none-eabi/14.2.1/thumb/v7e-m+fp/hard\libstdc++.a(eh_terminate.o)
                0x08006224                __cxxabiv1::__unexpected(void (*)())
 .text.unlikely._ZSt10unexpectedv
                0x0800622c       0x14 D:/rj/arm-gnu-toolchain-14.2.rel1-mingw-w64-x86_64-arm-none-eabi/bin/../lib/gcc/arm-none-eabi/14.2.1/thumb/v7e-m+fp/hard\libstdc++.a(eh_terminate.o)
                0x0800622c                std::unexpected()
 .text._ZSt13get_terminatev
                0x08006240       0x10 D:/rj/arm-gnu-toolchain-14.2.rel1-mingw-w64-x86_64-arm-none-eabi/bin/../lib/gcc/arm-none-eabi/14.2.1/thumb/v7e-m+fp/hard\libstdc++.a(eh_terminate.o)
                0x08006240                std::get_terminate()
 .text._ZSt14get_unexpectedv
                0x08006250       0x10 D:/rj/arm-gnu-toolchain-14.2.rel1-mingw-w64-x86_64-arm-none-eabi/bin/../lib/gcc/arm-none-eabi/14.2.1/thumb/v7e-m+fp/hard\libstdc++.a(eh_terminate.o)
                0x08006250                std::get_unexpected()
 .text._Znwj    0x08006260       0x3c D:/rj/arm-gnu-toolchain-14.2.rel1-mingw-w64-x86_64-arm-none-eabi/bin/../lib/gcc/arm-none-eabi/14.2.1/thumb/v7e-m+fp/hard\libstdc++.a(new_op.o)
                0x08006260                operator new(unsigned int)
 .text._ZN10__cxxabiv120__si_class_type_infoD2Ev
                0x0800629c       0x14 D:/rj/arm-gnu-toolchain-14.2.rel1-mingw-w64-x86_64-arm-none-eabi/bin/../lib/gcc/arm-none-eabi/14.2.1/thumb/v7e-m+fp/hard\libstdc++.a(si_class_type_info.o)
                0x0800629c                __cxxabiv1::__si_class_type_info::~__si_class_type_info()
                0x0800629c                __cxxabiv1::__si_class_type_info::~__si_class_type_info()
 .text._ZN10__cxxabiv120__si_class_type_infoD0Ev
                0x080062b0       0x1c D:/rj/arm-gnu-toolchain-14.2.rel1-mingw-w64-x86_64-arm-none-eabi/bin/../lib/gcc/arm-none-eabi/14.2.1/thumb/v7e-m+fp/hard\libstdc++.a(si_class_type_info.o)
                0x080062b0                __cxxabiv1::__si_class_type_info::~__si_class_type_info()
 .text._ZNK10__cxxabiv120__si_class_type_info20__do_find_public_srcEiPKvPKNS_17__class_type_infoES2_
                0x080062cc       0x3c D:/rj/arm-gnu-toolchain-14.2.rel1-mingw-w64-x86_64-arm-none-eabi/bin/../lib/gcc/arm-none-eabi/14.2.1/thumb/v7e-m+fp/hard\libstdc++.a(si_class_type_info.o)
                0x080062cc                __cxxabiv1::__si_class_type_info::__do_find_public_src(int, void const*, __cxxabiv1::__class_type_info const*, void const*) const
 .text._ZNK10__cxxabiv120__si_class_type_info12__do_dyncastEiNS_17__class_type_info10__sub_kindEPKS1_PKvS4_S6_RNS1_16__dyncast_resultE
                0x08006308       0x84 D:/rj/arm-gnu-toolchain-14.2.rel1-mingw-w64-x86_64-arm-none-eabi/bin/../lib/gcc/arm-none-eabi/14.2.1/thumb/v7e-m+fp/hard\libstdc++.a(si_class_type_info.o)
                0x08006308                __cxxabiv1::__si_class_type_info::__do_dyncast(int, __cxxabiv1::__class_type_info::__sub_kind, __cxxabiv1::__class_type_info const*, void const*, __cxxabiv1::__class_type_info const*, void const*, __cxxabiv1::__class_type_info::__dyncast_result&) const
 .text._ZNK10__cxxabiv120__si_class_type_info11__do_upcastEPKNS_17__class_type_infoEPKvRNS1_15__upcast_resultE
                0x0800638c       0x2c D:/rj/arm-gnu-toolchain-14.2.rel1-mingw-w64-x86_64-arm-none-eabi/bin/../lib/gcc/arm-none-eabi/14.2.1/thumb/v7e-m+fp/hard\libstdc++.a(si_class_type_info.o)
                0x0800638c                __cxxabiv1::__si_class_type_info::__do_upcast(__cxxabiv1::__class_type_info const*, void const*, __cxxabiv1::__class_type_info::__upcast_result&) const
 .text._ZNSt9type_infoD2Ev
                0x080063b8        0x4 D:/rj/arm-gnu-toolchain-14.2.rel1-mingw-w64-x86_64-arm-none-eabi/bin/../lib/gcc/arm-none-eabi/14.2.1/thumb/v7e-m+fp/hard\libstdc++.a(tinfo.o)
                0x080063b8                std::type_info::~type_info()
                0x080063b8                std::type_info::~type_info()
 .text._ZNKSt9type_info14__is_pointer_pEv
                0x080063bc        0x4 D:/rj/arm-gnu-toolchain-14.2.rel1-mingw-w64-x86_64-arm-none-eabi/bin/../lib/gcc/arm-none-eabi/14.2.1/thumb/v7e-m+fp/hard\libstdc++.a(tinfo.o)
                0x080063bc                std::type_info::__is_pointer_p() const
                0x080063bc                std::type_info::__is_function_p() const
 .text._ZNKSt9type_infoeqERKS_
                0x080063c0       0x2c D:/rj/arm-gnu-toolchain-14.2.rel1-mingw-w64-x86_64-arm-none-eabi/bin/../lib/gcc/arm-none-eabi/14.2.1/thumb/v7e-m+fp/hard\libstdc++.a(tinfo.o)
                0x080063c0                std::type_info::operator==(std::type_info const&) const
                0x080063c0                std::type_info::__equal(std::type_info const&) const
 .text._ZN9__gnu_cxx27__verbose_terminate_handlerEv
                0x080063ec      0x108 D:/rj/arm-gnu-toolchain-14.2.rel1-mingw-w64-x86_64-arm-none-eabi/bin/../lib/gcc/arm-none-eabi/14.2.1/thumb/v7e-m+fp/hard\libstdc++.a(vterminate.o)
                0x080063ec                __gnu_cxx::__verbose_terminate_handler()
 .text._ZNKSt9bad_alloc4whatEv
                0x080064f4        0x8 D:/rj/arm-gnu-toolchain-14.2.rel1-mingw-w64-x86_64-arm-none-eabi/bin/../lib/gcc/arm-none-eabi/14.2.1/thumb/v7e-m+fp/hard\libstdc++.a(bad_alloc.o)
                0x080064f4                std::bad_alloc::what() const
 .text._ZNSt9bad_allocD2Ev
                0x080064fc       0x14 D:/rj/arm-gnu-toolchain-14.2.rel1-mingw-w64-x86_64-arm-none-eabi/bin/../lib/gcc/arm-none-eabi/14.2.1/thumb/v7e-m+fp/hard\libstdc++.a(bad_alloc.o)
                0x080064fc                std::bad_alloc::~bad_alloc()
                0x080064fc                std::bad_alloc::~bad_alloc()
 .text._ZNSt9bad_allocD0Ev
                0x08006510       0x1c D:/rj/arm-gnu-toolchain-14.2.rel1-mingw-w64-x86_64-arm-none-eabi/bin/../lib/gcc/arm-none-eabi/14.2.1/thumb/v7e-m+fp/hard\libstdc++.a(bad_alloc.o)
                0x08006510                std::bad_alloc::~bad_alloc()
 .text._ZNK10__cxxabiv117__class_type_info11__do_upcastEPKS0_PPv
                0x0800652c       0x34 D:/rj/arm-gnu-toolchain-14.2.rel1-mingw-w64-x86_64-arm-none-eabi/bin/../lib/gcc/arm-none-eabi/14.2.1/thumb/v7e-m+fp/hard\libstdc++.a(class_type_info.o)
                0x0800652c                __cxxabiv1::__class_type_info::__do_upcast(__cxxabiv1::__class_type_info const*, void**) const
 .text._ZNK10__cxxabiv117__class_type_info20__do_find_public_srcEiPKvPKS0_S2_
                0x08006560        0xc D:/rj/arm-gnu-toolchain-14.2.rel1-mingw-w64-x86_64-arm-none-eabi/bin/../lib/gcc/arm-none-eabi/14.2.1/thumb/v7e-m+fp/hard\libstdc++.a(class_type_info.o)
                0x08006560                __cxxabiv1::__class_type_info::__do_find_public_src(int, void const*, __cxxabiv1::__class_type_info const*, void const*) const
 .text._ZN10__cxxabiv117__class_type_infoD2Ev
                0x0800656c       0x14 D:/rj/arm-gnu-toolchain-14.2.rel1-mingw-w64-x86_64-arm-none-eabi/bin/../lib/gcc/arm-none-eabi/14.2.1/thumb/v7e-m+fp/hard\libstdc++.a(class_type_info.o)
                0x0800656c                __cxxabiv1::__class_type_info::~__class_type_info()
                0x0800656c                __cxxabiv1::__class_type_info::~__class_type_info()
 .text._ZN10__cxxabiv117__class_type_infoD0Ev
                0x08006580       0x1c D:/rj/arm-gnu-toolchain-14.2.rel1-mingw-w64-x86_64-arm-none-eabi/bin/../lib/gcc/arm-none-eabi/14.2.1/thumb/v7e-m+fp/hard\libstdc++.a(class_type_info.o)
                0x08006580                __cxxabiv1::__class_type_info::~__class_type_info()
 .text._ZNK10__cxxabiv117__class_type_info12__do_dyncastEiNS0_10__sub_kindEPKS0_PKvS3_S5_RNS0_16__dyncast_resultE
                0x0800659c       0x44 D:/rj/arm-gnu-toolchain-14.2.rel1-mingw-w64-x86_64-arm-none-eabi/bin/../lib/gcc/arm-none-eabi/14.2.1/thumb/v7e-m+fp/hard\libstdc++.a(class_type_info.o)
                0x0800659c                __cxxabiv1::__class_type_info::__do_dyncast(int, __cxxabiv1::__class_type_info::__sub_kind, __cxxabiv1::__class_type_info const*, void const*, __cxxabiv1::__class_type_info const*, void const*, __cxxabiv1::__class_type_info::__dyncast_result&) const
 .text._ZNK10__cxxabiv117__class_type_info11__do_upcastEPKS0_PKvRNS0_15__upcast_resultE
                0x080065e0       0x1c D:/rj/arm-gnu-toolchain-14.2.rel1-mingw-w64-x86_64-arm-none-eabi/bin/../lib/gcc/arm-none-eabi/14.2.1/thumb/v7e-m+fp/hard\libstdc++.a(class_type_info.o)
                0x080065e0                __cxxabiv1::__class_type_info::__do_upcast(__cxxabiv1::__class_type_info const*, void const*, __cxxabiv1::__class_type_info::__upcast_result&) const
 .text._ZNK10__cxxabiv117__class_type_info10__do_catchEPKSt9type_infoPPvj
                0x080065fc       0x2c D:/rj/arm-gnu-toolchain-14.2.rel1-mingw-w64-x86_64-arm-none-eabi/bin/../lib/gcc/arm-none-eabi/14.2.1/thumb/v7e-m+fp/hard\libstdc++.a(class_type_info.o)
                0x080065fc                __cxxabiv1::__class_type_info::__do_catch(std::type_info const*, void**, unsigned int) const
 .text.d_make_comp
                0x08006628       0xf8 D:/rj/arm-gnu-toolchain-14.2.rel1-mingw-w64-x86_64-arm-none-eabi/bin/../lib/gcc/arm-none-eabi/14.2.1/thumb/v7e-m+fp/hard\libstdc++.a(cp-demangle.o)
 .text.d_number
                0x08006720       0x70 D:/rj/arm-gnu-toolchain-14.2.rel1-mingw-w64-x86_64-arm-none-eabi/bin/../lib/gcc/arm-none-eabi/14.2.1/thumb/v7e-m+fp/hard\libstdc++.a(cp-demangle.o)
 .text.d_call_offset
                0x08006790       0x50 D:/rj/arm-gnu-toolchain-14.2.rel1-mingw-w64-x86_64-arm-none-eabi/bin/../lib/gcc/arm-none-eabi/14.2.1/thumb/v7e-m+fp/hard\libstdc++.a(cp-demangle.o)
 .text.d_discriminator
                0x080067e0       0x48 D:/rj/arm-gnu-toolchain-14.2.rel1-mingw-w64-x86_64-arm-none-eabi/bin/../lib/gcc/arm-none-eabi/14.2.1/thumb/v7e-m+fp/hard\libstdc++.a(cp-demangle.o)
 .text.d_count_templates_scopes
                0x08006828       0xfc D:/rj/arm-gnu-toolchain-14.2.rel1-mingw-w64-x86_64-arm-none-eabi/bin/../lib/gcc/arm-none-eabi/14.2.1/thumb/v7e-m+fp/hard\libstdc++.a(cp-demangle.o)
 .text.d_pack_length
                0x08006924       0x20 D:/rj/arm-gnu-toolchain-14.2.rel1-mingw-w64-x86_64-arm-none-eabi/bin/../lib/gcc/arm-none-eabi/14.2.1/thumb/v7e-m+fp/hard\libstdc++.a(cp-demangle.o)
 .text.d_index_template_argument.part.0
                0x08006944       0x1c D:/rj/arm-gnu-toolchain-14.2.rel1-mingw-w64-x86_64-arm-none-eabi/bin/../lib/gcc/arm-none-eabi/14.2.1/thumb/v7e-m+fp/hard\libstdc++.a(cp-demangle.o)
 .text.d_growable_string_callback_adapter
                0x08006960       0x78 D:/rj/arm-gnu-toolchain-14.2.rel1-mingw-w64-x86_64-arm-none-eabi/bin/../lib/gcc/arm-none-eabi/14.2.1/thumb/v7e-m+fp/hard\libstdc++.a(cp-demangle.o)
 .text.next_is_type_qual.isra.0
                0x080069d8       0x40 D:/rj/arm-gnu-toolchain-14.2.rel1-mingw-w64-x86_64-arm-none-eabi/bin/../lib/gcc/arm-none-eabi/14.2.1/thumb/v7e-m+fp/hard\libstdc++.a(cp-demangle.o)
 .text.d_append_char
                0x08006a18       0x44 D:/rj/arm-gnu-toolchain-14.2.rel1-mingw-w64-x86_64-arm-none-eabi/bin/../lib/gcc/arm-none-eabi/14.2.1/thumb/v7e-m+fp/hard\libstdc++.a(cp-demangle.o)
 .text.d_lookup_template_argument
                0x08006a5c       0x34 D:/rj/arm-gnu-toolchain-14.2.rel1-mingw-w64-x86_64-arm-none-eabi/bin/../lib/gcc/arm-none-eabi/14.2.1/thumb/v7e-m+fp/hard\libstdc++.a(cp-demangle.o)
 .text.d_find_pack
                0x08006a90       0x94 D:/rj/arm-gnu-toolchain-14.2.rel1-mingw-w64-x86_64-arm-none-eabi/bin/../lib/gcc/arm-none-eabi/14.2.1/thumb/v7e-m+fp/hard\libstdc++.a(cp-demangle.o)
 .text.d_append_string
                0x08006b24       0x70 D:/rj/arm-gnu-toolchain-14.2.rel1-mingw-w64-x86_64-arm-none-eabi/bin/../lib/gcc/arm-none-eabi/14.2.1/thumb/v7e-m+fp/hard\libstdc++.a(cp-demangle.o)
 .text.d_template_param
                0x08006b94       0x5c D:/rj/arm-gnu-toolchain-14.2.rel1-mingw-w64-x86_64-arm-none-eabi/bin/../lib/gcc/arm-none-eabi/14.2.1/thumb/v7e-m+fp/hard\libstdc++.a(cp-demangle.o)
 .text.d_append_num
                0x08006bf0       0x84 D:/rj/arm-gnu-toolchain-14.2.rel1-mingw-w64-x86_64-arm-none-eabi/bin/../lib/gcc/arm-none-eabi/14.2.1/thumb/v7e-m+fp/hard\libstdc++.a(cp-demangle.o)
 .text.d_source_name
                0x08006c74       0xdc D:/rj/arm-gnu-toolchain-14.2.rel1-mingw-w64-x86_64-arm-none-eabi/bin/../lib/gcc/arm-none-eabi/14.2.1/thumb/v7e-m+fp/hard\libstdc++.a(cp-demangle.o)
 .text.d_substitution
                0x08006d50      0x184 D:/rj/arm-gnu-toolchain-14.2.rel1-mingw-w64-x86_64-arm-none-eabi/bin/../lib/gcc/arm-none-eabi/14.2.1/thumb/v7e-m+fp/hard\libstdc++.a(cp-demangle.o)
 .text.d_maybe_module_name
                0x08006ed4       0x60 D:/rj/arm-gnu-toolchain-14.2.rel1-mingw-w64-x86_64-arm-none-eabi/bin/../lib/gcc/arm-none-eabi/14.2.1/thumb/v7e-m+fp/hard\libstdc++.a(cp-demangle.o)
 .text.d_type   0x08006f34      0x838 D:/rj/arm-gnu-toolchain-14.2.rel1-mingw-w64-x86_64-arm-none-eabi/bin/../lib/gcc/arm-none-eabi/14.2.1/thumb/v7e-m+fp/hard\libstdc++.a(cp-demangle.o)
 .text.d_parmlist
                0x0800776c       0x9c D:/rj/arm-gnu-toolchain-14.2.rel1-mingw-w64-x86_64-arm-none-eabi/bin/../lib/gcc/arm-none-eabi/14.2.1/thumb/v7e-m+fp/hard\libstdc++.a(cp-demangle.o)
 .text.d_bare_function_type
                0x08007808       0x48 D:/rj/arm-gnu-toolchain-14.2.rel1-mingw-w64-x86_64-arm-none-eabi/bin/../lib/gcc/arm-none-eabi/14.2.1/thumb/v7e-m+fp/hard\libstdc++.a(cp-demangle.o)
 .text.d_function_type
                0x08007850       0x8c D:/rj/arm-gnu-toolchain-14.2.rel1-mingw-w64-x86_64-arm-none-eabi/bin/../lib/gcc/arm-none-eabi/14.2.1/thumb/v7e-m+fp/hard\libstdc++.a(cp-demangle.o)
 .text.d_template_parm
                0x080078dc       0x94 D:/rj/arm-gnu-toolchain-14.2.rel1-mingw-w64-x86_64-arm-none-eabi/bin/../lib/gcc/arm-none-eabi/14.2.1/thumb/v7e-m+fp/hard\libstdc++.a(cp-demangle.o)
 .text.d_template_head
                0x08007970       0x3c D:/rj/arm-gnu-toolchain-14.2.rel1-mingw-w64-x86_64-arm-none-eabi/bin/../lib/gcc/arm-none-eabi/14.2.1/thumb/v7e-m+fp/hard\libstdc++.a(cp-demangle.o)
 .text.d_operator_name
                0x080079ac      0x100 D:/rj/arm-gnu-toolchain-14.2.rel1-mingw-w64-x86_64-arm-none-eabi/bin/../lib/gcc/arm-none-eabi/14.2.1/thumb/v7e-m+fp/hard\libstdc++.a(cp-demangle.o)
 .text.d_unqualified_name
                0x08007aac      0x3fc D:/rj/arm-gnu-toolchain-14.2.rel1-mingw-w64-x86_64-arm-none-eabi/bin/../lib/gcc/arm-none-eabi/14.2.1/thumb/v7e-m+fp/hard\libstdc++.a(cp-demangle.o)
 .text.d_expression_1
                0x08007ea8      0x4ec D:/rj/arm-gnu-toolchain-14.2.rel1-mingw-w64-x86_64-arm-none-eabi/bin/../lib/gcc/arm-none-eabi/14.2.1/thumb/v7e-m+fp/hard\libstdc++.a(cp-demangle.o)
 .text.d_exprlist
                0x08008394       0x74 D:/rj/arm-gnu-toolchain-14.2.rel1-mingw-w64-x86_64-arm-none-eabi/bin/../lib/gcc/arm-none-eabi/14.2.1/thumb/v7e-m+fp/hard\libstdc++.a(cp-demangle.o)
 .text.d_cv_qualifiers
                0x08008408      0x154 D:/rj/arm-gnu-toolchain-14.2.rel1-mingw-w64-x86_64-arm-none-eabi/bin/../lib/gcc/arm-none-eabi/14.2.1/thumb/v7e-m+fp/hard\libstdc++.a(cp-demangle.o)
 .text.d_template_args_1
                0x0800855c       0x94 D:/rj/arm-gnu-toolchain-14.2.rel1-mingw-w64-x86_64-arm-none-eabi/bin/../lib/gcc/arm-none-eabi/14.2.1/thumb/v7e-m+fp/hard\libstdc++.a(cp-demangle.o)
 .text.d_prefix
                0x080085f0       0xc0 D:/rj/arm-gnu-toolchain-14.2.rel1-mingw-w64-x86_64-arm-none-eabi/bin/../lib/gcc/arm-none-eabi/14.2.1/thumb/v7e-m+fp/hard\libstdc++.a(cp-demangle.o)
 .text.d_name   0x080086b0      0x320 D:/rj/arm-gnu-toolchain-14.2.rel1-mingw-w64-x86_64-arm-none-eabi/bin/../lib/gcc/arm-none-eabi/14.2.1/thumb/v7e-m+fp/hard\libstdc++.a(cp-demangle.o)
 .text.d_encoding.part.0
                0x080089d0      0x138 D:/rj/arm-gnu-toolchain-14.2.rel1-mingw-w64-x86_64-arm-none-eabi/bin/../lib/gcc/arm-none-eabi/14.2.1/thumb/v7e-m+fp/hard\libstdc++.a(cp-demangle.o)
 .text.d_special_name
                0x08008b08      0x49c D:/rj/arm-gnu-toolchain-14.2.rel1-mingw-w64-x86_64-arm-none-eabi/bin/../lib/gcc/arm-none-eabi/14.2.1/thumb/v7e-m+fp/hard\libstdc++.a(cp-demangle.o)
 .text.d_expr_primary
                0x08008fa4      0x11c D:/rj/arm-gnu-toolchain-14.2.rel1-mingw-w64-x86_64-arm-none-eabi/bin/../lib/gcc/arm-none-eabi/14.2.1/thumb/v7e-m+fp/hard\libstdc++.a(cp-demangle.o)
 .text.d_template_arg
                0x080090c0       0x58 D:/rj/arm-gnu-toolchain-14.2.rel1-mingw-w64-x86_64-arm-none-eabi/bin/../lib/gcc/arm-none-eabi/14.2.1/thumb/v7e-m+fp/hard\libstdc++.a(cp-demangle.o)
 .text.d_print_comp_inner
                0x08009118     0x2b8c D:/rj/arm-gnu-toolchain-14.2.rel1-mingw-w64-x86_64-arm-none-eabi/bin/../lib/gcc/arm-none-eabi/14.2.1/thumb/v7e-m+fp/hard\libstdc++.a(cp-demangle.o)
 .text.d_print_comp
                0x0800bca4       0x5c D:/rj/arm-gnu-toolchain-14.2.rel1-mingw-w64-x86_64-arm-none-eabi/bin/../lib/gcc/arm-none-eabi/14.2.1/thumb/v7e-m+fp/hard\libstdc++.a(cp-demangle.o)
 .text.d_print_mod
                0x0800bd00      0x738 D:/rj/arm-gnu-toolchain-14.2.rel1-mingw-w64-x86_64-arm-none-eabi/bin/../lib/gcc/arm-none-eabi/14.2.1/thumb/v7e-m+fp/hard\libstdc++.a(cp-demangle.o)
 .text.d_print_function_type
                0x0800c438      0x260 D:/rj/arm-gnu-toolchain-14.2.rel1-mingw-w64-x86_64-arm-none-eabi/bin/../lib/gcc/arm-none-eabi/14.2.1/thumb/v7e-m+fp/hard\libstdc++.a(cp-demangle.o)
 .text.d_print_mod_list
                0x0800c698      0x2b8 D:/rj/arm-gnu-toolchain-14.2.rel1-mingw-w64-x86_64-arm-none-eabi/bin/../lib/gcc/arm-none-eabi/14.2.1/thumb/v7e-m+fp/hard\libstdc++.a(cp-demangle.o)
 .text.d_print_array_type
                0x0800c950      0x1d4 D:/rj/arm-gnu-toolchain-14.2.rel1-mingw-w64-x86_64-arm-none-eabi/bin/../lib/gcc/arm-none-eabi/14.2.1/thumb/v7e-m+fp/hard\libstdc++.a(cp-demangle.o)
 .text.d_print_expr_op
                0x0800cb24       0x7c D:/rj/arm-gnu-toolchain-14.2.rel1-mingw-w64-x86_64-arm-none-eabi/bin/../lib/gcc/arm-none-eabi/14.2.1/thumb/v7e-m+fp/hard\libstdc++.a(cp-demangle.o)
 .text.d_demangle_callback.constprop.0
                0x0800cba0      0x380 D:/rj/arm-gnu-toolchain-14.2.rel1-mingw-w64-x86_64-arm-none-eabi/bin/../lib/gcc/arm-none-eabi/14.2.1/thumb/v7e-m+fp/hard\libstdc++.a(cp-demangle.o)
 .text.d_print_subexpr
                0x0800cf20      0x114 D:/rj/arm-gnu-toolchain-14.2.rel1-mingw-w64-x86_64-arm-none-eabi/bin/../lib/gcc/arm-none-eabi/14.2.1/thumb/v7e-m+fp/hard\libstdc++.a(cp-demangle.o)
 .text.d_maybe_print_fold_expression
                0x0800d034      0x288 D:/rj/arm-gnu-toolchain-14.2.rel1-mingw-w64-x86_64-arm-none-eabi/bin/../lib/gcc/arm-none-eabi/14.2.1/thumb/v7e-m+fp/hard\libstdc++.a(cp-demangle.o)
 .text.d_maybe_print_designated_init
                0x0800d2bc      0x1fc D:/rj/arm-gnu-toolchain-14.2.rel1-mingw-w64-x86_64-arm-none-eabi/bin/../lib/gcc/arm-none-eabi/14.2.1/thumb/v7e-m+fp/hard\libstdc++.a(cp-demangle.o)
 .text.__cxa_demangle
                0x0800d4b8       0xc0 D:/rj/arm-gnu-toolchain-14.2.rel1-mingw-w64-x86_64-arm-none-eabi/bin/../lib/gcc/arm-none-eabi/14.2.1/thumb/v7e-m+fp/hard\libstdc++.a(cp-demangle.o)
                0x0800d4b8                __cxa_demangle
 .text._ZdlPv   0x0800d578        0x4 D:/rj/arm-gnu-toolchain-14.2.rel1-mingw-w64-x86_64-arm-none-eabi/bin/../lib/gcc/arm-none-eabi/14.2.1/thumb/v7e-m+fp/hard\libstdc++.a(del_op.o)
                0x0800d578                operator delete(void*)
 .text._ZN12_GLOBAL__N_14pool4freeEPv.constprop.0
                0x0800d57c       0x8c D:/rj/arm-gnu-toolchain-14.2.rel1-mingw-w64-x86_64-arm-none-eabi/bin/../lib/gcc/arm-none-eabi/14.2.1/thumb/v7e-m+fp/hard\libstdc++.a(eh_alloc.o)
 .text._ZN12_GLOBAL__N_14pool8allocateEj.constprop.0
                0x0800d608       0x5c D:/rj/arm-gnu-toolchain-14.2.rel1-mingw-w64-x86_64-arm-none-eabi/bin/../lib/gcc/arm-none-eabi/14.2.1/thumb/v7e-m+fp/hard\libstdc++.a(eh_alloc.o)
 .text.__cxa_allocate_exception
                0x0800d664       0x30 D:/rj/arm-gnu-toolchain-14.2.rel1-mingw-w64-x86_64-arm-none-eabi/bin/../lib/gcc/arm-none-eabi/14.2.1/thumb/v7e-m+fp/hard\libstdc++.a(eh_alloc.o)
                0x0800d664                __cxa_allocate_exception
 .text.__cxa_free_exception
                0x0800d694       0x20 D:/rj/arm-gnu-toolchain-14.2.rel1-mingw-w64-x86_64-arm-none-eabi/bin/../lib/gcc/arm-none-eabi/14.2.1/thumb/v7e-m+fp/hard\libstdc++.a(eh_alloc.o)
                0x0800d694                __cxa_free_exception
 .text.startup._GLOBAL__sub_I__ZN9__gnu_cxx9__freeresEv
                0x0800d6b4       0xf0 D:/rj/arm-gnu-toolchain-14.2.rel1-mingw-w64-x86_64-arm-none-eabi/bin/../lib/gcc/arm-none-eabi/14.2.1/thumb/v7e-m+fp/hard\libstdc++.a(eh_alloc.o)
 .text.unlikely._ZN10__cxxabiv1L24__is_gxx_exception_classEPc
                0x0800d7a4       0x3a D:/rj/arm-gnu-toolchain-14.2.rel1-mingw-w64-x86_64-arm-none-eabi/bin/../lib/gcc/arm-none-eabi/14.2.1/thumb/v7e-m+fp/hard\libstdc++.a(eh_call.o)
 .text.unlikely.__cxa_call_terminate
                0x0800d7de       0x1e D:/rj/arm-gnu-toolchain-14.2.rel1-mingw-w64-x86_64-arm-none-eabi/bin/../lib/gcc/arm-none-eabi/14.2.1/thumb/v7e-m+fp/hard\libstdc++.a(eh_call.o)
                0x0800d7de                __cxa_call_terminate
 .text.unlikely.__cxa_call_unexpected
                0x0800d7fc       0xd8 D:/rj/arm-gnu-toolchain-14.2.rel1-mingw-w64-x86_64-arm-none-eabi/bin/../lib/gcc/arm-none-eabi/14.2.1/thumb/v7e-m+fp/hard\libstdc++.a(eh_call.o)
                0x0800d7fc                __cxa_call_unexpected
 .text.__cxa_begin_catch
                0x0800d8d4       0x7c D:/rj/arm-gnu-toolchain-14.2.rel1-mingw-w64-x86_64-arm-none-eabi/bin/../lib/gcc/arm-none-eabi/14.2.1/thumb/v7e-m+fp/hard\libstdc++.a(eh_catch.o)
                0x0800d8d4                __cxa_begin_catch
 .text.__cxa_end_catch
                0x0800d950       0x8c D:/rj/arm-gnu-toolchain-14.2.rel1-mingw-w64-x86_64-arm-none-eabi/bin/../lib/gcc/arm-none-eabi/14.2.1/thumb/v7e-m+fp/hard\libstdc++.a(eh_catch.o)
                0x0800d950                __cxa_end_catch
 .text._ZL23__gxx_exception_cleanup19_Unwind_Reason_CodeP21_Unwind_Control_Block
                0x0800d9dc       0x44 D:/rj/arm-gnu-toolchain-14.2.rel1-mingw-w64-x86_64-arm-none-eabi/bin/../lib/gcc/arm-none-eabi/14.2.1/thumb/v7e-m+fp/hard\libstdc++.a(eh_throw.o)
 .text.__cxa_init_primary_exception
                0x0800da20       0x44 D:/rj/arm-gnu-toolchain-14.2.rel1-mingw-w64-x86_64-arm-none-eabi/bin/../lib/gcc/arm-none-eabi/14.2.1/thumb/v7e-m+fp/hard\libstdc++.a(eh_throw.o)
                0x0800da20                __cxa_init_primary_exception
 .text.__cxa_throw
                0x0800da64       0x34 D:/rj/arm-gnu-toolchain-14.2.rel1-mingw-w64-x86_64-arm-none-eabi/bin/../lib/gcc/arm-none-eabi/14.2.1/thumb/v7e-m+fp/hard\libstdc++.a(eh_throw.o)
                0x0800da64                __cxa_throw
 .text.__cxa_rethrow
                0x0800da98       0x70 D:/rj/arm-gnu-toolchain-14.2.rel1-mingw-w64-x86_64-arm-none-eabi/bin/../lib/gcc/arm-none-eabi/14.2.1/thumb/v7e-m+fp/hard\libstdc++.a(eh_throw.o)
                0x0800da98                __cxa_rethrow
 .text.__cxa_current_exception_type
                0x0800db08       0x1c D:/rj/arm-gnu-toolchain-14.2.rel1-mingw-w64-x86_64-arm-none-eabi/bin/../lib/gcc/arm-none-eabi/14.2.1/thumb/v7e-m+fp/hard\libstdc++.a(eh_type.o)
                0x0800db08                __cxa_current_exception_type
 .text._ZSt15get_new_handlerv
                0x0800db24       0x10 D:/rj/arm-gnu-toolchain-14.2.rel1-mingw-w64-x86_64-arm-none-eabi/bin/../lib/gcc/arm-none-eabi/14.2.1/thumb/v7e-m+fp/hard\libstdc++.a(new_handler.o)
                0x0800db24                std::get_new_handler()
 .text.__udivmoddi4
                0x0800db34      0x2f8 D:/rj/arm-gnu-toolchain-14.2.rel1-mingw-w64-x86_64-arm-none-eabi/bin/../lib/gcc/arm-none-eabi/14.2.1/thumb/v7e-m+fp/hard\libgcc.a(_udivmoddi4.o)
                0x0800db34                __udivmoddi4
 .text.selfrel_offset31
                0x0800de2c       0x14 D:/rj/arm-gnu-toolchain-14.2.rel1-mingw-w64-x86_64-arm-none-eabi/bin/../lib/gcc/arm-none-eabi/14.2.1/thumb/v7e-m+fp/hard\libgcc.a(unwind-arm.o)
 .text.search_EIT_table
                0x0800de40       0x68 D:/rj/arm-gnu-toolchain-14.2.rel1-mingw-w64-x86_64-arm-none-eabi/bin/../lib/gcc/arm-none-eabi/14.2.1/thumb/v7e-m+fp/hard\libgcc.a(unwind-arm.o)
 .text.__gnu_unwind_get_pr_addr
                0x0800dea8       0x28 D:/rj/arm-gnu-toolchain-14.2.rel1-mingw-w64-x86_64-arm-none-eabi/bin/../lib/gcc/arm-none-eabi/14.2.1/thumb/v7e-m+fp/hard\libgcc.a(unwind-arm.o)
 .text.get_eit_entry
                0x0800ded0       0x98 D:/rj/arm-gnu-toolchain-14.2.rel1-mingw-w64-x86_64-arm-none-eabi/bin/../lib/gcc/arm-none-eabi/14.2.1/thumb/v7e-m+fp/hard\libgcc.a(unwind-arm.o)
 .text.restore_non_core_regs
                0x0800df68       0x58 D:/rj/arm-gnu-toolchain-14.2.rel1-mingw-w64-x86_64-arm-none-eabi/bin/../lib/gcc/arm-none-eabi/14.2.1/thumb/v7e-m+fp/hard\libgcc.a(unwind-arm.o)
 .text._Unwind_decode_typeinfo_ptr.constprop.0
                0x0800dfc0        0xc D:/rj/arm-gnu-toolchain-14.2.rel1-mingw-w64-x86_64-arm-none-eabi/bin/../lib/gcc/arm-none-eabi/14.2.1/thumb/v7e-m+fp/hard\libgcc.a(unwind-arm.o)
 .text._Unwind_DebugHook
                0x0800dfcc        0x4 D:/rj/arm-gnu-toolchain-14.2.rel1-mingw-w64-x86_64-arm-none-eabi/bin/../lib/gcc/arm-none-eabi/14.2.1/thumb/v7e-m+fp/hard\libgcc.a(unwind-arm.o)
 .text.unwind_phase2
                0x0800dfd0       0x3c D:/rj/arm-gnu-toolchain-14.2.rel1-mingw-w64-x86_64-arm-none-eabi/bin/../lib/gcc/arm-none-eabi/14.2.1/thumb/v7e-m+fp/hard\libgcc.a(unwind-arm.o)
 .text.unwind_phase2_forced
                0x0800e00c       0xdc D:/rj/arm-gnu-toolchain-14.2.rel1-mingw-w64-x86_64-arm-none-eabi/bin/../lib/gcc/arm-none-eabi/14.2.1/thumb/v7e-m+fp/hard\libgcc.a(unwind-arm.o)
 .text.__gnu_Unwind_RaiseException
                0x0800e0e8       0x6c D:/rj/arm-gnu-toolchain-14.2.rel1-mingw-w64-x86_64-arm-none-eabi/bin/../lib/gcc/arm-none-eabi/14.2.1/thumb/v7e-m+fp/hard\libgcc.a(unwind-arm.o)
                0x0800e0e8                __gnu_Unwind_RaiseException
 .text.__gnu_Unwind_ForcedUnwind
                0x0800e154       0x10 D:/rj/arm-gnu-toolchain-14.2.rel1-mingw-w64-x86_64-arm-none-eabi/bin/../lib/gcc/arm-none-eabi/14.2.1/thumb/v7e-m+fp/hard\libgcc.a(unwind-arm.o)
                0x0800e154                __gnu_Unwind_ForcedUnwind
 .text.__gnu_Unwind_Resume
                0x0800e164       0x44 D:/rj/arm-gnu-toolchain-14.2.rel1-mingw-w64-x86_64-arm-none-eabi/bin/../lib/gcc/arm-none-eabi/14.2.1/thumb/v7e-m+fp/hard\libgcc.a(unwind-arm.o)
                0x0800e164                __gnu_Unwind_Resume
 .text.__gnu_Unwind_Resume_or_Rethrow
                0x0800e1a8       0x1c D:/rj/arm-gnu-toolchain-14.2.rel1-mingw-w64-x86_64-arm-none-eabi/bin/../lib/gcc/arm-none-eabi/14.2.1/thumb/v7e-m+fp/hard\libgcc.a(unwind-arm.o)
                0x0800e1a8                __gnu_Unwind_Resume_or_Rethrow
 .text._Unwind_Complete
                0x0800e1c4        0x4 D:/rj/arm-gnu-toolchain-14.2.rel1-mingw-w64-x86_64-arm-none-eabi/bin/../lib/gcc/arm-none-eabi/14.2.1/thumb/v7e-m+fp/hard\libgcc.a(unwind-arm.o)
                0x0800e1c4                _Unwind_Complete
 .text._Unwind_DeleteException
                0x0800e1c8        0xc D:/rj/arm-gnu-toolchain-14.2.rel1-mingw-w64-x86_64-arm-none-eabi/bin/../lib/gcc/arm-none-eabi/14.2.1/thumb/v7e-m+fp/hard\libgcc.a(unwind-arm.o)
                0x0800e1c8                _Unwind_DeleteException
 .text._Unwind_VRS_Get
                0x0800e1d4       0x34 D:/rj/arm-gnu-toolchain-14.2.rel1-mingw-w64-x86_64-arm-none-eabi/bin/../lib/gcc/arm-none-eabi/14.2.1/thumb/v7e-m+fp/hard\libgcc.a(unwind-arm.o)
                0x0800e1d4                _Unwind_VRS_Get
 .text._Unwind_GetGR
                0x0800e208       0x1c D:/rj/arm-gnu-toolchain-14.2.rel1-mingw-w64-x86_64-arm-none-eabi/bin/../lib/gcc/arm-none-eabi/14.2.1/thumb/v7e-m+fp/hard\libgcc.a(unwind-arm.o)
 .text._Unwind_VRS_Set
                0x0800e224       0x34 D:/rj/arm-gnu-toolchain-14.2.rel1-mingw-w64-x86_64-arm-none-eabi/bin/../lib/gcc/arm-none-eabi/14.2.1/thumb/v7e-m+fp/hard\libgcc.a(unwind-arm.o)
                0x0800e224                _Unwind_VRS_Set
 .text._Unwind_SetGR
                0x0800e258       0x18 D:/rj/arm-gnu-toolchain-14.2.rel1-mingw-w64-x86_64-arm-none-eabi/bin/../lib/gcc/arm-none-eabi/14.2.1/thumb/v7e-m+fp/hard\libgcc.a(unwind-arm.o)
 .text.__gnu_Unwind_Backtrace
                0x0800e270       0x90 D:/rj/arm-gnu-toolchain-14.2.rel1-mingw-w64-x86_64-arm-none-eabi/bin/../lib/gcc/arm-none-eabi/14.2.1/thumb/v7e-m+fp/hard\libgcc.a(unwind-arm.o)
                0x0800e270                __gnu_Unwind_Backtrace
 .text.__gnu_unwind_pr_common
                0x0800e300      0x2a8 D:/rj/arm-gnu-toolchain-14.2.rel1-mingw-w64-x86_64-arm-none-eabi/bin/../lib/gcc/arm-none-eabi/14.2.1/thumb/v7e-m+fp/hard\libgcc.a(unwind-arm.o)
 .text.__aeabi_unwind_cpp_pr0
                0x0800e5a8        0x8 D:/rj/arm-gnu-toolchain-14.2.rel1-mingw-w64-x86_64-arm-none-eabi/bin/../lib/gcc/arm-none-eabi/14.2.1/thumb/v7e-m+fp/hard\libgcc.a(unwind-arm.o)
                0x0800e5a8                __aeabi_unwind_cpp_pr0
 .text.__aeabi_unwind_cpp_pr1
                0x0800e5b0        0x8 D:/rj/arm-gnu-toolchain-14.2.rel1-mingw-w64-x86_64-arm-none-eabi/bin/../lib/gcc/arm-none-eabi/14.2.1/thumb/v7e-m+fp/hard\libgcc.a(unwind-arm.o)
                0x0800e5b0                __aeabi_unwind_cpp_pr1
 .text.__aeabi_unwind_cpp_pr2
                0x0800e5b8        0x8 D:/rj/arm-gnu-toolchain-14.2.rel1-mingw-w64-x86_64-arm-none-eabi/bin/../lib/gcc/arm-none-eabi/14.2.1/thumb/v7e-m+fp/hard\libgcc.a(unwind-arm.o)
                0x0800e5b8                __aeabi_unwind_cpp_pr2
 .text._Unwind_VRS_Pop
                0x0800e5c0      0x2ec D:/rj/arm-gnu-toolchain-14.2.rel1-mingw-w64-x86_64-arm-none-eabi/bin/../lib/gcc/arm-none-eabi/14.2.1/thumb/v7e-m+fp/hard\libgcc.a(unwind-arm.o)
                0x0800e5c0                _Unwind_VRS_Pop
 .text.next_unwind_byte
                0x0800e8ac       0x38 D:/rj/arm-gnu-toolchain-14.2.rel1-mingw-w64-x86_64-arm-none-eabi/bin/../lib/gcc/arm-none-eabi/14.2.1/thumb/v7e-m+fp/hard\libgcc.a(pr-support.o)
 .text._Unwind_GetGR.constprop.0
                0x0800e8e4       0x1c D:/rj/arm-gnu-toolchain-14.2.rel1-mingw-w64-x86_64-arm-none-eabi/bin/../lib/gcc/arm-none-eabi/14.2.1/thumb/v7e-m+fp/hard\libgcc.a(pr-support.o)
 .text.unwind_UCB_from_context
                0x0800e900        0x4 D:/rj/arm-gnu-toolchain-14.2.rel1-mingw-w64-x86_64-arm-none-eabi/bin/../lib/gcc/arm-none-eabi/14.2.1/thumb/v7e-m+fp/hard\libgcc.a(pr-support.o)
 .text.__gnu_unwind_execute
                0x0800e904      0x300 D:/rj/arm-gnu-toolchain-14.2.rel1-mingw-w64-x86_64-arm-none-eabi/bin/../lib/gcc/arm-none-eabi/14.2.1/thumb/v7e-m+fp/hard\libgcc.a(pr-support.o)
                0x0800e904                __gnu_unwind_execute
 .text.__gnu_unwind_frame
                0x0800ec04       0x2c D:/rj/arm-gnu-toolchain-14.2.rel1-mingw-w64-x86_64-arm-none-eabi/bin/../lib/gcc/arm-none-eabi/14.2.1/thumb/v7e-m+fp/hard\libgcc.a(pr-support.o)
                0x0800ec04                __gnu_unwind_frame
 .text._Unwind_GetRegionStart
                0x0800ec30        0xc D:/rj/arm-gnu-toolchain-14.2.rel1-mingw-w64-x86_64-arm-none-eabi/bin/../lib/gcc/arm-none-eabi/14.2.1/thumb/v7e-m+fp/hard\libgcc.a(pr-support.o)
                0x0800ec30                _Unwind_GetRegionStart
 .text._Unwind_GetLanguageSpecificData
                0x0800ec3c       0x14 D:/rj/arm-gnu-toolchain-14.2.rel1-mingw-w64-x86_64-arm-none-eabi/bin/../lib/gcc/arm-none-eabi/14.2.1/thumb/v7e-m+fp/hard\libgcc.a(pr-support.o)
                0x0800ec3c                _Unwind_GetLanguageSpecificData
 .text.unlikely._Unwind_GetDataRelBase
                0x0800ec50        0x6 D:/rj/arm-gnu-toolchain-14.2.rel1-mingw-w64-x86_64-arm-none-eabi/bin/../lib/gcc/arm-none-eabi/14.2.1/thumb/v7e-m+fp/hard\libgcc.a(pr-support.o)
                0x0800ec50                _Unwind_GetDataRelBase
 .text.unlikely._Unwind_GetTextRelBase
                0x0800ec56        0x6 D:/rj/arm-gnu-toolchain-14.2.rel1-mingw-w64-x86_64-arm-none-eabi/bin/../lib/gcc/arm-none-eabi/14.2.1/thumb/v7e-m+fp/hard\libgcc.a(pr-support.o)
                0x0800ec56                _Unwind_GetTextRelBase
 .text.abort    0x0800ec5c       0x10 D:/rj/arm-gnu-toolchain-14.2.rel1-mingw-w64-x86_64-arm-none-eabi/bin/../lib/gcc/arm-none-eabi/14.2.1/thumb/v7e-m+fp/hard\libc.a(libc_a-abort.o)
                0x0800ec5c                abort
 .text.getenv   0x0800ec6c       0x1c D:/rj/arm-gnu-toolchain-14.2.rel1-mingw-w64-x86_64-arm-none-eabi/bin/../lib/gcc/arm-none-eabi/14.2.1/thumb/v7e-m+fp/hard\libc.a(libc_a-getenv.o)
                0x0800ec6c                getenv
 .text._findenv_r
                0x0800ec88       0x80 D:/rj/arm-gnu-toolchain-14.2.rel1-mingw-w64-x86_64-arm-none-eabi/bin/../lib/gcc/arm-none-eabi/14.2.1/thumb/v7e-m+fp/hard\libc.a(libc_a-getenv_r.o)
                0x0800ec88                _findenv_r
 .text.malloc   0x0800ed08       0x10 D:/rj/arm-gnu-toolchain-14.2.rel1-mingw-w64-x86_64-arm-none-eabi/bin/../lib/gcc/arm-none-eabi/14.2.1/thumb/v7e-m+fp/hard\libc.a(libc_a-malloc.o)
                0x0800ed08                malloc
 .text.free     0x0800ed18       0x10 D:/rj/arm-gnu-toolchain-14.2.rel1-mingw-w64-x86_64-arm-none-eabi/bin/../lib/gcc/arm-none-eabi/14.2.1/thumb/v7e-m+fp/hard\libc.a(libc_a-malloc.o)
                0x0800ed18                free
 .text._malloc_r
                0x0800ed28      0x598 D:/rj/arm-gnu-toolchain-14.2.rel1-mingw-w64-x86_64-arm-none-eabi/bin/../lib/gcc/arm-none-eabi/14.2.1/thumb/v7e-m+fp/hard\libc.a(libc_a-mallocr.o)
                0x0800ed28                _malloc_r
 .text.__malloc_lock
                0x0800f2c0        0xc D:/rj/arm-gnu-toolchain-14.2.rel1-mingw-w64-x86_64-arm-none-eabi/bin/../lib/gcc/arm-none-eabi/14.2.1/thumb/v7e-m+fp/hard\libc.a(libc_a-mlock.o)
                0x0800f2c0                __malloc_lock
 .text.__malloc_unlock
                0x0800f2cc        0xc D:/rj/arm-gnu-toolchain-14.2.rel1-mingw-w64-x86_64-arm-none-eabi/bin/../lib/gcc/arm-none-eabi/14.2.1/thumb/v7e-m+fp/hard\libc.a(libc_a-mlock.o)
                0x0800f2cc                __malloc_unlock
 .text.realloc  0x0800f2d8       0x18 D:/rj/arm-gnu-toolchain-14.2.rel1-mingw-w64-x86_64-arm-none-eabi/bin/../lib/gcc/arm-none-eabi/14.2.1/thumb/v7e-m+fp/hard\libc.a(libc_a-realloc.o)
                0x0800f2d8                realloc
 .text._realloc_r
                0x0800f2f0      0x348 D:/rj/arm-gnu-toolchain-14.2.rel1-mingw-w64-x86_64-arm-none-eabi/bin/../lib/gcc/arm-none-eabi/14.2.1/thumb/v7e-m+fp/hard\libc.a(libc_a-reallocr.o)
                0x0800f2f0                _realloc_r
 .text._strtoul_l.isra.0
                0x0800f638      0x134 D:/rj/arm-gnu-toolchain-14.2.rel1-mingw-w64-x86_64-arm-none-eabi/bin/../lib/gcc/arm-none-eabi/14.2.1/thumb/v7e-m+fp/hard\libc.a(libc_a-strtoul.o)
 .text.strtoul  0x0800f76c       0x1c D:/rj/arm-gnu-toolchain-14.2.rel1-mingw-w64-x86_64-arm-none-eabi/bin/../lib/gcc/arm-none-eabi/14.2.1/thumb/v7e-m+fp/hard\libc.a(libc_a-strtoul.o)
                0x0800f76c                strtoul
 .text.stdio_exit_handler
                0x0800f788       0x18 D:/rj/arm-gnu-toolchain-14.2.rel1-mingw-w64-x86_64-arm-none-eabi/bin/../lib/gcc/arm-none-eabi/14.2.1/thumb/v7e-m+fp/hard\libc.a(libc_a-findfp.o)
 .text.cleanup_stdio
                0x0800f7a0       0x40 D:/rj/arm-gnu-toolchain-14.2.rel1-mingw-w64-x86_64-arm-none-eabi/bin/../lib/gcc/arm-none-eabi/14.2.1/thumb/v7e-m+fp/hard\libc.a(libc_a-findfp.o)
 .text.global_stdio_init.part.0
                0x0800f7e0       0xf0 D:/rj/arm-gnu-toolchain-14.2.rel1-mingw-w64-x86_64-arm-none-eabi/bin/../lib/gcc/arm-none-eabi/14.2.1/thumb/v7e-m+fp/hard\libc.a(libc_a-findfp.o)
 .text.__sinit  0x0800f8d0       0x3c D:/rj/arm-gnu-toolchain-14.2.rel1-mingw-w64-x86_64-arm-none-eabi/bin/../lib/gcc/arm-none-eabi/14.2.1/thumb/v7e-m+fp/hard\libc.a(libc_a-findfp.o)
                0x0800f8d0                __sinit
 .text.__sfp_lock_acquire
                0x0800f90c        0xc D:/rj/arm-gnu-toolchain-14.2.rel1-mingw-w64-x86_64-arm-none-eabi/bin/../lib/gcc/arm-none-eabi/14.2.1/thumb/v7e-m+fp/hard\libc.a(libc_a-findfp.o)
                0x0800f90c                __sfp_lock_acquire
 .text.__sfp_lock_release
                0x0800f918        0xc D:/rj/arm-gnu-toolchain-14.2.rel1-mingw-w64-x86_64-arm-none-eabi/bin/../lib/gcc/arm-none-eabi/14.2.1/thumb/v7e-m+fp/hard\libc.a(libc_a-findfp.o)
                0x0800f918                __sfp_lock_release
 .text.fputc    0x0800f924       0x58 D:/rj/arm-gnu-toolchain-14.2.rel1-mingw-w64-x86_64-arm-none-eabi/bin/../lib/gcc/arm-none-eabi/14.2.1/thumb/v7e-m+fp/hard\libc.a(libc_a-fputc.o)
                0x0800f924                fputc
 .text._fputs_r
                0x0800f97c       0xa8 D:/rj/arm-gnu-toolchain-14.2.rel1-mingw-w64-x86_64-arm-none-eabi/bin/../lib/gcc/arm-none-eabi/14.2.1/thumb/v7e-m+fp/hard\libc.a(libc_a-fputs.o)
                0x0800f97c                _fputs_r
 .text.fputs    0x0800fa24       0x18 D:/rj/arm-gnu-toolchain-14.2.rel1-mingw-w64-x86_64-arm-none-eabi/bin/../lib/gcc/arm-none-eabi/14.2.1/thumb/v7e-m+fp/hard\libc.a(libc_a-fputs.o)
                0x0800fa24                fputs
 .text.__sfvwrite_r
                0x0800fa3c      0x2e4 D:/rj/arm-gnu-toolchain-14.2.rel1-mingw-w64-x86_64-arm-none-eabi/bin/../lib/gcc/arm-none-eabi/14.2.1/thumb/v7e-m+fp/hard\libc.a(libc_a-fvwrite.o)
                0x0800fa3c                __sfvwrite_r
 .text._fwalk_sglue
                0x0800fd20       0x44 D:/rj/arm-gnu-toolchain-14.2.rel1-mingw-w64-x86_64-arm-none-eabi/bin/../lib/gcc/arm-none-eabi/14.2.1/thumb/v7e-m+fp/hard\libc.a(libc_a-fwalk.o)
                0x0800fd20                _fwalk_sglue
 .text._fwrite_r
                0x0800fd64       0xd8 D:/rj/arm-gnu-toolchain-14.2.rel1-mingw-w64-x86_64-arm-none-eabi/bin/../lib/gcc/arm-none-eabi/14.2.1/thumb/v7e-m+fp/hard\libc.a(libc_a-fwrite.o)
                0x0800fd64                _fwrite_r
 .text.fwrite   0x0800fe3c       0x20 D:/rj/arm-gnu-toolchain-14.2.rel1-mingw-w64-x86_64-arm-none-eabi/bin/../lib/gcc/arm-none-eabi/14.2.1/thumb/v7e-m+fp/hard\libc.a(libc_a-fwrite.o)
                0x0800fe3c                fwrite
 .text._putc_r  0x0800fe5c       0x78 D:/rj/arm-gnu-toolchain-14.2.rel1-mingw-w64-x86_64-arm-none-eabi/bin/../lib/gcc/arm-none-eabi/14.2.1/thumb/v7e-m+fp/hard\libc.a(libc_a-putc.o)
                0x0800fe5c                _putc_r
 .text.sprintf  0x0800fed4       0x44 D:/rj/arm-gnu-toolchain-14.2.rel1-mingw-w64-x86_64-arm-none-eabi/bin/../lib/gcc/arm-none-eabi/14.2.1/thumb/v7e-m+fp/hard\libc.a(libc_a-sprintf.o)
                0x0800fed4                sprintf
 .text.__sread  0x0800ff18       0x24 D:/rj/arm-gnu-toolchain-14.2.rel1-mingw-w64-x86_64-arm-none-eabi/bin/../lib/gcc/arm-none-eabi/14.2.1/thumb/v7e-m+fp/hard\libc.a(libc_a-stdio.o)
                0x0800ff18                __sread
 .text.__swrite
                0x0800ff3c       0x40 D:/rj/arm-gnu-toolchain-14.2.rel1-mingw-w64-x86_64-arm-none-eabi/bin/../lib/gcc/arm-none-eabi/14.2.1/thumb/v7e-m+fp/hard\libc.a(libc_a-stdio.o)
                0x0800ff3c                __swrite
 .text.__sseek  0x0800ff7c       0x24 D:/rj/arm-gnu-toolchain-14.2.rel1-mingw-w64-x86_64-arm-none-eabi/bin/../lib/gcc/arm-none-eabi/14.2.1/thumb/v7e-m+fp/hard\libc.a(libc_a-stdio.o)
                0x0800ff7c                __sseek
 .text.__sclose
                0x0800ffa0        0x8 D:/rj/arm-gnu-toolchain-14.2.rel1-mingw-w64-x86_64-arm-none-eabi/bin/../lib/gcc/arm-none-eabi/14.2.1/thumb/v7e-m+fp/hard\libc.a(libc_a-stdio.o)
                0x0800ffa0                __sclose
 .text.vsnprintf
                0x0800ffa8       0x78 D:/rj/arm-gnu-toolchain-14.2.rel1-mingw-w64-x86_64-arm-none-eabi/bin/../lib/gcc/arm-none-eabi/14.2.1/thumb/v7e-m+fp/hard\libc.a(libc_a-vsnprintf.o)
                0x0800ffa8                vsnprintf
 .text.__swbuf_r
                0x08010020       0xac D:/rj/arm-gnu-toolchain-14.2.rel1-mingw-w64-x86_64-arm-none-eabi/bin/../lib/gcc/arm-none-eabi/14.2.1/thumb/v7e-m+fp/hard\libc.a(libc_a-wbuf.o)
                0x08010020                __swbuf_r
 .text.__swsetup_r
                0x080100cc       0xfc D:/rj/arm-gnu-toolchain-14.2.rel1-mingw-w64-x86_64-arm-none-eabi/bin/../lib/gcc/arm-none-eabi/14.2.1/thumb/v7e-m+fp/hard\libc.a(libc_a-wsetup.o)
                0x080100cc                __swsetup_r
 .text.memcmp   0x080101c8       0x5c D:/rj/arm-gnu-toolchain-14.2.rel1-mingw-w64-x86_64-arm-none-eabi/bin/../lib/gcc/arm-none-eabi/14.2.1/thumb/v7e-m+fp/hard\libc.a(libc_a-memcmp.o)
                0x080101c8                memcmp
 .text.memmove  0x08010224       0xf8 D:/rj/arm-gnu-toolchain-14.2.rel1-mingw-w64-x86_64-arm-none-eabi/bin/../lib/gcc/arm-none-eabi/14.2.1/thumb/v7e-m+fp/hard\libc.a(libc_a-memmove.o)
                0x08010224                memmove
 .text.memset   0x0801031c       0x9c D:/rj/arm-gnu-toolchain-14.2.rel1-mingw-w64-x86_64-arm-none-eabi/bin/../lib/gcc/arm-none-eabi/14.2.1/thumb/v7e-m+fp/hard\libc.a(libc_a-memset.o)
                0x0801031c                memset
 .text.strchr   0x080103b8       0xd0 D:/rj/arm-gnu-toolchain-14.2.rel1-mingw-w64-x86_64-arm-none-eabi/bin/../lib/gcc/arm-none-eabi/14.2.1/thumb/v7e-m+fp/hard\libc.a(libc_a-strchr.o)
                0x080103b8                strchr
 .text.strncmp  0x08010488       0x78 D:/rj/arm-gnu-toolchain-14.2.rel1-mingw-w64-x86_64-arm-none-eabi/bin/../lib/gcc/arm-none-eabi/14.2.1/thumb/v7e-m+fp/hard\libc.a(libc_a-strncmp.o)
                0x08010488                strncmp
 .text.raise    0x08010500       0x58 D:/rj/arm-gnu-toolchain-14.2.rel1-mingw-w64-x86_64-arm-none-eabi/bin/../lib/gcc/arm-none-eabi/14.2.1/thumb/v7e-m+fp/hard\libc.a(libc_a-signal.o)
                0x08010500                raise
 .text._close_r
                0x08010558       0x24 D:/rj/arm-gnu-toolchain-14.2.rel1-mingw-w64-x86_64-arm-none-eabi/bin/../lib/gcc/arm-none-eabi/14.2.1/thumb/v7e-m+fp/hard\libc.a(libc_a-closer.o)
                0x08010558                _close_r
 .text._reclaim_reent
                0x0801057c       0x6c D:/rj/arm-gnu-toolchain-14.2.rel1-mingw-w64-x86_64-arm-none-eabi/bin/../lib/gcc/arm-none-eabi/14.2.1/thumb/v7e-m+fp/hard\libc.a(libc_a-reent.o)
                0x0801057c                _reclaim_reent
 .text._lseek_r
                0x080105e8       0x2c D:/rj/arm-gnu-toolchain-14.2.rel1-mingw-w64-x86_64-arm-none-eabi/bin/../lib/gcc/arm-none-eabi/14.2.1/thumb/v7e-m+fp/hard\libc.a(libc_a-lseekr.o)
                0x080105e8                _lseek_r
 .text._read_r  0x08010614       0x2c D:/rj/arm-gnu-toolchain-14.2.rel1-mingw-w64-x86_64-arm-none-eabi/bin/../lib/gcc/arm-none-eabi/14.2.1/thumb/v7e-m+fp/hard\libc.a(libc_a-readr.o)
                0x08010614                _read_r
 .text._kill_r  0x08010640       0x2c D:/rj/arm-gnu-toolchain-14.2.rel1-mingw-w64-x86_64-arm-none-eabi/bin/../lib/gcc/arm-none-eabi/14.2.1/thumb/v7e-m+fp/hard\libc.a(libc_a-signalr.o)
                0x08010640                _kill_r
 .text._getpid_r
                0x0801066c        0x4 D:/rj/arm-gnu-toolchain-14.2.rel1-mingw-w64-x86_64-arm-none-eabi/bin/../lib/gcc/arm-none-eabi/14.2.1/thumb/v7e-m+fp/hard\libc.a(libc_a-signalr.o)
                0x0801066c                _getpid_r